06-14 21:44:56.077 E/DGFRR   ( 3506): 	at java.util.concurrent.FutureTask.run(FutureTask.java:264)
06-14 21:44:56.077 E/DGFRR   ( 3506): 	at bjnt.c(:com.google.android.gms@262031032@26.20.31 (190800-919905943):50)
06-14 21:44:56.077 E/DGFRR   ( 3506): 	at bjnt.run(:com.google.android.gms@262031032@26.20.31 (190800-919905943):66)
06-14 21:44:56.077 E/DGFRR   ( 3506): 	at java.util.concurrent.ThreadPoolExecutor.runWorker(ThreadPoolExecutor.java:1137)
06-14 21:44:56.077 E/DGFRR   ( 3506): 	at java.util.concurrent.ThreadPoolExecutor$Worker.run(ThreadPoolExecutor.java:637)
06-14 21:44:56.077 E/DGFRR   ( 3506): 	at bjtk.run(:com.google.android.gms@262031032@26.20.31 (190800-919905943):8)
06-14 21:44:56.077 E/DGFRR   ( 3506): 	at java.lang.Thread.run(Thread.java:1012)
06-14 21:44:56.077 E/DGFRR   ( 3506): Caused by: java.util.concurrent.ExecutionException: cyqh: Failed to process request
06-14 21:44:56.077 E/DGFRR   ( 3506): 	at lfi.n(:com.google.android.gms@262031032@26.20.31 (190800-919905943):21)
06-14 21:44:56.077 E/DGFRR   ( 3506): 	at lfi.get(:com.google.android.gms@262031032@26.20.31 (190800-919905943):99)
06-14 21:44:56.077 E/DGFRR   ( 3506): 	at lfn.get(:com.google.android.gms@262031032@26.20.31 (190800-919905943):8)
06-14 21:44:56.077 E/DGFRR   ( 3506): 	at bqfo.a(:com.google.android.gms@262031032@26.20.31 (190800-919905943):119)
06-14 21:44:56.077 E/DGFRR   ( 3506): 	... 13 more
06-14 21:44:56.077 E/DGFRR   ( 3506): Caused by: cyqh: Failed to process request
06-14 21:44:56.077 E/DGFRR   ( 3506): 	at cyqo.a(:com.google.android.gms@262031032@26.20.31 (190800-919905943):23)
06-14 21:44:56.077 E/DGFRR   ( 3506): 	at cyul.b(:com.google.android.gms@262031032@26.20.31 (190800-919905943):15)
06-14 21:44:56.077 E/DGFRR   ( 3506): 	at cyvc.onFailed(:com.google.android.gms@262031032@26.20.31 (190800-919905943):15)
06-14 21:44:56.077 E/DGFRR   ( 3506): 	at m1.no.onFailed(:com.google.android.gms.dynamite_cronetdynamite@262031032@26.20.31 (190800-0):3)
06-14 21:44:56.077 E/DGFRR   ( 3506): 	at m1.mk.run(:com.google.android.gms.dynamite_cronetdynamite@262031032@26.20.31 (190800-0):16)
06-14 21:44:56.077 E/DGFRR   ( 3506): 	... 6 more
06-14 21:44:56.077 E/DGFRR   ( 3506): Caused by: m1.mx: Exception in CronetUrlRequest: net::ERR_CERT_AUTHORITY_INVALID, ErrorCode=11, InternalErrorCode=-202, Retryable=false
06-14 21:44:56.077 E/DGFRR   ( 3506): 	at org.chromium.net.impl.CronetUrlRequest.onError(:com.google.android.gms.dynamite_cronetdynamite@262031032@26.20.31 (190800-0):3)
06-14 21:45:03.785 E/chromium( 1148): [0614/214503.784857:ERROR:net/socket/ssl_client_socket_impl.cc:924] handshake failed; returned -1, SSL error code 1, net_error -202
06-14 21:45:15.477 E/adbd    (  387): failed to connect to socket 'tcp:6790': Connection refused
06-14 21:45:15.640 E/adbd    (  387): failed to connect to socket 'tcp:6790': Connection refused
06-14 21:45:16.659 E/adbd    (  387): failed to connect to socket 'tcp:6790': Connection refused
06-14 21:45:17.672 E/adbd    (  387): failed to connect to socket 'tcp:6790': Connection refused
06-14 21:45:19.556 E/OpenGLRenderer(  717): Unable to match the desired swap behavior.
06-14 21:45:23.924 E/OpenGLRenderer( 5152): Unable to match the desired swap behavior.
06-14 21:45:46.440 E/PlayCommon( 2786): [86] Failed to connect to server for server timestamp: javax.net.ssl.SSLHandshakeException: java.security.cert.CertPathValidatorException: Trust anchor for certification path not found.
06-14 21:45:47.005 E/PlayCommon( 2786): [86] Failed to connect to server for log upload.
06-14 21:46:10.250 E/android.hardware.power.stats@1.0-service-mock(  326): Failed to getEnergyData
06-14 21:46:10.258 E/OpenGLRenderer( 1215): Unable to match the desired swap behavior.
06-14 21:46:48.395 E/PlayCommon( 2786): [86] Failed to connect to server for server timestamp: javax.net.ssl.SSLHandshakeException: java.security.cert.CertPathValidatorException: Trust anchor for certification path not found.
06-14 21:46:48.943 E/PlayCommon( 2786): [86] Failed to connect to server for log upload.
06-14 21:46:51.111 E/SettingsToPropertiesMapper(  498): com.yelp.android,0,com.yy.biu,0,com.groupme.android,0,air.tv.douyu.android,0,com.baidu.mbaby,0,com.vlocker.locker,0,com.znxh.hyhuo,0,com.yixia.xiaokaxiu,0 exceeds system property max length.
06-14 21:46:51.706 E/StatsCompanionService(  498): Could not get installer for package: com.google.android.trichromelibrary
06-14 21:46:51.706 E/StatsCompanionService(  498): android.content.pm.PackageManager$NameNotFoundException: com.google.android.trichromelibrary
06-14 21:46:51.706 E/StatsCompanionService(  498): 	at android.app.ApplicationPackageManager.getInstallSourceInfo(ApplicationPackageManager.java:2541)
06-14 21:46:51.706 E/StatsCompanionService(  498): 	at com.android.server.stats.StatsCompanionService.getInstallerPackageName(Unknown Source:1)
06-14 21:46:51.706 E/StatsCompanionService(  498): 	at com.android.server.stats.StatsCompanionService.lambda$informAllUids$0(Unknown Source:107)
06-14 21:46:51.706 E/StatsCompanionService(  498): 	at com.android.server.stats.StatsCompanionService.$r8$lambda$VOiYvFUkZmZjyfB0dWDMf-akDT0(Unknown Source:0)
06-14 21:46:51.706 E/StatsCompanionService(  498): 	at com.android.server.stats.StatsCompanionService$$ExternalSyntheticLambda1.run(Unknown Source:6)
06-14 21:46:51.706 E/StatsCompanionService(  498): 	at android.os.Handler.handleCallback(Handler.java:942)
06-14 21:46:51.706 E/StatsCompanionService(  498): 	at android.os.Handler.dispatchMessage(Handler.java:99)
06-14 21:46:51.706 E/StatsCompanionService(  498): 	at android.os.Looper.loopOnce(Looper.java:201)
06-14 21:46:51.706 E/StatsCompanionService(  498): 	at android.os.Looper.loop(Looper.java:288)
06-14 21:46:51.706 E/StatsCompanionService(  498): 	at android.os.HandlerThread.run(HandlerThread.java:67)
06-14 21:46:52.789 E/SettingsToPropertiesMapper(  498): adservices/disable_sdk_sandbox,adservices/enforce_broadcast_receiver_restrictions,adservices/fledge_ad_selection_enforce_foreground_status_custom_audience,adservices/fledge_custom_audience_max_count,adservices/fledge_custom_audience_max_num_ads,adservices/fledge_custom_audience_max_owner_count,adservices/fledge_custom_audience_per_app_max_count,adservices/fledge_js_isolate_enforce_max_heap_size,adservices/fledge_js_isolate_max_heap_size_bytes,adservices/sdk_request_permits_per_second,adservices/sdksandbox_customized_sdk_context_enabled,configuration/namespace_to_package_mapping,constrain_display_apis/always_constrain_display_apis,constrain_display_apis/never_constrain_display_apis,constrain_display_apis/never_constrain_display_apis_all_packages,device_policy_manager/disable_resources_updatability,flipendo/default_savings_mode_launch,flipendo/essential_apps,flipendo/flipendo_enabled_launch,flipendo/grayscale_enabled_launch,flipendo/lever_ble_scanning_enabled_launch,flipendo/lever_hotspot_enabled_launch,flipendo/lever_work_profile_enabled_launch,flipendo/resuspend_delay_minutes,namespace/key,namespace1/key1,namespace1/key2,namespace2/key1,namespace2/key2,package_manager_service/incfs_default_timeouts,package_manager_service/known_digesters_list,privacy/location_access_check_periodic_interval_millis,rollback/enable_rollback_timeout,rollback/watchdog_explicit_health_check_enabled,rollback/watchdog_request_timeout_millis,rollback/watchdog_trigger_failure_count,rollback/watchdog_trigger_failure_duration_millis,rollback_boot/rollback_lifetime_in_millis,systemui/nas_generate_actions,systemui/nas_generate_replies,systemui/nas_max_messages_to_extract,systemui/nas_max_suggestions,testspace/another,testspace/flagname,textclassifier/config_updater_model_enabled,textclassifier/key,textclassifier/key2,textclassifier/manifest_url_annotator_en,textclassifier/manifest_url_annotator_ru,textclassifier/model_download_backoff_delay_in_millis,textclassifier/model_download_manager_enabled,textclassifier/multi_language_support_enabled,textclassifier/testing_locale_list_override,textclassifier/textclassifier_service_package_override,window_manager/enable_default_rescind_bal_privileges_from_pending_intent_sender,wrong/nas_generate_replies, exceeds system property max length.
06-14 21:46:54.382 E/DeviceConfig(  498): Parsing int failed for location_mode
06-14 21:47:26.870 E/PlayCommon( 2039): [71] Failed to connect to server for server timestamp: javax.net.ssl.SSLHandshakeException: java.security.cert.CertPathValidatorException: Trust anchor for certification path not found.
06-14 21:47:27.509 E/PlayCommon( 2039): [71] Failed to connect to server for log upload.
06-14 21:47:35.607 E/BpTransactionCompletedListener(  366): Failed to transact (-32)
06-14 21:47:35.609 E/BpTransactionCompletedListener(  366): Failed to transact (-32)
06-14 21:47:35.934 E/OpenGLRenderer( 1655): Unable to match the desired swap behavior.
06-14 21:47:35.991 E/OpenGLRenderer( 1028): Unable to match the desired swap behavior.
06-14 21:47:36.635 E/OneSearchSuggestProvider( 1028): Failed to fetch suggestions from AppSearch, fallback to AGA
06-14 21:47:36.635 E/OneSearchSuggestProvider( 1028): java.util.concurrent.CompletionException: java.util.NoSuchElementException: No value present
06-14 21:47:36.635 E/OneSearchSuggestProvider( 1028): 	at java.util.concurrent.CompletableFuture.encodeThrowable(CompletableFuture.java:307)
06-14 21:47:36.635 E/OneSearchSuggestProvider( 1028): 	at java.util.concurrent.CompletableFuture.completeThrowable(CompletableFuture.java:322)
06-14 21:47:36.635 E/OneSearchSuggestProvider( 1028): 	at java.util.concurrent.CompletableFuture$UniAccept.tryFire(CompletableFuture.java:680)
06-14 21:47:36.635 E/OneSearchSuggestProvider( 1028): 	at java.util.concurrent.CompletableFuture.postComplete(CompletableFuture.java:482)
06-14 21:47:36.635 E/OneSearchSuggestProvider( 1028): 	at java.util.concurrent.CompletableFuture.completeExceptionally(CompletableFuture.java:2064)
06-14 21:47:36.635 E/OneSearchSuggestProvider( 1028): 	at com.google.android.apps.nexuslauncher.allapps.J.onResult(Unknown Source:59)
06-14 21:47:36.635 E/OneSearchSuggestProvider( 1028): 	at android.app.appsearch.SearchSessionUtil$1.lambda$onResult$0(SearchSessionUtil.java:128)
06-14 21:47:36.635 E/OneSearchSuggestProvider( 1028): 	at android.app.appsearch.SearchSessionUtil$1.$r8$lambda$_nlk9WiPjSfaAsqKYmp0aPvSRC0(Unknown Source:0)
06-14 21:47:36.635 E/OneSearchSuggestProvider( 1028): 	at android.app.appsearch.AppSearchSession$4$$ExternalSyntheticLambda1.run(Unknown Source:26)
06-14 21:47:36.635 E/OneSearchSuggestProvider( 1028): 	at android.os.Handler.handleCallback(Handler.java:942)
06-14 21:47:36.635 E/OneSearchSuggestProvider( 1028): 	at android.os.Handler.dispatchMessage(Handler.java:99)
06-14 21:47:36.635 E/OneSearchSuggestProvider( 1028): 	at android.os.Looper.loopOnce(Looper.java:201)
06-14 21:47:36.635 E/OneSearchSuggestProvider( 1028): 	at android.os.Looper.loop(Looper.java:288)
06-14 21:47:36.635 E/OneSearchSuggestProvider( 1028): 	at android.os.HandlerThread.run(HandlerThread.java:67)
06-14 21:47:36.635 E/OneSearchSuggestProvider( 1028): Caused by: java.util.NoSuchElementException: No value present
06-14 21:47:36.635 E/OneSearchSuggestProvider( 1028): 	at java.util.Optional.get(Optional.java:144)
06-14 21:47:36.635 E/OneSearchSuggestProvider( 1028): 	at com.google.android.apps.nexuslauncher.allapps.J.onResult(Unknown Source:16)
06-14 21:47:36.635 E/OneSearchSuggestProvider( 1028): 	... 8 more
06-14 21:47:37.757 E/A       ( 1655): onError
06-14 21:47:37.757 E/A       ( 1655): com.google.android.apps.gsa.shared.speech.a.m: errorCode: 65561, engine: 2
06-14 21:47:37.757 E/A       ( 1655): 	at com.google.android.apps.gsa.staticplugins.dc.a.e.a(PG:3)
06-14 21:47:37.757 E/A       ( 1655): 	at com.google.android.apps.gsa.s3.n.hh(PG:1)
06-14 21:47:37.757 E/A       ( 1655): 	at com.google.cd.g.a.f.e(PG:2)
06-14 21:47:37.757 E/A       ( 1655): 	at com.google.android.apps.gsa.speech.k.a.g.d(PG:22)
06-14 21:47:37.757 E/A       ( 1655): 	at com.google.android.apps.gsa.speech.k.a.g.ks(PG:6)
06-14 21:47:37.757 E/A       ( 1655): 	at com.google.android.apps.gsa.s3.o.e(PG:14)
06-14 21:47:37.757 E/A       ( 1655): 	at com.google.android.apps.gsa.s3.p.run(PG:1)
06-14 21:47:37.757 E/A       ( 1655): 	at java.util.concurrent.Executors$RunnableAdapter.call(Executors.java:463)
06-14 21:47:37.757 E/A       ( 1655): 	at java.util.concurrent.FutureTask.run(FutureTask.java:264)
06-14 21:47:37.757 E/A       ( 1655): 	at com.google.android.apps.gsa.shared.util.c.a.e.run(PG:2)
06-14 21:47:37.757 E/A       ( 1655): 	at com.google.android.apps.gsa.shared.util.c.a.bi.run(PG:1)
06-14 21:47:37.757 E/A       ( 1655): 	at com.google.android.apps.gsa.shared.util.c.a.bi.run(PG:1)
06-14 21:47:37.757 E/A       ( 1655): 	at java.util.concurrent.ThreadPoolExecutor.runWorker(ThreadPoolExecutor.java:1137)
06-14 21:47:37.757 E/A       ( 1655): 	at java.util.concurrent.ThreadPoolExecutor$Worker.run(ThreadPoolExecutor.java:637)
06-14 21:47:37.757 E/A       ( 1655): 	at java.lang.Thread.run(Thread.java:1012)
06-14 21:47:37.757 E/A       ( 1655): 	at com.google.android.apps.gsa.shared.util.c.a.l.run(PG:5)
06-14 21:47:37.757 E/A       ( 1655): Caused by: com.google.android.apps.gsa.shared.speech.a.o: errorCode: 65586, engine: 2
06-14 21:47:37.757 E/A       ( 1655): 	... 15 more
06-14 21:47:37.757 E/A       ( 1655): Caused by: com.google.android.apps.gsa.shared.speech.a.k: errorCode: 401, engine: 2
06-14 21:47:37.757 E/A       ( 1655): 	at com.google.android.apps.gsa.assistant.shared.n.h.a(PG:5)
06-14 21:47:37.757 E/A       ( 1655): 	at com.google.android.apps.gsa.s3.producers.j.hE(PG:2)
06-14 21:47:37.757 E/A       ( 1655): 	at com.google.android.apps.gsa.speech.k.a.g.d(PG:16)
06-14 21:47:37.757 E/A       ( 1655): 	... 12 more
06-14 21:47:38.700 E/OpenGLRenderer(  717): Unable to match the desired swap behavior.
06-14 21:47:43.834 E/PlayCommon( 3098): [60] Failed to connect to server for server timestamp: javax.net.ssl.SSLHandshakeException: java.security.cert.CertPathValidatorException: Trust anchor for certification path not found.
06-14 21:47:44.380 E/PlayCommon( 3098): [60] Failed to connect to server for log upload.
06-14 21:47:44.545 E/OpenGLRenderer( 5565): Unable to match the desired swap behavior.
06-14 21:47:50.075 E/PlayCommon( 2786): [86] Failed to connect to server for server timestamp: javax.net.ssl.SSLHandshakeException: java.security.cert.CertPathValidatorException: Trust anchor for certification path not found.
06-14 21:47:50.611 E/PlayCommon( 2786): [86] Failed to connect to server for log upload.
06-14 21:47:56.516 E/OpenGLRenderer( 1215): Unable to match the desired swap behavior.
06-14 21:48:10.251 E/android.hardware.power.stats@1.0-service-mock(  326): Failed to getEnergyData
06-14 21:48:24.874 E/chromium( 3506): [0614/214824.874716:ERROR:net/socket/ssl_client_socket_impl.cc:924] handshake failed; returned -1, SSL error code 1, net_error -202
06-14 21:48:24.877 E/chromium( 3506): [0614/214824.877138:ERROR:net/socket/ssl_client_socket_impl.cc:924] handshake failed; returned -1, SSL error code 1, net_error -202
06-14 21:48:24.903 E/DGFRR   ( 3506): FR error [CONTEXT service_id=25 ]
06-14 21:48:24.903 E/DGFRR   ( 3506): java.io.IOException: Couldn't fetch response.
06-14 21:48:24.903 E/DGFRR   ( 3506): 	at bqfo.a(:com.google.android.gms@262031032@26.20.31 (190800-919905943):136)
06-14 21:48:24.903 E/DGFRR   ( 3506): 	at bqdu.b(:com.google.android.gms@262031032@26.20.31 (190800-919905943):45)
06-14 21:48:24.903 E/DGFRR   ( 3506): 	at bqdu.a(:com.google.android.gms@262031032@26.20.31 (190800-919905943):2)
06-14 21:48:24.903 E/DGFRR   ( 3506): 	at bqdg.a(:com.google.android.gms@262031032@26.20.31 (190800-919905943):106)
06-14 21:48:24.903 E/DGFRR   ( 3506): 	at bqdb.g(:com.google.android.gms@262031032@26.20.31 (190800-919905943):207)
06-14 21:48:24.903 E/DGFRR   ( 3506): 	at com.google.android.gms.droidguard.DroidGuardFastRefreshGmsTaskBoundService.a(:com.google.android.gms@262031032@26.20.31 (190800-919905943):50)
06-14 21:48:24.903 E/DGFRR   ( 3506): 	at cyys.call(:com.google.android.gms@262031032@26.20.31 (190800-919905943):36)
06-14 21:48:24.903 E/DGFRR   ( 3506): 	at java.util.concurrent.FutureTask.run(FutureTask.java:264)
06-14 21:48:24.903 E/DGFRR   ( 3506): 	at bjnt.c(:com.google.android.gms@262031032@26.20.31 (190800-919905943):50)
06-14 21:48:24.903 E/DGFRR   ( 3506): 	at bjnt.run(:com.google.android.gms@262031032@26.20.31 (190800-919905943):66)
06-14 21:48:24.903 E/DGFRR   ( 3506): 	at java.util.concurrent.ThreadPoolExecutor.runWorker(ThreadPoolExecutor.java:1137)
06-14 21:48:24.903 E/DGFRR   ( 3506): 	at java.util.concurrent.ThreadPoolExecutor$Worker.run(ThreadPoolExecutor.java:637)
06-14 21:48:24.903 E/DGFRR   ( 3506): 	at bjtk.run(:com.google.android.gms@262031032@26.20.31 (190800-919905943):8)
06-14 21:48:24.903 E/DGFRR   ( 3506): 	at java.lang.Thread.run(Thread.java:1012)
06-14 21:48:24.903 E/DGFRR   ( 3506): Caused by: java.util.concurrent.ExecutionException: cyqh: Failed to process request
06-14 21:48:24.903 E/DGFRR   ( 3506): 	at lfi.n(:com.google.android.gms@262031032@26.20.31 (190800-919905943):21)
06-14 21:48:24.903 E/DGFRR   ( 3506): 	at lfi.get(:com.google.android.gms@262031032@26.20.31 (190800-919905943):99)
06-14 21:48:24.903 E/DGFRR   ( 3506): 	at lfn.get(:com.google.android.gms@262031032@26.20.31 (190800-919905943):8)
06-14 21:48:24.903 E/DGFRR   ( 3506): 	at bqfo.a(:com.google.android.gms@262031032@26.20.31 (190800-919905943):119)
06-14 21:48:24.903 E/DGFRR   ( 3506): 	... 13 more
06-14 21:48:24.903 E/DGFRR   ( 3506): Caused by: cyqh: Failed to process request
06-14 21:48:24.903 E/DGFRR   ( 3506): 	at cyqo.a(:com.google.android.gms@262031032@26.20.31 (190800-919905943):23)
06-14 21:48:24.903 E/DGFRR   ( 3506): 	at cyul.b(:com.google.android.gms@262031032@26.20.31 (190800-919905943):15)
06-14 21:48:24.903 E/DGFRR   ( 3506): 	at cyvc.onFailed(:com.google.android.gms@262031032@26.20.31 (190800-919905943):15)
06-14 21:48:24.903 E/DGFRR   ( 3506): 	at m1.no.onFailed(:com.google.android.gms.dynamite_cronetdynamite@262031032@26.20.31 (190800-0):3)
06-14 21:48:24.903 E/DGFRR   ( 3506): 	at m1.mk.run(:com.google.android.gms.dynamite_cronetdynamite@262031032@26.20.31 (190800-0):16)
06-14 21:48:24.903 E/DGFRR   ( 3506): 	... 6 more
06-14 21:48:24.903 E/DGFRR   ( 3506): Caused by: m1.mx: Exception in CronetUrlRequest: net::ERR_CERT_AUTHORITY_INVALID, ErrorCode=11, InternalErrorCode=-202, Retryable=false
06-14 21:48:24.903 E/DGFRR   ( 3506): 	at org.chromium.net.impl.CronetUrlRequest.onError(:com.google.android.gms.dynamite_cronetdynamite@262031032@26.20.31 (190800-0):3)
06-14 21:48:51.490 E/PlayCommon( 2786): [86] Failed to connect to server for server timestamp: javax.net.ssl.SSLHandshakeException: java.security.cert.CertPathValidatorException: Trust anchor for certification path not found.
06-14 21:48:52.083 E/PlayCommon( 2786): [86] Failed to connect to server for log upload.
06-14 21:49:53.329 E/PlayCommon( 2786): [86] Failed to connect to server for server timestamp: javax.net.ssl.SSLHandshakeException: java.security.cert.CertPathValidatorException: Trust anchor for certification path not found.
06-14 21:49:53.874 E/PlayCommon( 2786): [86] Failed to connect to server for log upload.
06-14 21:50:07.260 E/chromium( 1148): [0614/215007.259081:ERROR:net/socket/ssl_client_socket_impl.cc:924] handshake failed; returned -1, SSL error code 1, net_error -202
06-14 21:50:07.261 E/chromium( 1148): [0614/215007.261913:ERROR:net/socket/ssl_client_socket_impl.cc:924] handshake failed; returned -1, SSL error code 1, net_error -202
06-14 21:50:08.391 E/chromium( 1148): [0614/215008.391923:ERROR:net/socket/ssl_client_socket_impl.cc:924] handshake failed; returned -1, SSL error code 1, net_error -202
06-14 21:50:08.393 E/chromium( 1148): [0614/215008.393250:ERROR:net/socket/ssl_client_socket_impl.cc:924] handshake failed; returned -1, SSL error code 1, net_error -202
06-14 21:50:10.243 E/android.hardware.power.stats@1.0-service-mock(  326): Failed to getEnergyData
06-14 21:50:19.563 E/OpenGLRenderer( 1215): Unable to match the desired swap behavior.
06-14 21:50:21.269 E/SessionManager( 1215): SessionManager.beginSession():60 Try to begin a session [IME_SESSION] whose parent [INPUT_VIEW_SESSION] hasn't begun.
06-14 21:50:22.137 E/native  ( 1215): E0000 00:00:1781454022.082006    1215 key-correction-manager.cc:322] User feature cache is not ready for key correction!
06-14 21:50:22.751 E/native  ( 1215): E0000 00:00:1781454022.751399    2691 scoped-file.cc:106] open() failed for /data/user/0/com.google.android.inputmethod.latin/files/personal/adapt_state.en.dat: No such file or directory [2]
06-14 21:50:23.606 E/native  ( 1215): E0000 00:00:1781454023.606517    1215 key-correction-manager.cc:322] User feature cache is not ready for key correction!
06-14 21:50:23.608 E/SessionManager( 1215): SessionManager.beginSession():60 Try to begin a session [IME_SESSION] whose parent [INPUT_VIEW_SESSION] hasn't begun.
06-14 21:50:23.647 E/InputContextChangeTracker( 1215): InputContextChangeTracker.getSubSurroundText():1337 Invalid sub surrounding text: contentLength=0, subStringInContent=[99, 0], selectionInContent=[100, 100]
06-14 21:50:54.959 E/PlayCommon( 2786): [86] Failed to connect to server for server timestamp: javax.net.ssl.SSLHandshakeException: java.security.cert.CertPathValidatorException: Trust anchor for certification path not found.
06-14 21:50:55.929 E/PlayCommon( 2786): [86] Failed to connect to server for log upload.
06-14 21:51:16.812 E/OpenGLRenderer( 1655): Unable to match the desired swap behavior.
06-14 21:51:16.956 E/OpenGLRenderer( 1028): Unable to match the desired swap behavior.
06-14 21:51:17.665 E/OneSearchSuggestProvider( 1028): Failed to fetch suggestions from AppSearch, fallback to AGA
06-14 21:51:17.665 E/OneSearchSuggestProvider( 1028): java.util.concurrent.CompletionException: java.util.NoSuchElementException: No value present
06-14 21:51:17.665 E/OneSearchSuggestProvider( 1028): 	at java.util.concurrent.CompletableFuture.encodeThrowable(CompletableFuture.java:307)
06-14 21:51:17.665 E/OneSearchSuggestProvider( 1028): 	at java.util.concurrent.CompletableFuture.completeThrowable(CompletableFuture.java:322)
06-14 21:51:17.665 E/OneSearchSuggestProvider( 1028): 	at java.util.concurrent.CompletableFuture$UniAccept.tryFire(CompletableFuture.java:680)
06-14 21:51:17.665 E/OneSearchSuggestProvider( 1028): 	at java.util.concurrent.CompletableFuture.postComplete(CompletableFuture.java:482)
06-14 21:51:17.665 E/OneSearchSuggestProvider( 1028): 	at java.util.concurrent.CompletableFuture.completeExceptionally(CompletableFuture.java:2064)
06-14 21:51:17.665 E/OneSearchSuggestProvider( 1028): 	at com.google.android.apps.nexuslauncher.allapps.J.onResult(Unknown Source:59)
06-14 21:51:17.665 E/OneSearchSuggestProvider( 1028): 	at android.app.appsearch.SearchSessionUtil$1.lambda$onResult$0(SearchSessionUtil.java:128)
06-14 21:51:17.665 E/OneSearchSuggestProvider( 1028): 	at android.app.appsearch.SearchSessionUtil$1.$r8$lambda$_nlk9WiPjSfaAsqKYmp0aPvSRC0(Unknown Source:0)
06-14 21:51:17.665 E/OneSearchSuggestProvider( 1028): 	at android.app.appsearch.AppSearchSession$4$$ExternalSyntheticLambda1.run(Unknown Source:26)
06-14 21:51:17.665 E/OneSearchSuggestProvider( 1028): 	at android.os.Handler.handleCallback(Handler.java:942)
06-14 21:51:17.665 E/OneSearchSuggestProvider( 1028): 	at android.os.Handler.dispatchMessage(Handler.java:99)
06-14 21:51:17.665 E/OneSearchSuggestProvider( 1028): 	at android.os.Looper.loopOnce(Looper.java:201)
06-14 21:51:17.665 E/OneSearchSuggestProvider( 1028): 	at android.os.Looper.loop(Looper.java:288)
06-14 21:51:17.665 E/OneSearchSuggestProvider( 1028): 	at android.os.HandlerThread.run(HandlerThread.java:67)
06-14 21:51:17.665 E/OneSearchSuggestProvider( 1028): Caused by: java.util.NoSuchElementException: No value present
06-14 21:51:17.665 E/OneSearchSuggestProvider( 1028): 	at java.util.Optional.get(Optional.java:144)
06-14 21:51:17.665 E/OneSearchSuggestProvider( 1028): 	at com.google.android.apps.nexuslauncher.allapps.J.onResult(Unknown Source:16)
06-14 21:51:17.665 E/OneSearchSuggestProvider( 1028): 	... 8 more
06-14 21:51:20.020 E/OpenGLRenderer(  717): Unable to match the desired swap behavior.
06-14 21:51:26.386 E/OpenGLRenderer( 5565): Unable to match the desired swap behavior.
