06-14 21:42:08.482 E/AppWidgetManager(  717): 	at android.os.Handler.handleCallback(Handler.java:942)
06-14 21:42:08.482 E/AppWidgetManager(  717): 	at android.os.Handler.dispatchMessage(Handler.java:99)
06-14 21:42:08.482 E/AppWidgetManager(  717): 	at android.os.Looper.loopOnce(Looper.java:201)
06-14 21:42:08.482 E/AppWidgetManager(  717): 	at android.os.Looper.loop(Looper.java:288)
06-14 21:42:08.482 E/AppWidgetManager(  717): 	at android.os.HandlerThread.run(HandlerThread.java:67)
06-14 21:42:08.487 E/EGL_emulation(  366): eglQueryContext 3100  EGL_BAD_ATTRIBUTE
06-14 21:42:08.488 E/EGL_emulation(  366): tid 388: eglQueryContext(2122): error 0x3004 (EGL_BAD_ATTRIBUTE)
06-14 21:42:08.491 E/android.hardware.bluetooth@1.1-btlinux(  304): Unable to open /dev/rfkill
06-14 21:42:08.533 E/HWComposer(  366): getDisplayDecorationSupport: getDisplayDecorationSupport failed for display 4619827259835644672: Unsupported (8)
06-14 21:42:08.599 E/s.nexuslauncher( 1028): Not starting debugger since process cannot load the jdwp agent.
06-14 21:42:08.609 E/bt_btif_storage(  782): packages/modules/Bluetooth/system/btif/src/btif_storage.cc:663 btif_storage_get_adapter_property: btif_storage_get_adapter_property: Controller ready!
06-14 21:42:08.617 E/OpenGLRenderer(  879): Unable to match the desired swap behavior.
06-14 21:42:08.662 E/a2dp_vendor_ldac(  782): packages/modules/Bluetooth/system/stack/a2dp/a2dp_vendor_ldac.cc:1423 init: init: cannot load the decoder
06-14 21:42:08.662 E/a2dp_vendor_ldac(  782): packages/modules/Bluetooth/system/stack/a2dp/a2dp_vendor_ldac.cc:1423 init: init: cannot load the decoder
06-14 21:42:08.663 E/a2dp_vendor_ldac(  782): packages/modules/Bluetooth/system/stack/a2dp/a2dp_vendor_ldac.cc:1423 init: init: cannot load the decoder
06-14 21:42:08.663 E/a2dp_vendor_ldac(  782): packages/modules/Bluetooth/system/stack/a2dp/a2dp_vendor_ldac.cc:1423 init: init: cannot load the decoder
06-14 21:42:08.664 E/a2dp_vendor_ldac(  782): packages/modules/Bluetooth/system/stack/a2dp/a2dp_vendor_ldac.cc:1423 init: init: cannot load the decoder
06-14 21:42:08.664 E/a2dp_vendor_ldac(  782): packages/modules/Bluetooth/system/stack/a2dp/a2dp_vendor_ldac.cc:1423 init: init: cannot load the decoder
06-14 21:42:08.701 E/AvrcpTargetService(  782): Please use AVRCP version 1.6 to enable cover art
06-14 21:42:08.765 E/MmTelFeatureConn [0](  873): ImsRegistrationCallbackAdapter: ImsRegistration is null
06-14 21:42:08.838 E/BluetoothPhonePolicy(  782): autoConnect: most recently active a2dp device is null
06-14 21:42:08.853 E/bt_btif (  782): packages/modules/Bluetooth/system/main/bte_logmsg.cc:191 LogMsg: btif_in_execute_service_request: Unknown service 255 being enabled
06-14 21:42:09.134 E/RIL     (  439): Error 0 opening logical channel: 0
06-14 21:42:09.306 E/WifiScanningService(  498): wifi driver loaded received while already loaded
06-14 21:42:09.330 E/RIL     (  439): Error 0 opening logical channel: 0
06-14 21:42:09.353 E/.gms.persistent( 1148): Not starting debugger since process cannot load the jdwp agent.
06-14 21:42:09.394 E/SystemServiceRegistry(  774): No service published for: ethernet
06-14 21:42:09.394 E/SystemServiceRegistry(  774): android.os.ServiceManager$ServiceNotFoundException: No service published for: ethernet
06-14 21:42:09.394 E/SystemServiceRegistry(  774): 	at android.os.ServiceManager.getServiceOrThrow(ServiceManager.java:166)
06-14 21:42:09.394 E/SystemServiceRegistry(  774): 	at android.app.SystemServiceRegistry$136.createService(SystemServiceRegistry.java:1809)
06-14 21:42:09.394 E/SystemServiceRegistry(  774): 	at android.app.SystemServiceRegistry$CachedServiceFetcher.getService(SystemServiceRegistry.java:1908)
06-14 21:42:09.394 E/SystemServiceRegistry(  774): 	at android.app.SystemServiceRegistry.getSystemService(SystemServiceRegistry.java:1585)
06-14 21:42:09.394 E/SystemServiceRegistry(  774): 	at android.app.ContextImpl.getSystemService(ContextImpl.java:2120)
06-14 21:42:09.394 E/SystemServiceRegistry(  774): 	at android.content.ContextWrapper.getSystemService(ContextWrapper.java:900)
06-14 21:42:09.394 E/SystemServiceRegistry(  774): 	at com.android.networkstack.tethering.Tethering.isEthernetSupported(Tethering.java:1590)
06-14 21:42:09.394 E/SystemServiceRegistry(  774): 	at com.android.networkstack.tethering.Tethering.makeSupportedDownstreams(Tethering.java:2556)
06-14 21:42:09.394 E/SystemServiceRegistry(  774): 	at com.android.networkstack.tethering.Tethering.updateSupportedDownstreams(Tethering.java:2530)
06-14 21:42:09.394 E/SystemServiceRegistry(  774): 	at com.android.networkstack.tethering.Tethering.updateConfiguration(Tethering.java:545)
06-14 21:42:09.394 E/SystemServiceRegistry(  774): 	at com.android.networkstack.tethering.Tethering.-$$Nest$mupdateConfiguration(Unknown Source:0)
06-14 21:42:09.394 E/SystemServiceRegistry(  774): 	at com.android.networkstack.tethering.Tethering$StateReceiver.onReceive(Tethering.java:1192)
06-14 21:42:09.394 E/SystemServiceRegistry(  774): 	at android.app.LoadedApk$ReceiverDispatcher$Args.lambda$getRunnable$0$android-app-LoadedApk$ReceiverDispatcher$Args(LoadedApk.java:1790)
06-14 21:42:09.394 E/SystemServiceRegistry(  774): 	at android.app.LoadedApk$ReceiverDispatcher$Args$$ExternalSyntheticLambda0.run(Unknown Source:2)
06-14 21:42:09.394 E/SystemServiceRegistry(  774): 	at android.os.Handler.handleCallback(Handler.java:942)
06-14 21:42:09.394 E/SystemServiceRegistry(  774): 	at android.os.Handler.dispatchMessage(Handler.java:99)
06-14 21:42:09.394 E/SystemServiceRegistry(  774): 	at android.os.Looper.loopOnce(Looper.java:201)
06-14 21:42:09.394 E/SystemServiceRegistry(  774): 	at android.os.Looper.loop(Looper.java:288)
06-14 21:42:09.394 E/SystemServiceRegistry(  774): 	at android.os.HandlerThread.run(HandlerThread.java:67)
06-14 21:42:09.448 E/SystemServiceRegistry(  774): No service published for: ethernet
06-14 21:42:09.448 E/SystemServiceRegistry(  774): android.os.ServiceManager$ServiceNotFoundException: No service published for: ethernet
06-14 21:42:09.448 E/SystemServiceRegistry(  774): 	at android.os.ServiceManager.getServiceOrThrow(ServiceManager.java:166)
06-14 21:42:09.448 E/SystemServiceRegistry(  774): 	at android.app.SystemServiceRegistry$136.createService(SystemServiceRegistry.java:1809)
06-14 21:42:09.448 E/SystemServiceRegistry(  774): 	at android.app.SystemServiceRegistry$CachedServiceFetcher.getService(SystemServiceRegistry.java:1908)
06-14 21:42:09.448 E/SystemServiceRegistry(  774): 	at android.app.SystemServiceRegistry.getSystemService(SystemServiceRegistry.java:1585)
06-14 21:42:09.448 E/SystemServiceRegistry(  774): 	at android.app.ContextImpl.getSystemService(ContextImpl.java:2120)
06-14 21:42:09.448 E/SystemServiceRegistry(  774): 	at android.content.ContextWrapper.getSystemService(ContextWrapper.java:900)
06-14 21:42:09.448 E/SystemServiceRegistry(  774): 	at com.android.networkstack.tethering.Tethering.isEthernetSupported(Tethering.java:1590)
06-14 21:42:09.448 E/SystemServiceRegistry(  774): 	at com.android.networkstack.tethering.Tethering.makeSupportedDownstreams(Tethering.java:2556)
06-14 21:42:09.448 E/SystemServiceRegistry(  774): 	at com.android.networkstack.tethering.Tethering.updateSupportedDownstreams(Tethering.java:2530)
06-14 21:42:09.448 E/SystemServiceRegistry(  774): 	at com.android.networkstack.tethering.Tethering.updateConfiguration(Tethering.java:545)
06-14 21:42:09.448 E/SystemServiceRegistry(  774): 	at com.android.networkstack.tethering.Tethering.-$$Nest$mupdateConfiguration(Unknown Source:0)
06-14 21:42:09.448 E/SystemServiceRegistry(  774): 	at com.android.networkstack.tethering.Tethering$StateReceiver.onReceive(Tethering.java:1192)
06-14 21:42:09.448 E/SystemServiceRegistry(  774): 	at android.app.LoadedApk$ReceiverDispatcher$Args.lambda$getRunnable$0$android-app-LoadedApk$ReceiverDispatcher$Args(LoadedApk.java:1790)
06-14 21:42:09.448 E/SystemServiceRegistry(  774): 	at android.app.LoadedApk$ReceiverDispatcher$Args$$ExternalSyntheticLambda0.run(Unknown Source:2)
06-14 21:42:09.448 E/SystemServiceRegistry(  774): 	at android.os.Handler.handleCallback(Handler.java:942)
06-14 21:42:09.448 E/SystemServiceRegistry(  774): 	at android.os.Handler.dispatchMessage(Handler.java:99)
06-14 21:42:09.448 E/SystemServiceRegistry(  774): 	at android.os.Looper.loopOnce(Looper.java:201)
06-14 21:42:09.448 E/SystemServiceRegistry(  774): 	at android.os.Looper.loop(Looper.java:288)
06-14 21:42:09.448 E/SystemServiceRegistry(  774): 	at android.os.HandlerThread.run(HandlerThread.java:67)
06-14 21:42:09.448 E/GnssUtilsJni(  498): IGnssConfiguration setEsExtensionSec() failed.
06-14 21:42:09.448 E/GnssConfiguration(  498): Unable to set ES_EXTENSION_SEC: 0
06-14 21:42:09.478 E/GnssUtilsJni(  498): IGnssConfiguration setEsExtensionSec() failed.
06-14 21:42:09.478 E/GnssConfiguration(  498): Unable to set ES_EXTENSION_SEC: 0
06-14 21:42:09.479 E/NetworkPolicy(  498): Missing subscriberId for subId 1
06-14 21:42:09.481 E/StatsPullAtomService(  498): subInfo of subId 1 is invalid, ignored.
06-14 21:42:09.483 E/MboOceController(  498): onDataConnectionStateChanged unexpected State: -1
06-14 21:42:09.483 E/WifiDataStall(  498): onDataConnectionStateChanged unexpected State: -1
06-14 21:42:09.507 E/NetworkPolicy(  498): Missing subscriberId for subId 1
06-14 21:42:09.509 E/StatsPullAtomService(  498): subInfo of subId 1 is invalid, ignored.
06-14 21:42:09.832 E/OpenGLRenderer(  717): Unable to match the desired swap behavior.
06-14 21:42:09.913 E/SystemServiceRegistry(  774): No service published for: ethernet
06-14 21:42:09.913 E/SystemServiceRegistry(  774): android.os.ServiceManager$ServiceNotFoundException: No service published for: ethernet
06-14 21:42:09.913 E/SystemServiceRegistry(  774): 	at android.os.ServiceManager.getServiceOrThrow(ServiceManager.java:166)
06-14 21:42:09.913 E/SystemServiceRegistry(  774): 	at android.app.SystemServiceRegistry$136.createService(SystemServiceRegistry.java:1809)
06-14 21:42:09.913 E/SystemServiceRegistry(  774): 	at android.app.SystemServiceRegistry$CachedServiceFetcher.getService(SystemServiceRegistry.java:1908)
06-14 21:42:09.913 E/SystemServiceRegistry(  774): 	at android.app.SystemServiceRegistry.getSystemService(SystemServiceRegistry.java:1585)
06-14 21:42:09.913 E/SystemServiceRegistry(  774): 	at android.app.ContextImpl.getSystemService(ContextImpl.java:2120)
06-14 21:42:09.913 E/SystemServiceRegistry(  774): 	at android.content.ContextWrapper.getSystemService(ContextWrapper.java:900)
06-14 21:42:09.913 E/SystemServiceRegistry(  774): 	at com.android.networkstack.tethering.Tethering.isEthernetSupported(Tethering.java:1590)
06-14 21:42:09.913 E/SystemServiceRegistry(  774): 	at com.android.networkstack.tethering.Tethering.makeSupportedDownstreams(Tethering.java:2556)
06-14 21:42:09.913 E/SystemServiceRegistry(  774): 	at com.android.networkstack.tethering.Tethering.updateSupportedDownstreams(Tethering.java:2530)
06-14 21:42:09.913 E/SystemServiceRegistry(  774): 	at com.android.networkstack.tethering.Tethering.updateConfiguration(Tethering.java:545)
06-14 21:42:09.913 E/SystemServiceRegistry(  774): 	at com.android.networkstack.tethering.Tethering.-$$Nest$mupdateConfiguration(Unknown Source:0)
06-14 21:42:09.913 E/SystemServiceRegistry(  774): 	at com.android.networkstack.tethering.Tethering$ActiveDataSubIdListener.onActiveDataSubscriptionIdChanged(Tethering.java:521)
06-14 21:42:09.913 E/SystemServiceRegistry(  774): 	at android.telephony.PhoneStateListener$IPhoneStateListenerStub.lambda$onActiveDataSubIdChanged$56(PhoneStateListener.java:1585)
06-14 21:42:09.913 E/SystemServiceRegistry(  774): 	at android.telephony.PhoneStateListener$IPhoneStateListenerStub$$ExternalSyntheticLambda38.run(Unknown Source:4)
06-14 21:42:09.913 E/SystemServiceRegistry(  774): 	at android.os.Handler.handleCallback(Handler.java:942)
06-14 21:42:09.913 E/SystemServiceRegistry(  774): 	at android.os.Handler.dispatchMessage(Handler.java:99)
06-14 21:42:09.913 E/SystemServiceRegistry(  774): 	at android.os.Looper.loopOnce(Looper.java:201)
06-14 21:42:09.913 E/SystemServiceRegistry(  774): 	at android.os.Looper.loop(Looper.java:288)
06-14 21:42:09.913 E/SystemServiceRegistry(  774): 	at android.os.HandlerThread.run(HandlerThread.java:67)
06-14 21:42:09.956 E/.android.dialer( 1183): Not starting debugger since process cannot load the jdwp agent.
06-14 21:42:09.972 E/JobScheduler.JobStatus(  498): App com.google.android.dialer became active but still in NEVER bucket
06-14 21:42:09.973 E/JobScheduler.JobStatus(  498): App com.google.android.dialer became active but still in NEVER bucket
06-14 21:42:09.973 E/JobScheduler.JobStatus(  498): App com.google.android.dialer became active but still in NEVER bucket
06-14 21:42:10.037 E/OpenGLRenderer(  717): Unable to match the desired swap behavior.
06-14 21:42:10.147 E/SystemServiceRegistry(  774): No service published for: ethernet
06-14 21:42:10.147 E/SystemServiceRegistry(  774): android.os.ServiceManager$ServiceNotFoundException: No service published for: ethernet
06-14 21:42:10.147 E/SystemServiceRegistry(  774): 	at android.os.ServiceManager.getServiceOrThrow(ServiceManager.java:166)
06-14 21:42:10.147 E/SystemServiceRegistry(  774): 	at android.app.SystemServiceRegistry$136.createService(SystemServiceRegistry.java:1809)
06-14 21:42:10.147 E/SystemServiceRegistry(  774): 	at android.app.SystemServiceRegistry$CachedServiceFetcher.getService(SystemServiceRegistry.java:1908)
06-14 21:42:10.147 E/SystemServiceRegistry(  774): 	at android.app.SystemServiceRegistry.getSystemService(SystemServiceRegistry.java:1585)
06-14 21:42:10.147 E/SystemServiceRegistry(  774): 	at android.app.ContextImpl.getSystemService(ContextImpl.java:2120)
06-14 21:42:10.147 E/SystemServiceRegistry(  774): 	at android.content.ContextWrapper.getSystemService(ContextWrapper.java:900)
06-14 21:42:10.147 E/SystemServiceRegistry(  774): 	at com.android.networkstack.tethering.Tethering.isEthernetSupported(Tethering.java:1590)
06-14 21:42:10.147 E/SystemServiceRegistry(  774): 	at com.android.networkstack.tethering.Tethering.makeSupportedDownstreams(Tethering.java:2556)
06-14 21:42:10.147 E/SystemServiceRegistry(  774): 	at com.android.networkstack.tethering.Tethering.updateSupportedDownstreams(Tethering.java:2530)
06-14 21:42:10.147 E/SystemServiceRegistry(  774): 	at com.android.networkstack.tethering.Tethering.updateConfiguration(Tethering.java:545)
06-14 21:42:10.147 E/SystemServiceRegistry(  774): 	at com.android.networkstack.tethering.Tethering.-$$Nest$mupdateConfiguration(Unknown Source:0)
06-14 21:42:10.147 E/SystemServiceRegistry(  774): 	at com.android.networkstack.tethering.Tethering$StateReceiver.onReceive(Tethering.java:1192)
06-14 21:42:10.147 E/SystemServiceRegistry(  774): 	at android.app.LoadedApk$ReceiverDispatcher$Args.lambda$getRunnable$0$android-app-LoadedApk$ReceiverDispatcher$Args(LoadedApk.java:1790)
06-14 21:42:10.147 E/SystemServiceRegistry(  774): 	at android.app.LoadedApk$ReceiverDispatcher$Args$$ExternalSyntheticLambda0.run(Unknown Source:2)
06-14 21:42:10.147 E/SystemServiceRegistry(  774): 	at android.os.Handler.handleCallback(Handler.java:942)
06-14 21:42:10.147 E/SystemServiceRegistry(  774): 	at android.os.Handler.dispatchMessage(Handler.java:99)
06-14 21:42:10.147 E/SystemServiceRegistry(  774): 	at android.os.Looper.loopOnce(Looper.java:201)
06-14 21:42:10.147 E/SystemServiceRegistry(  774): 	at android.os.Looper.loop(Looper.java:288)
06-14 21:42:10.147 E/SystemServiceRegistry(  774): 	at android.os.HandlerThread.run(HandlerThread.java:67)
06-14 21:42:10.218 E/StatusBarSignalPolicy(  717): Unexpected subscription 1
06-14 21:42:10.231 E/android.hardware.power.stats@1.0-service-mock(  326): Failed to getEnergyData
06-14 21:42:10.236 E/TestHarnessModeService(  498): Failed to start Test Harness Mode; no implementation of PersistentDataBlockManagerInternal was bound!
06-14 21:42:10.263 E/WifiVendorHal(  498): lambda$getUsableChannels$24(l.0) failed {.code = ERROR_NOT_SUPPORTED, .description = }
06-14 21:42:10.267 E/WifiVendorHal(  498): lambda$getUsableChannels$24(l.0) failed {.code = ERROR_NOT_SUPPORTED, .description = }
06-14 21:42:10.278 E/WifiVendorHal(  498): lambda$getUsableChannels$24(l.0) failed {.code = ERROR_NOT_SUPPORTED, .description = }
06-14 21:42:10.281 E/WifiVendorHal(  498): lambda$getUsableChannels$24(l.0) failed {.code = ERROR_NOT_SUPPORTED, .description = }
06-14 21:42:10.299 E/WifiScoringParams(  498): Invalid frequency(-1), using 5G as default rssi array
06-14 21:42:10.312 E/putmethod.latin( 1215): Not starting debugger since process cannot load the jdwp agent.
06-14 21:42:10.337 E/.apps.wellbeing( 1219): Not starting debugger since process cannot load the jdwp agent.
06-14 21:42:10.350 E/RIL     (  439): Error 0 transmitting APDU: 0
06-14 21:42:10.354 E/bootstat( 1243): Failed to read /data/misc/bootstat/post_decrypt_time_elapsed: No such file or directory
06-14 21:42:10.354 E/bootstat( 1243): Failed to parse boot time record: /data/misc/bootstat/post_decrypt_time_elapsed
06-14 21:42:10.374 E/JobScheduler.JobStatus(  498): App com.google.android.inputmethod.latin became active but still in NEVER bucket
06-14 21:42:10.485 E/RIL     (  439): Error 0 transmitting APDU: 0
06-14 21:42:10.537 E/MusicRecognitionManagerPerUserService(  498): Bad service name: com.google.android.googlequicksearchbox/com.google.android.apps.search.soundsearch.service.SoundSearchService
06-14 21:42:10.640 E/gle.android.gms( 1272): Not starting debugger since process cannot load the jdwp agent.
06-14 21:42:10.651 E/AmbientContextManagerPerUserService(  498): Bad service name: com.google.android.as/com.google.android.apps.miphone.aiai.app.AiAiAmbientContextDetectionService
06-14 21:42:10.730 E/DialerDialerBaseApplication( 1183): com.android.dialer.DialerBaseApplication.getResources:47 getResources() called before resources are initialized
06-14 21:42:10.730 E/DialerDialerBaseApplication( 1183): skt: LARGE
06-14 21:42:10.730 E/DialerDialerBaseApplication( 1183): 	at bvr.getResources(PG:6)
06-14 21:42:10.730 E/DialerDialerBaseApplication( 1183): 	at nkf.a(PG:1)
06-14 21:42:10.730 E/DialerDialerBaseApplication( 1183): 	at njs.h(Unknown Source:0)
06-14 21:42:10.730 E/DialerDialerBaseApplication( 1183): 	at nmf.d(PG:8)
06-14 21:42:10.730 E/DialerDialerBaseApplication( 1183): 	at nmi.j(PG:5)
06-14 21:42:10.730 E/DialerDialerBaseApplication( 1183): 	at nmi.handleMessage(PG:60)
06-14 21:42:10.730 E/DialerDialerBaseApplication( 1183): 	at android.os.Handler.dispatchMessage(Handler.java:102)
06-14 21:42:10.730 E/DialerDialerBaseApplication( 1183): 	at ntu.b(Unknown Source:0)
06-14 21:42:10.730 E/DialerDialerBaseApplication( 1183): 	at ntu.dispatchMessage(Unknown Source:0)
06-14 21:42:10.730 E/DialerDialerBaseApplication( 1183): 	at android.os.Looper.loopOnce(Looper.java:201)
06-14 21:42:10.730 E/DialerDialerBaseApplication( 1183): 	at android.os.Looper.loop(Looper.java:288)
06-14 21:42:10.730 E/DialerDialerBaseApplication( 1183): 	at android.os.HandlerThread.run(HandlerThread.java:67)
06-14 21:42:10.730 E/DialerDialerBaseApplication( 1183): Caused by: java.lang.IllegalStateException: Resources are not initialized yet. Do not call getResource() in constructors of injected classes
06-14 21:42:10.730 E/DialerDialerBaseApplication( 1183): 	at tqe.t(Unknown Source:7)
06-14 21:42:10.730 E/DialerDialerBaseApplication( 1183): 	at bvr.getResources(PG:2)
06-14 21:42:10.730 E/DialerDialerBaseApplication( 1183): 	... 11 more
06-14 21:42:10.817 E/WallpaperEffectsGenerationPerUserService(  498): Bad service name: com.google.android.as/com.google.android.apps.miphone.aiai.app.wallpapereffects.AiAiWallpaperEffectsGenerationService
06-14 21:42:10.860 E/rs.media.module( 1320): Not starting debugger since process cannot load the jdwp agent.
06-14 21:42:10.953 E/OpenGLRenderer(  879): Unable to match the desired swap behavior.
06-14 21:42:11.000 E/BackupPasswordManager(  498): Unable to read backup pw version
06-14 21:42:11.001 E/BackupPasswordManager(  498): Unable to read saved backup pw hash
06-14 21:42:11.094 E/s.messaging:rcs( 1365): Not starting debugger since process cannot load the jdwp agent.
06-14 21:42:11.116 E/SystemServiceRegistry(  774): No service published for: ethernet
06-14 21:42:11.116 E/SystemServiceRegistry(  774): android.os.ServiceManager$ServiceNotFoundException: No service published for: ethernet
06-14 21:42:11.116 E/SystemServiceRegistry(  774): 	at android.os.ServiceManager.getServiceOrThrow(ServiceManager.java:166)
06-14 21:42:11.116 E/SystemServiceRegistry(  774): 	at android.app.SystemServiceRegistry$136.createService(SystemServiceRegistry.java:1809)
06-14 21:42:11.116 E/SystemServiceRegistry(  774): 	at android.app.SystemServiceRegistry$CachedServiceFetcher.getService(SystemServiceRegistry.java:1908)
06-14 21:42:11.116 E/SystemServiceRegistry(  774): 	at android.app.SystemServiceRegistry.getSystemService(SystemServiceRegistry.java:1585)
06-14 21:42:11.116 E/SystemServiceRegistry(  774): 	at android.app.ContextImpl.getSystemService(ContextImpl.java:2120)
06-14 21:42:11.116 E/SystemServiceRegistry(  774): 	at android.content.ContextWrapper.getSystemService(ContextWrapper.java:900)
06-14 21:42:11.116 E/SystemServiceRegistry(  774): 	at com.android.networkstack.tethering.Tethering.isEthernetSupported(Tethering.java:1590)
06-14 21:42:11.116 E/SystemServiceRegistry(  774): 	at com.android.networkstack.tethering.Tethering.makeSupportedDownstreams(Tethering.java:2556)
06-14 21:42:11.116 E/SystemServiceRegistry(  774): 	at com.android.networkstack.tethering.Tethering.updateSupportedDownstreams(Tethering.java:2530)
06-14 21:42:11.116 E/SystemServiceRegistry(  774): 	at com.android.networkstack.tethering.Tethering.updateConfiguration(Tethering.java:545)
06-14 21:42:11.116 E/SystemServiceRegistry(  774): 	at com.android.networkstack.tethering.Tethering.-$$Nest$mupdateConfiguration(Unknown Source:0)
06-14 21:42:11.116 E/SystemServiceRegistry(  774): 	at com.android.networkstack.tethering.Tethering$StateReceiver.onReceive(Tethering.java:1192)
06-14 21:42:11.116 E/SystemServiceRegistry(  774): 	at android.app.LoadedApk$ReceiverDispatcher$Args.lambda$getRunnable$0$android-app-LoadedApk$ReceiverDispatcher$Args(LoadedApk.java:1790)
06-14 21:42:11.116 E/SystemServiceRegistry(  774): 	at android.app.LoadedApk$ReceiverDispatcher$Args$$ExternalSyntheticLambda0.run(Unknown Source:2)
06-14 21:42:11.116 E/SystemServiceRegistry(  774): 	at android.os.Handler.handleCallback(Handler.java:942)
06-14 21:42:11.116 E/SystemServiceRegistry(  774): 	at android.os.Handler.dispatchMessage(Handler.java:99)
06-14 21:42:11.116 E/SystemServiceRegistry(  774): 	at android.os.Looper.loopOnce(Looper.java:201)
06-14 21:42:11.116 E/SystemServiceRegistry(  774): 	at android.os.Looper.loop(Looper.java:288)
06-14 21:42:11.116 E/SystemServiceRegistry(  774): 	at android.os.HandlerThread.run(HandlerThread.java:67)
06-14 21:42:11.211 E/or.multidisplay( 1399): Not starting debugger since process cannot load the jdwp agent.
06-14 21:42:11.224 E/hbox:interactor( 1361): Not starting debugger since process cannot load the jdwp agent.
06-14 21:42:11.229 E/ogle.android.as( 1352): Not starting debugger since process cannot load the jdwp agent.
06-14 21:42:11.314 E/oadcastreceiver( 1429): Not starting debugger since process cannot load the jdwp agent.
06-14 21:42:11.358 E/ndroid.keychain( 1411): Not starting debugger since process cannot load the jdwp agent.
06-14 21:42:11.493 E/KeyguardClockSwitch(  717): No clock being shown
06-14 21:42:11.610 E/ssioncontroller( 1489): Not starting debugger since process cannot load the jdwp agent.
06-14 21:42:11.641 E/ocess.gservices( 1498): Not starting debugger since process cannot load the jdwp agent.
06-14 21:42:11.667 E/FrameEvents( 1028): updateAcquireFence: Did not find frame.
06-14 21:42:11.697 E/FrameEvents( 1028): updateAcquireFence: Did not find frame.
06-14 21:42:11.748 E/FrameEvents( 1028): updateAcquireFence: Did not find frame.
06-14 21:42:11.952 E/oid.apps.photos( 1553): Not starting debugger since process cannot load the jdwp agent.
06-14 21:42:11.979 E/JobScheduler.JobStatus(  498): App com.google.android.dialer became active but still in NEVER bucket
06-14 21:42:11.985 E/JobScheduler.JobStatus(  498): App com.google.android.dialer became active but still in NEVER bucket
06-14 21:42:11.989 E/JobScheduler.JobStatus(  498): App com.google.android.dialer became active but still in NEVER bucket
06-14 21:42:11.993 E/JobScheduler.JobStatus(  498): App com.google.android.dialer became active but still in NEVER bucket
06-14 21:42:12.002 E/JobScheduler.JobStatus(  498): App com.google.android.dialer became active but still in NEVER bucket
06-14 21:42:12.003 E/TelephonyProvider(  873): internal sim-specific settings backup data file does not exist. Aborting restore
06-14 21:42:12.011 E/JobScheduler.JobStatus(  498): App com.google.android.dialer became active but still in NEVER bucket
06-14 21:42:12.025 E/JobScheduler.JobStatus(  498): App com.google.android.dialer became active but still in NEVER bucket
06-14 21:42:12.034 E/JobScheduler.JobStatus(  498): App com.google.android.dialer became active but still in NEVER bucket
06-14 21:42:12.045 E/JobScheduler.Quota(  498): <0>com.google.android.apps.photos has 0 EJ quota without running anything
06-14 21:42:12.045 E/JobScheduler.Quota(  498): <0>com.google.android.apps.photos has 0 EJ quota without running anything
06-14 21:42:12.052 E/JobScheduler.JobStatus(  498): App com.google.android.dialer became active but still in NEVER bucket
06-14 21:42:12.054 E/JobScheduler.JobStatus(  498): App com.google.android.dialer became active but still in NEVER bucket
06-14 21:42:12.077 E/gs.intelligence( 1579): Not starting debugger since process cannot load the jdwp agent.
06-14 21:42:12.135 E/KeyguardClockSwitch(  717): No clock being shown
06-14 21:42:12.145 E/e.process.gapps( 1609): Not starting debugger since process cannot load the jdwp agent.
06-14 21:42:12.542 E/GmsClient( 1498): unable to connect to service: com.google.android.gms.gservices.START on com.google.android.gms
06-14 21:42:12.717 E/d.process.acore( 1645): Not starting debugger since process cannot load the jdwp agent.
06-14 21:42:12.746 E/earchbox:search( 1655): Not starting debugger since process cannot load the jdwp agent.
06-14 21:42:12.774 E/PhenotypeFlagCommitter( 1183): Retrieving snapshot for com.google.android.dialer failed
06-14 21:42:12.774 E/PhenotypeFlagCommitter( 1183): java.util.concurrent.TimeoutException: Timed out waiting for Task
06-14 21:42:12.774 E/PhenotypeFlagCommitter( 1183): 	at ofh.O(PG:7)
06-14 21:42:12.774 E/PhenotypeFlagCommitter( 1183): 	at nwm.d(PG:2)
06-14 21:42:12.774 E/PhenotypeFlagCommitter( 1183): 	at nwm.c(PG:2)
06-14 21:42:12.774 E/PhenotypeFlagCommitter( 1183): 	at htv.call(PG:66)
06-14 21:42:12.774 E/PhenotypeFlagCommitter( 1183): 	at svs.call(PG:7)
06-14 21:42:12.774 E/PhenotypeFlagCommitter( 1183): 	at syd.a(Unknown Source:2)
06-14 21:42:12.774 E/PhenotypeFlagCommitter( 1183): 	at sxh.run(PG:3)
06-14 21:42:12.774 E/PhenotypeFlagCommitter( 1183): 	at sye.run(Unknown Source:4)
06-14 21:42:12.774 E/PhenotypeFlagCommitter( 1183): 	at ocg.run(PG:1)
06-14 21:42:12.774 E/PhenotypeFlagCommitter( 1183): 	at java.util.concurrent.ThreadPoolExecutor.runWorker(ThreadPoolExecutor.java:1137)
06-14 21:42:12.774 E/PhenotypeFlagCommitter( 1183): 	at java.util.concurrent.ThreadPoolExecutor$Worker.run(ThreadPoolExecutor.java:637)
06-14 21:42:12.774 E/PhenotypeFlagCommitter( 1183): 	at oca.run(PG:19)
06-14 21:42:12.774 E/PhenotypeFlagCommitter( 1183): 	at nxu.run(PG:53)
06-14 21:42:12.774 E/PhenotypeFlagCommitter( 1183): 	at java.lang.Thread.run(Thread.java:1012)
06-14 21:42:12.774 E/PhenotypeFlagCommitter( 1183): 	at ocj.run(PG:6)
06-14 21:42:12.775 E/OpenGLRenderer( 1028): Unable to match the desired swap behavior.
06-14 21:42:12.881 E/Parcel  (  498): Reading a NULL string not supported here.
06-14 21:42:12.882 E/ARProxy (  498): Unknown descriptor: 
06-14 21:42:12.898 E/OneSearchSuggestProvider( 1028): Failed to fetch suggestions from AppSearch, fallback to AGA
06-14 21:42:12.898 E/OneSearchSuggestProvider( 1028): java.util.concurrent.CompletionException: java.util.NoSuchElementException: No value present
06-14 21:42:12.898 E/OneSearchSuggestProvider( 1028): 	at java.util.concurrent.CompletableFuture.encodeThrowable(CompletableFuture.java:307)
06-14 21:42:12.898 E/OneSearchSuggestProvider( 1028): 	at java.util.concurrent.CompletableFuture.completeThrowable(CompletableFuture.java:322)
06-14 21:42:12.898 E/OneSearchSuggestProvider( 1028): 	at java.util.concurrent.CompletableFuture$UniAccept.tryFire(CompletableFuture.java:680)
06-14 21:42:12.898 E/OneSearchSuggestProvider( 1028): 	at java.util.concurrent.CompletableFuture.postComplete(CompletableFuture.java:482)
06-14 21:42:12.898 E/OneSearchSuggestProvider( 1028): 	at java.util.concurrent.CompletableFuture.completeExceptionally(CompletableFuture.java:2064)
06-14 21:42:12.898 E/OneSearchSuggestProvider( 1028): 	at com.google.android.apps.nexuslauncher.allapps.J.onResult(Unknown Source:59)
06-14 21:42:12.898 E/OneSearchSuggestProvider( 1028): 	at android.app.appsearch.SearchSessionUtil$1.lambda$onResult$0(SearchSessionUtil.java:128)
06-14 21:42:12.898 E/OneSearchSuggestProvider( 1028): 	at android.app.appsearch.SearchSessionUtil$1.$r8$lambda$_nlk9WiPjSfaAsqKYmp0aPvSRC0(Unknown Source:0)
06-14 21:42:12.898 E/OneSearchSuggestProvider( 1028): 	at android.app.appsearch.AppSearchSession$4$$ExternalSyntheticLambda1.run(Unknown Source:26)
06-14 21:42:12.898 E/OneSearchSuggestProvider( 1028): 	at android.os.Handler.handleCallback(Handler.java:942)
06-14 21:42:12.898 E/OneSearchSuggestProvider( 1028): 	at android.os.Handler.dispatchMessage(Handler.java:99)
06-14 21:42:12.898 E/OneSearchSuggestProvider( 1028): 	at android.os.Looper.loopOnce(Looper.java:201)
06-14 21:42:12.898 E/OneSearchSuggestProvider( 1028): 	at android.os.Looper.loop(Looper.java:288)
06-14 21:42:12.898 E/OneSearchSuggestProvider( 1028): 	at android.os.HandlerThread.run(HandlerThread.java:67)
06-14 21:42:12.898 E/OneSearchSuggestProvider( 1028): Caused by: java.util.NoSuchElementException: No value present
06-14 21:42:12.898 E/OneSearchSuggestProvider( 1028): 	at java.util.Optional.get(Optional.java:144)
06-14 21:42:12.898 E/OneSearchSuggestProvider( 1028): 	at com.google.android.apps.nexuslauncher.allapps.J.onResult(Unknown Source:16)
06-14 21:42:12.898 E/OneSearchSuggestProvider( 1028): 	... 8 more
06-14 21:42:13.015 E/SystemServiceRegistry(  774): No service published for: ethernet
06-14 21:42:13.015 E/SystemServiceRegistry(  774): android.os.ServiceManager$ServiceNotFoundException: No service published for: ethernet
06-14 21:42:13.015 E/SystemServiceRegistry(  774): 	at android.os.ServiceManager.getServiceOrThrow(ServiceManager.java:166)
06-14 21:42:13.015 E/SystemServiceRegistry(  774): 	at android.app.SystemServiceRegistry$136.createService(SystemServiceRegistry.java:1809)
06-14 21:42:13.015 E/SystemServiceRegistry(  774): 	at android.app.SystemServiceRegistry$CachedServiceFetcher.getService(SystemServiceRegistry.java:1908)
06-14 21:42:13.015 E/SystemServiceRegistry(  774): 	at android.app.SystemServiceRegistry.getSystemService(SystemServiceRegistry.java:1585)
06-14 21:42:13.015 E/SystemServiceRegistry(  774): 	at android.app.ContextImpl.getSystemService(ContextImpl.java:2120)
06-14 21:42:13.015 E/SystemServiceRegistry(  774): 	at android.content.ContextWrapper.getSystemService(ContextWrapper.java:900)
06-14 21:42:13.015 E/SystemServiceRegistry(  774): 	at com.android.networkstack.tethering.Tethering.isEthernetSupported(Tethering.java:1590)
06-14 21:42:13.015 E/SystemServiceRegistry(  774): 	at com.android.networkstack.tethering.Tethering.makeSupportedDownstreams(Tethering.java:2556)
06-14 21:42:13.015 E/SystemServiceRegistry(  774): 	at com.android.networkstack.tethering.Tethering.updateSupportedDownstreams(Tethering.java:2530)
06-14 21:42:13.015 E/SystemServiceRegistry(  774): 	at com.android.networkstack.tethering.Tethering.updateConfiguration(Tethering.java:545)
06-14 21:42:13.015 E/SystemServiceRegistry(  774): 	at com.android.networkstack.tethering.Tethering.lambda$new$3(Tethering.java:344)
06-14 21:42:13.015 E/SystemServiceRegistry(  774): 	at com.android.networkstack.tethering.Tethering.$r8$lambda$gUNv5kQ9F3l-55GJaHD0NFxn_Fo(Unknown Source:0)
06-14 21:42:13.015 E/SystemServiceRegistry(  774): 	at com.android.networkstack.tethering.Tethering$$ExternalSyntheticLambda4.accept(Unknown Source:4)
06-14 21:42:13.015 E/SystemServiceRegistry(  774): 	at com.android.networkstack.tethering.util.VersionedBroadcastListener$Receiver.onReceive(VersionedBroadcastListener.java:103)
06-14 21:42:13.015 E/SystemServiceRegistry(  774): 	at android.app.LoadedApk$ReceiverDispatcher$Args.lambda$getRunnable$0$android-app-LoadedApk$ReceiverDispatcher$Args(LoadedApk.java:1790)
06-14 21:42:13.015 E/SystemServiceRegistry(  774): 	at android.app.LoadedApk$ReceiverDispatcher$Args$$ExternalSyntheticLambda0.run(Unknown Source:2)
06-14 21:42:13.015 E/SystemServiceRegistry(  774): 	at android.os.Handler.handleCallback(Handler.java:942)
06-14 21:42:13.015 E/SystemServiceRegistry(  774): 	at android.os.Handler.dispatchMessage(Handler.java:99)
06-14 21:42:13.015 E/SystemServiceRegistry(  774): 	at android.os.Looper.loopOnce(Looper.java:201)
06-14 21:42:13.015 E/SystemServiceRegistry(  774): 	at android.os.Looper.loop(Looper.java:288)
06-14 21:42:13.015 E/SystemServiceRegistry(  774): 	at android.os.HandlerThread.run(HandlerThread.java:67)
06-14 21:42:13.019 E/GnssUtilsJni(  498): IGnssConfiguration setEsExtensionSec() failed.
06-14 21:42:13.019 E/GnssConfiguration(  498): Unable to set ES_EXTENSION_SEC: 0
06-14 21:42:13.095 E/viceentitlement( 1695): Not starting debugger since process cannot load the jdwp agent.
06-14 21:42:13.518 E/GnssUtilsJni(  498): IGnssConfiguration setEsExtensionSec() failed.
06-14 21:42:13.519 E/GnssConfiguration(  498): Unable to set ES_EXTENSION_SEC: 0
06-14 21:42:14.039 E/FrameEvents( 1028): updateAcquireFence: Did not find frame.
06-14 21:42:14.255 E/.localtransport( 1782): Not starting debugger since process cannot load the jdwp agent.
06-14 21:42:14.275 E/gle.android.ims( 1790): Not starting debugger since process cannot load the jdwp agent.
06-14 21:42:14.339 E/.apps.wallpaper( 1812): Not starting debugger since process cannot load the jdwp agent.
06-14 21:42:14.829 E/MboOceController(  498): onDataConnectionStateChanged unexpected State: 1
06-14 21:42:14.896 E/id.printspooler( 1863): Not starting debugger since process cannot load the jdwp agent.
06-14 21:42:15.047 E/android.youtube( 1897): Not starting debugger since process cannot load the jdwp agent.
06-14 21:42:15.084 E/WifiDataStall(  498): onDataConnectionStateChanged unexpected State: 1
06-14 21:42:15.314 E/Netd    (  296): no such netId 100
06-14 21:42:15.393 E/.apps.messaging( 1948): Not starting debugger since process cannot load the jdwp agent.
06-14 21:42:15.457 E/ConnectivityService(  498): exception in interfaceSetMtu()android.os.ServiceSpecificException: Remote I/O error (code 121)
06-14 21:42:15.506 E/Netd    (  296): no such netId 100
06-14 21:42:15.509 E/ConnectivityService(  498): Exception in networkAddRouteParcel for non-gateway: android.os.ServiceSpecificException: Machine is not on the network (code 64)
06-14 21:42:15.510 E/Netd    (  296): no such netId 100
06-14 21:42:15.510 E/ConnectivityService(  498): Exception in networkAddRouteParcel for gateway: android.os.ServiceSpecificException: Machine is not on the network (code 64)
06-14 21:42:15.600 E/DialerAndroidFutures( 1183): com.google.apps.tiktok.concurrent.AndroidFutures.lambda$logOnFailure$3:411 failed to schedule status check
06-14 21:42:15.600 E/DialerAndroidFutures( 1183): java.lang.IllegalStateException: Cannot retrieve VvmAccountState for this PhoneAccountHandle
06-14 21:42:15.600 E/DialerAndroidFutures( 1183): 	at ewe.get(PG:6)
06-14 21:42:15.600 E/DialerAndroidFutures( 1183): 	at java.util.Optional.orElseThrow(Optional.java:404)
06-14 21:42:15.600 E/DialerAndroidFutures( 1183): 	at jkn.a(PG:49)
06-14 21:42:15.600 E/DialerAndroidFutures( 1183): 	at rst.a(PG:2)
06-14 21:42:15.600 E/DialerAndroidFutures( 1183): 	at sve.c(PG:2)
06-14 21:42:15.600 E/DialerAndroidFutures( 1183): 	at svf.run(PG:9)
06-14 21:42:15.600 E/DialerAndroidFutures( 1183): 	at ocg.run(PG:1)
06-14 21:42:15.600 E/DialerAndroidFutures( 1183): 	at java.util.concurrent.ThreadPoolExecutor.runWorker(ThreadPoolExecutor.java:1137)
06-14 21:42:15.600 E/DialerAndroidFutures( 1183): 	at java.util.concurrent.ThreadPoolExecutor$Worker.run(ThreadPoolExecutor.java:637)
06-14 21:42:15.600 E/DialerAndroidFutures( 1183): 	at oca.run(PG:19)
06-14 21:42:15.600 E/DialerAndroidFutures( 1183): 	at oca.run(PG:32)
06-14 21:42:15.600 E/DialerAndroidFutures( 1183): 	at java.lang.Thread.run(Thread.java:1012)
06-14 21:42:15.600 E/DialerAndroidFutures( 1183): 	at ocj.run(PG:6)
06-14 21:42:15.614 E/AppOps  (  498): Bad call made by uid 10113. Package "com.google.android.gms" does not belong to uid 10113.
06-14 21:42:15.670 E/AppOps  (  498): Bad call made by uid 10113. Package "com.google.android.gms" does not belong to uid 10113.
06-14 21:42:15.671 E/KeyguardUpdateMonitorLog(  717): Object tried to add another callback
06-14 21:42:15.671 E/KeyguardUpdateMonitorLog(  717): java.lang.Exception: Called by
06-14 21:42:15.671 E/KeyguardUpdateMonitorLog(  717): 	at com.android.keyguard.KeyguardUpdateMonitor.registerCallback(KeyguardUpdateMonitor.java:37)
06-14 21:42:15.671 E/KeyguardUpdateMonitorLog(  717): 	at com.android.keyguard.CarrierTextManager$$ExternalSyntheticLambda2.run(R8$$SyntheticClass:92)
06-14 21:42:15.671 E/KeyguardUpdateMonitorLog(  717): 	at android.os.Handler.handleCallback(Handler.java:942)
06-14 21:42:15.671 E/KeyguardUpdateMonitorLog(  717): 	at android.os.Handler.dispatchMessage(Handler.java:99)
06-14 21:42:15.671 E/KeyguardUpdateMonitorLog(  717): 	at android.os.Looper.loopOnce(Looper.java:201)
06-14 21:42:15.671 E/KeyguardUpdateMonitorLog(  717): 	at android.os.Looper.loop(Looper.java:288)
06-14 21:42:15.671 E/KeyguardUpdateMonitorLog(  717): 	at android.app.ActivityThread.main(ActivityThread.java:7924)
06-14 21:42:15.671 E/KeyguardUpdateMonitorLog(  717): 	at java.lang.reflect.Method.invoke(Native Method)
06-14 21:42:15.671 E/KeyguardUpdateMonitorLog(  717): 	at com.android.internal.os.RuntimeInit$MethodAndArgsCaller.run(RuntimeInit.java:548)
06-14 21:42:15.671 E/KeyguardUpdateMonitorLog(  717): 	at com.android.internal.os.ZygoteInit.main(ZygoteInit.java:936)
06-14 21:42:15.677 E/KeyguardUpdateMonitorLog(  717): Object tried to add another callback
06-14 21:42:15.677 E/KeyguardUpdateMonitorLog(  717): java.lang.Exception: Called by
06-14 21:42:15.677 E/KeyguardUpdateMonitorLog(  717): 	at com.android.keyguard.KeyguardUpdateMonitor.registerCallback(KeyguardUpdateMonitor.java:37)
06-14 21:42:15.677 E/KeyguardUpdateMonitorLog(  717): 	at com.android.keyguard.CarrierTextManager$$ExternalSyntheticLambda2.run(R8$$SyntheticClass:92)
06-14 21:42:15.677 E/KeyguardUpdateMonitorLog(  717): 	at android.os.Handler.handleCallback(Handler.java:942)
06-14 21:42:15.677 E/KeyguardUpdateMonitorLog(  717): 	at android.os.Handler.dispatchMessage(Handler.java:99)
06-14 21:42:15.677 E/KeyguardUpdateMonitorLog(  717): 	at android.os.Looper.loopOnce(Looper.java:201)
06-14 21:42:15.677 E/KeyguardUpdateMonitorLog(  717): 	at android.os.Looper.loop(Looper.java:288)
06-14 21:42:15.677 E/KeyguardUpdateMonitorLog(  717): 	at android.app.ActivityThread.main(ActivityThread.java:7924)
06-14 21:42:15.677 E/KeyguardUpdateMonitorLog(  717): 	at java.lang.reflect.Method.invoke(Native Method)
06-14 21:42:15.677 E/KeyguardUpdateMonitorLog(  717): 	at com.android.internal.os.RuntimeInit$MethodAndArgsCaller.run(RuntimeInit.java:548)
06-14 21:42:15.677 E/KeyguardUpdateMonitorLog(  717): 	at com.android.internal.os.ZygoteInit.main(ZygoteInit.java:936)
06-14 21:42:16.440 E/ConnectivityService(  498): exception in interfaceSetMtu()android.os.ServiceSpecificException: Remote I/O error (code 121)
06-14 21:42:16.549 E/android.vending( 2039): Not starting debugger since process cannot load the jdwp agent.
06-14 21:42:16.781 E/AiAiTextClassifier( 1352): [TextClassifierLibProviderImpl]: Failed to load webref in TcLib, keeping the existing instance
06-14 21:42:16.781 E/AiAiTextClassifier( 1352): iwv: No downloadable or bundled packs are available.
06-14 21:42:16.781 E/AiAiTextClassifier( 1352): 	at iwr.a(PG:19)
06-14 21:42:16.781 E/AiAiTextClassifier( 1352): 	at hcj.c(PG:1)
06-14 21:42:16.781 E/AiAiTextClassifier( 1352): 	at hdq.h(PG:3)
06-14 21:42:16.781 E/AiAiTextClassifier( 1352): 	at hdq.a(PG:6)
06-14 21:42:16.781 E/AiAiTextClassifier( 1352): 	at hbg.f(PG:1)
06-14 21:42:16.781 E/AiAiTextClassifier( 1352): 	at ezm.run(PG:4)
06-14 21:42:16.781 E/AiAiTextClassifier( 1352): 	at java.util.concurrent.Executors$RunnableAdapter.call(Executors.java:463)
06-14 21:42:16.781 E/AiAiTextClassifier( 1352): 	at java.util.concurrent.FutureTask.run(FutureTask.java:264)
06-14 21:42:16.781 E/AiAiTextClassifier( 1352): 	at java.util.concurrent.ScheduledThreadPoolExecutor$ScheduledFutureTask.run(ScheduledThreadPoolExecutor.java:307)
06-14 21:42:16.781 E/AiAiTextClassifier( 1352): 	at java.util.concurrent.ThreadPoolExecutor.runWorker(ThreadPoolExecutor.java:1137)
06-14 21:42:16.781 E/AiAiTextClassifier( 1352): 	at java.util.concurrent.ThreadPoolExecutor$Worker.run(ThreadPoolExecutor.java:637)
06-14 21:42:16.781 E/AiAiTextClassifier( 1352): 	at dum.run(PG:65)
06-14 21:42:16.781 E/AiAiTextClassifier( 1352): 	at java.lang.Thread.run(Thread.java:1012)
06-14 21:42:17.099 E/NetlinkEvent(  296): NetlinkEvent::FindParam(): Parameter 'INTERFACE' not found
06-14 21:42:17.099 E/NetlinkEvent(  296): NetlinkEvent::FindParam(): Parameter 'STATE' not found
06-14 21:42:17.099 E/NetlinkEvent(  296): NetlinkEvent::FindParam(): Parameter 'TIME_NS' not found
06-14 21:42:17.099 E/NetlinkEvent(  296): NetlinkEvent::FindParam(): Parameter 'UID' not found
06-14 21:42:17.517 E/StorageManagerService(  498): Failed to notify volume state changed to the Storage Service
06-14 21:42:17.517 E/StorageManagerService(  498): com.android.server.storage.StorageSessionController$ExternalStorageServiceException: Failed to notify volume state changed for vol : StorageVolume: Virtual SD card
06-14 21:42:17.517 E/StorageManagerService(  498): 	at com.android.server.storage.StorageUserConnection$ActiveConnection.notifyVolumeStateChanged(StorageUserConnection.java:420)
06-14 21:42:17.517 E/StorageManagerService(  498): 	at com.android.server.storage.StorageUserConnection.notifyVolumeStateChanged(StorageUserConnection.java:131)
06-14 21:42:17.517 E/StorageManagerService(  498): 	at com.android.server.storage.StorageSessionController.notifyVolumeStateChanged(StorageSessionController.java:157)
06-14 21:42:17.517 E/StorageManagerService(  498): 	at com.android.server.StorageManagerService.onVolumeStateChangedAsync(StorageManagerService.java:1753)
06-14 21:42:17.517 E/StorageManagerService(  498): 	at com.android.server.StorageManagerService.-$$Nest$monVolumeStateChangedAsync(Unknown Source:0)
06-14 21:42:17.517 E/StorageManagerService(  498): 	at com.android.server.StorageManagerService$StorageManagerServiceHandler.handleMessage(StorageManagerService.java:870)
06-14 21:42:17.517 E/StorageManagerService(  498): 	at android.os.Handler.dispatchMessage(Handler.java:106)
06-14 21:42:17.517 E/StorageManagerService(  498): 	at android.os.Looper.loopOnce(Looper.java:201)
06-14 21:42:17.517 E/StorageManagerService(  498): 	at android.os.Looper.loop(Looper.java:288)
06-14 21:42:17.517 E/StorageManagerService(  498): 	at android.os.HandlerThread.run(HandlerThread.java:67)
06-14 21:42:17.517 E/StorageManagerService(  498): Caused by: java.util.concurrent.ExecutionException: android.os.ParcelableException: java.lang.IllegalArgumentException
06-14 21:42:17.517 E/StorageManagerService(  498): 	at java.util.concurrent.CompletableFuture.reportGet(CompletableFuture.java:371)
06-14 21:42:17.517 E/StorageManagerService(  498): 	at java.util.concurrent.CompletableFuture.get(CompletableFuture.java:1998)
06-14 21:42:17.517 E/StorageManagerService(  498): 	at com.android.server.storage.StorageUserConnection$ActiveConnection.waitForAsync(StorageUserConnection.java:379)
06-14 21:42:17.517 E/StorageManagerService(  498): 	at com.android.server.storage.StorageUserConnection$ActiveConnection.waitForAsyncVoid(StorageUserConnection.java:358)
06-14 21:42:17.517 E/StorageManagerService(  498): 	at com.android.server.storage.StorageUserConnection$ActiveConnection.notifyVolumeStateChanged(StorageUserConnection.java:417)
06-14 21:42:17.517 E/StorageManagerService(  498): 	... 9 more
06-14 21:42:17.517 E/StorageManagerService(  498): Caused by: android.os.ParcelableException: java.lang.IllegalArgumentException
06-14 21:42:17.517 E/StorageManagerService(  498): 	at android.os.ParcelableException$1.createFromParcel(ParcelableException.java:82)
06-14 21:42:17.517 E/StorageManagerService(  498): 	at android.os.ParcelableException$1.createFromParcel(ParcelableException.java:79)
06-14 21:42:17.517 E/StorageManagerService(  498): 	at android.os.Parcel.readParcelableInternal(Parcel.java:4816)
06-14 21:42:17.517 E/StorageManagerService(  498): 	at android.os.Parcel.readValue(Parcel.java:4567)
06-14 21:42:17.517 E/StorageManagerService(  498): 	at android.os.Parcel.readValue(Parcel.java:4347)
06-14 21:42:17.517 E/StorageManagerService(  498): 	at android.os.Parcel.-$$Nest$mreadValue(Unknown Source:0)
06-14 21:42:17.517 E/StorageManagerService(  498): 	at android.os.Parcel$LazyValue.apply(Parcel.java:4445)
06-14 21:42:17.517 E/StorageManagerService(  498): 	at android.os.Parcel$LazyValue.apply(Parcel.java:4404)
06-14 21:42:17.517 E/StorageManagerService(  498): 	at android.os.BaseBundle.getValueAt(BaseBundle.java:394)
06-14 21:42:17.517 E/StorageManagerService(  498): 	at android.os.BaseBundle.getValue(BaseBundle.java:374)
06-14 21:42:17.517 E/StorageManagerService(  498): 	at android.os.BaseBundle.getValue(BaseBundle.java:357)
06-14 21:42:17.517 E/StorageManagerService(  498): 	at android.os.BaseBundle.getValue(BaseBundle.java:350)
06-14 21:42:17.517 E/StorageManagerService(  498): 	at android.os.Bundle.getParcelable(Bundle.java:913)
06-14 21:42:17.517 E/StorageManagerService(  498): 	at com.android.server.storage.StorageUserConnection$ActiveConnection.setResult(StorageUserConnection.java:448)
06-14 21:42:17.517 E/StorageManagerService(  498): 	at com.android.server.storage.StorageUserConnection$ActiveConnection.lambda$waitForAsyncVoid$0(StorageUserConnection.java:356)
06-14 21:42:17.517 E/StorageManagerService(  498): 	at com.android.server.storage.StorageUserConnection$ActiveConnection.$r8$lambda$TGfSlg4snMb6ak_fdG_XV6CYPSg(Unknown Source:0)
06-14 21:42:17.517 E/StorageManagerService(  498): 	at com.android.server.storage.StorageUserConnection$ActiveConnection$$ExternalSyntheticLambda3.onResult(Unknown Source:4)
06-14 21:42:17.517 E/StorageManagerService(  498): 	at android.os.RemoteCallback.sendResult(RemoteCallback.java:75)
06-14 21:42:17.517 E/StorageManagerService(  498): 	at android.os.RemoteCallback$1.sendResult(RemoteCallback.java:52)
06-14 21:42:17.517 E/StorageManagerService(  498): 	at android.os.IRemoteCallback$Stub.onTransact(IRemoteCallback.java:87)
06-14 21:42:17.517 E/StorageManagerService(  498): 	at android.os.Binder.execTransactInternal(Binder.java:1285)
06-14 21:42:17.517 E/StorageManagerService(  498): 	at android.os.Binder.execTransact(Binder.java:1244)
06-14 21:42:17.517 E/StorageManagerService(  498): Caused by: java.lang.IllegalArgumentException
06-14 21:42:17.517 E/StorageManagerService(  498): 	at java.lang.reflect.Constructor.newInstance0(Native Method)
06-14 21:42:17.517 E/StorageManagerService(  498): 	at java.lang.reflect.Constructor.newInstance(Constructor.java:343)
06-14 21:42:17.517 E/StorageManagerService(  498): 	at android.os.ParcelableException.readFromParcel(ParcelableException.java:56)
06-14 21:42:17.517 E/StorageManagerService(  498): 	... 22 more
06-14 21:42:18.782 E/Netd    (  296): no such netId 101
06-14 21:42:18.784 E/Netd    (  296): no such netId 101
06-14 21:42:19.113 E/Netd    (  296): no such netId 101
06-14 21:42:19.139 E/ConnectivityService(  498): Exception in networkAddRouteParcel for non-gateway: android.os.ServiceSpecificException: Machine is not on the network (code 64)
06-14 21:42:19.140 E/Netd    (  296): no such netId 101
06-14 21:42:19.159 E/ConnectivityService(  498): Exception in networkAddRouteParcel for gateway: android.os.ServiceSpecificException: Machine is not on the network (code 64)
06-14 21:42:19.625 E/WifiVendorHal(  498): stopRssiMonitoring(l.21) failed {.code = ERROR_NOT_AVAILABLE, .description = }
06-14 21:42:19.781 E/NetlinkEvent(  296): NetlinkEvent::FindParam(): Parameter 'INTERFACE' not found
06-14 21:42:19.781 E/NetlinkEvent(  296): NetlinkEvent::FindParam(): Parameter 'STATE' not found
06-14 21:42:19.781 E/NetlinkEvent(  296): NetlinkEvent::FindParam(): Parameter 'TIME_NS' not found
06-14 21:42:19.781 E/NetlinkEvent(  296): NetlinkEvent::FindParam(): Parameter 'UID' not found
06-14 21:42:19.899 E/AppOps  (  498): Bad call made by uid 10121. Package "com.google.android.gms" does not belong to uid 10121.
06-14 21:42:19.912 E/AppOps  (  498): Bad call made by uid 10121. Package "com.google.android.gms" does not belong to uid 10121.
06-14 21:42:20.827 E/netd    (  296): Error adding route ::/0 -> fe80::2 wlan0 to table 1016: File exists
06-14 21:42:21.270 E/NetlinkEvent(  296): NetlinkEvent::FindParam(): Parameter 'INTERFACE' not found
06-14 21:42:21.271 E/NetlinkEvent(  296): NetlinkEvent::FindParam(): Parameter 'STATE' not found
06-14 21:42:21.271 E/NetlinkEvent(  296): NetlinkEvent::FindParam(): Parameter 'TIME_NS' not found
