06-14 21:42:59.436 E/gfaf    ( 1148): 	... 4 more
06-14 21:42:59.436 E/gfaf    ( 1148): Caused by: juhg: UNAVAILABLE
06-14 21:42:59.436 E/gfaf    ( 1148): 	at jvey.a(:com.google.android.gms@262031032@26.20.31 (190800-919905943):41)
06-14 21:42:59.436 E/gfaf    ( 1148): 	at jupg.run(:com.google.android.gms@262031032@26.20.31 (190800-919905943):24)
06-14 21:42:59.436 E/gfaf    ( 1148): 	at jupi.h(:com.google.android.gms@262031032@26.20.31 (190800-919905943):14)
06-14 21:42:59.436 E/gfaf    ( 1148): 	at jupi.a(:com.google.android.gms@262031032@26.20.31 (190800-919905943):6)
06-14 21:42:59.436 E/gfaf    ( 1148): 	at junz.h(:com.google.android.gms@262031032@26.20.31 (190800-919905943):1)
06-14 21:42:59.436 E/gfaf    ( 1148): 	at junw.a(:com.google.android.gms@262031032@26.20.31 (190800-919905943):28)
06-14 21:42:59.436 E/gfaf    ( 1148): 	at juos.run(:com.google.android.gms@262031032@26.20.31 (190800-919905943):7)
06-14 21:42:59.436 E/gfaf    ( 1148): 	at juyl.run(:com.google.android.gms@262031032@26.20.31 (190800-919905943):12)
06-14 21:42:59.436 E/gfaf    ( 1148): 	at java.util.concurrent.ThreadPoolExecutor.runWorker(ThreadPoolExecutor.java:1137)
06-14 21:42:59.436 E/gfaf    ( 1148): 	at java.util.concurrent.ThreadPoolExecutor$Worker.run(ThreadPoolExecutor.java:637)
06-14 21:42:59.436 E/gfaf    ( 1148): 	... 1 more
06-14 21:42:59.436 E/gfaf    ( 1148): Caused by: javax.net.ssl.SSLHandshakeException: java.security.cert.CertPathValidatorException: Trust anchor for certification path not found.
06-14 21:42:59.436 E/gfaf    ( 1148): 	at com.google.android.gms.org.conscrypt.ConscryptFileDescriptorSocket.startHandshake(:com.google.android.gms@262031032@26.20.31 (190800-919905943):276)
06-14 21:42:59.436 E/gfaf    ( 1148): 	at jvcr.b(:com.google.android.gms@262031032@26.20.31 (190800-919905943):6)
06-14 21:42:59.436 E/gfaf    ( 1148): 	at jvcq.b(:com.google.android.gms@262031032@26.20.31 (190800-919905943):7)
06-14 21:42:59.436 E/gfaf    ( 1148): 	at jvch.run(:com.google.android.gms@262031032@26.20.31 (190800-919905943):1047)
06-14 21:42:59.436 E/gfaf    ( 1148): 	at juyl.run(:com.google.android.gms@262031032@26.20.31 (190800-919905943):12)
06-14 21:42:59.436 E/gfaf    ( 1148): 	at gcxf.run(:com.google.android.gms@262031032@26.20.31 (190800-919905943):18)
06-14 21:42:59.436 E/gfaf    ( 1148): 	at haqh.run(:com.google.android.gms@262031032@26.20.31 (190800-919905943):23)
06-14 21:42:59.436 E/gfaf    ( 1148): 	at bjnt.c(:com.google.android.gms@262031032@26.20.31 (190800-919905943):50)
06-14 21:42:59.436 E/gfaf    ( 1148): 	at bjnt.run(:com.google.android.gms@262031032@26.20.31 (190800-919905943):66)
06-14 21:42:59.436 E/gfaf    ( 1148): 	at java.util.concurrent.ThreadPoolExecutor.runWorker(ThreadPoolExecutor.java:1137)
06-14 21:42:59.436 E/gfaf    ( 1148): 	at java.util.concurrent.ThreadPoolExecutor$Worker.run(ThreadPoolExecutor.java:637)
06-14 21:42:59.436 E/gfaf    ( 1148): 	at bjtk.run(:com.google.android.gms@262031032@26.20.31 (190800-919905943):8)
06-14 21:42:59.436 E/gfaf    ( 1148): 	... 1 more
06-14 21:42:59.436 E/gfaf    ( 1148): Caused by: java.security.cert.CertificateException: java.security.cert.CertPathValidatorException: Trust anchor for certification path not found.
06-14 21:42:59.436 E/gfaf    ( 1148): 	at com.android.org.conscrypt.TrustManagerImpl.checkTrustedRecursive(TrustManagerImpl.java:654)
06-14 21:42:59.436 E/gfaf    ( 1148): 	at com.android.org.conscrypt.TrustManagerImpl.checkTrusted(TrustManagerImpl.java:503)
06-14 21:42:59.437 E/gfaf    ( 1148): 	at com.android.org.conscrypt.TrustManagerImpl.checkTrusted(TrustManagerImpl.java:423)
06-14 21:42:59.437 E/gfaf    ( 1148): 	at com.android.org.conscrypt.TrustManagerImpl.getTrustedChainForServer(TrustManagerImpl.java:351)
06-14 21:42:59.437 E/gfaf    ( 1148): 	at android.security.net.config.NetworkSecurityTrustManager.checkServerTrusted(NetworkSecurityTrustManager.java:94)
06-14 21:42:59.437 E/gfaf    ( 1148): 	at android.security.net.config.RootTrustManager.checkServerTrusted(RootTrustManager.java:90)
06-14 21:42:59.437 E/gfaf    ( 1148): 	at java.lang.reflect.Method.invoke(Native Method)
06-14 21:42:59.437 E/gfaf    ( 1148): 	at com.google.android.gms.org.conscrypt.Platform.checkTrusted(:com.google.android.gms@262031032@26.20.31 (190800-919905943):21)
06-14 21:42:59.437 E/gfaf    ( 1148): 	at com.google.android.gms.org.conscrypt.Platform.checkServerTrusted(:com.google.android.gms@262031032@26.20.31 (190800-919905943):9)
06-14 21:42:59.437 E/gfaf    ( 1148): 	at com.google.android.gms.org.conscrypt.ConscryptFileDescriptorSocket.verifyCertificateChain(:com.google.android.gms@262031032@26.20.31 (190800-919905943):37)
06-14 21:42:59.437 E/gfaf    ( 1148): 	at com.google.android.gms.org.conscrypt.NativeCrypto.SSL_do_handshake(Native Method)
06-14 21:42:59.437 E/gfaf    ( 1148): 	at com.google.android.gms.org.conscrypt.NativeSsl.doHandshake(:com.google.android.gms@262031032@26.20.31 (190800-919905943):31)
06-14 21:42:59.437 E/gfaf    ( 1148): 	at com.google.android.gms.org.conscrypt.ConscryptFileDescriptorSocket.startHandshake(:com.google.android.gms@262031032@26.20.31 (190800-919905943):126)
06-14 21:42:59.437 E/gfaf    ( 1148): 	... 12 more
06-14 21:42:59.437 E/gfaf    ( 1148): Caused by: java.security.cert.CertPathValidatorException: Trust anchor for certification path not found.
06-14 21:42:59.437 E/gfaf    ( 1148): 	... 25 more
06-14 21:42:59.474 E/chromium( 1272): [0614/214259.470951:ERROR:net/socket/ssl_client_socket_impl.cc:924] handshake failed; returned -1, SSL error code 1, net_error -202
06-14 21:42:59.606 E/Pay     ( 1272): NfcAdapter is null while obtaining CardEmulation instance. [CONTEXT service_id=198 ]
06-14 21:42:59.607 E/Pay     ( 1272): CardEmulation is null while checking aid registration. [CONTEXT service_id=198 ]
06-14 21:42:59.967 E/RoleControllerServiceImpl( 1489): Default/fallback role holder package doesn't qualify for the role, package: com.google.android.gms.supervision, role: android.app.role.SYSTEM_SUPERVISION
06-14 21:43:01.124 E/SystemServiceRegistry(  879): No service published for: ethernet
06-14 21:43:01.124 E/SystemServiceRegistry(  879): android.os.ServiceManager$ServiceNotFoundException: No service published for: ethernet
06-14 21:43:01.124 E/SystemServiceRegistry(  879): 	at android.os.ServiceManager.getServiceOrThrow(ServiceManager.java:166)
06-14 21:43:01.124 E/SystemServiceRegistry(  879): 	at android.app.SystemServiceRegistry$136.createService(SystemServiceRegistry.java:1809)
06-14 21:43:01.124 E/SystemServiceRegistry(  879): 	at android.app.SystemServiceRegistry$CachedServiceFetcher.getService(SystemServiceRegistry.java:1908)
06-14 21:43:01.124 E/SystemServiceRegistry(  879): 	at android.app.SystemServiceRegistry.getSystemService(SystemServiceRegistry.java:1585)
06-14 21:43:01.124 E/SystemServiceRegistry(  879): 	at android.app.ContextImpl.getSystemService(ContextImpl.java:2120)
06-14 21:43:01.124 E/SystemServiceRegistry(  879): 	at android.content.ContextWrapper.getSystemService(ContextWrapper.java:900)
06-14 21:43:01.124 E/SystemServiceRegistry(  879): 	at android.content.Context.getSystemService(Context.java:4168)
06-14 21:43:01.124 E/SystemServiceRegistry(  879): 	at com.android.settings.TetherSettings$2.getNonIndexableKeys(TetherSettings.java:612)
06-14 21:43:01.124 E/SystemServiceRegistry(  879): 	at com.android.settings.search.SettingsSearchIndexablesProvider.getNonIndexableKeysFromProvider(SettingsSearchIndexablesProvider.java:284)
06-14 21:43:01.124 E/SystemServiceRegistry(  879): 	at com.android.settings.search.SettingsSearchIndexablesProvider.queryNonIndexableKeys(SettingsSearchIndexablesProvider.java:157)
06-14 21:43:01.124 E/SystemServiceRegistry(  879): 	at android.provider.SearchIndexablesProvider.query(SearchIndexablesProvider.java:127)
06-14 21:43:01.124 E/SystemServiceRegistry(  879): 	at android.content.ContentProvider.query(ContentProvider.java:1455)
06-14 21:43:01.124 E/SystemServiceRegistry(  879): 	at android.content.ContentProvider.query(ContentProvider.java:1551)
06-14 21:43:01.124 E/SystemServiceRegistry(  879): 	at android.content.ContentProvider$Transport.query(ContentProvider.java:285)
06-14 21:43:01.124 E/SystemServiceRegistry(  879): 	at android.content.ContentProviderNative.onTransact(ContentProviderNative.java:107)
06-14 21:43:01.124 E/SystemServiceRegistry(  879): 	at android.os.Binder.execTransactInternal(Binder.java:1280)
06-14 21:43:01.124 E/SystemServiceRegistry(  879): 	at android.os.Binder.execTransact(Binder.java:1244)
06-14 21:43:01.930 E/droid.emergency( 4218): Not starting debugger since process cannot load the jdwp agent.
06-14 21:43:02.337 E/.android.gms.ui( 4240): Not starting debugger since process cannot load the jdwp agent.
06-14 21:43:02.844 E/marvin.talkback( 4262): Not starting debugger since process cannot load the jdwp agent.
06-14 21:43:05.309 E/SharingClientImpl( 1272): Unsuspend failed: null
06-14 21:43:10.029 E/A       ( 1655): onError
06-14 21:43:10.029 E/A       ( 1655): com.google.android.apps.gsa.shared.speech.a.m: errorCode: 65561, engine: 2
06-14 21:43:10.029 E/A       ( 1655): 	at com.google.android.apps.gsa.staticplugins.dc.a.e.a(PG:3)
06-14 21:43:10.029 E/A       ( 1655): 	at com.google.android.apps.gsa.s3.n.hh(PG:1)
06-14 21:43:10.029 E/A       ( 1655): 	at com.google.cd.g.a.f.e(PG:2)
06-14 21:43:10.029 E/A       ( 1655): 	at com.google.android.apps.gsa.speech.k.a.g.d(PG:22)
06-14 21:43:10.029 E/A       ( 1655): 	at com.google.android.apps.gsa.speech.k.a.g.ks(PG:6)
06-14 21:43:10.029 E/A       ( 1655): 	at com.google.android.apps.gsa.s3.o.e(PG:14)
06-14 21:43:10.029 E/A       ( 1655): 	at com.google.android.apps.gsa.s3.p.run(PG:1)
06-14 21:43:10.029 E/A       ( 1655): 	at java.util.concurrent.Executors$RunnableAdapter.call(Executors.java:463)
06-14 21:43:10.029 E/A       ( 1655): 	at java.util.concurrent.FutureTask.run(FutureTask.java:264)
06-14 21:43:10.029 E/A       ( 1655): 	at com.google.android.apps.gsa.shared.util.c.a.e.run(PG:2)
06-14 21:43:10.029 E/A       ( 1655): 	at com.google.android.apps.gsa.shared.util.c.a.bi.run(PG:1)
06-14 21:43:10.029 E/A       ( 1655): 	at com.google.android.apps.gsa.shared.util.c.a.bi.run(PG:1)
06-14 21:43:10.029 E/A       ( 1655): 	at java.util.concurrent.ThreadPoolExecutor.runWorker(ThreadPoolExecutor.java:1137)
06-14 21:43:10.029 E/A       ( 1655): 	at java.util.concurrent.ThreadPoolExecutor$Worker.run(ThreadPoolExecutor.java:637)
06-14 21:43:10.029 E/A       ( 1655): 	at java.lang.Thread.run(Thread.java:1012)
06-14 21:43:10.029 E/A       ( 1655): 	at com.google.android.apps.gsa.shared.util.c.a.l.run(PG:5)
06-14 21:43:10.029 E/A       ( 1655): Caused by: com.google.android.apps.gsa.shared.speech.a.o: errorCode: 65586, engine: 2
06-14 21:43:10.029 E/A       ( 1655): 	... 15 more
06-14 21:43:10.029 E/A       ( 1655): Caused by: com.google.android.apps.gsa.shared.speech.a.k: errorCode: 401, engine: 2
06-14 21:43:10.029 E/A       ( 1655): 	at com.google.android.apps.gsa.assistant.shared.n.h.a(PG:5)
06-14 21:43:10.029 E/A       ( 1655): 	at com.google.android.apps.gsa.s3.producers.j.hE(PG:2)
06-14 21:43:10.029 E/A       ( 1655): 	at com.google.android.apps.gsa.speech.k.a.g.d(PG:16)
06-14 21:43:10.029 E/A       ( 1655): 	... 12 more
06-14 21:43:10.037 E/cr_CronetUrlRequestContext( 1655): Exception in upload method
06-14 21:43:10.037 E/cr_CronetUrlRequestContext( 1655): com.google.android.apps.gsa.shared.r.d: Error code: 262182
06-14 21:43:10.037 E/cr_CronetUrlRequestContext( 1655): 	at com.google.android.apps.gsa.shared.ab.bk.d(PG:5)
06-14 21:43:10.037 E/cr_CronetUrlRequestContext( 1655): 	at com.google.android.libraries.gsa.c.a.ar.d(PG:1)
06-14 21:43:10.037 E/cr_CronetUrlRequestContext( 1655): 	at com.google.android.libraries.gsa.c.a.bo.b(PG:5)
06-14 21:43:10.037 E/cr_CronetUrlRequestContext( 1655): 	at com.google.android.libraries.gsa.c.a.e.a(PG:2)
06-14 21:43:10.037 E/cr_CronetUrlRequestContext( 1655): 	at com.google.android.libraries.gsa.c.a.a.run(PG:2)
06-14 21:43:10.037 E/cr_CronetUrlRequestContext( 1655): 	at com.google.common.util.concurrent.bf.execute(PG:1)
06-14 21:43:10.037 E/cr_CronetUrlRequestContext( 1655): 	at com.google.common.util.concurrent.d.i(PG:1)
06-14 21:43:10.037 E/cr_CronetUrlRequestContext( 1655): 	at com.google.common.util.concurrent.d.l(PG:12)
06-14 21:43:10.037 E/cr_CronetUrlRequestContext( 1655): 	at com.google.common.util.concurrent.d.cancel(PG:8)
06-14 21:43:10.037 E/cr_CronetUrlRequestContext( 1655): 	at com.google.common.util.concurrent.d.m(PG:2)
06-14 21:43:10.037 E/cr_CronetUrlRequestContext( 1655): 	at com.google.common.util.concurrent.j.a(PG:1)
06-14 21:43:10.037 E/cr_CronetUrlRequestContext( 1655): 	at com.google.common.util.concurrent.d.l(PG:3)
06-14 21:43:10.037 E/cr_CronetUrlRequestContext( 1655): 	at com.google.common.util.concurrent.d.cancel(PG:8)
06-14 21:43:10.037 E/cr_CronetUrlRequestContext( 1655): 	at com.google.common.util.concurrent.d.m(PG:2)
06-14 21:43:10.037 E/cr_CronetUrlRequestContext( 1655): 	at com.google.common.util.concurrent.j.a(PG:1)
06-14 21:43:10.037 E/cr_CronetUrlRequestContext( 1655): 	at com.google.common.util.concurrent.d.l(PG:3)
06-14 21:43:10.037 E/cr_CronetUrlRequestContext( 1655): 	at com.google.common.util.concurrent.d.cancel(PG:8)
06-14 21:43:10.037 E/cr_CronetUrlRequestContext( 1655): 	at com.google.common.util.concurrent.d.m(PG:2)
06-14 21:43:10.037 E/cr_CronetUrlRequestContext( 1655): 	at com.google.common.util.concurrent.j.a(PG:1)
06-14 21:43:10.037 E/cr_CronetUrlRequestContext( 1655): 	at com.google.common.util.concurrent.d.l(PG:3)
06-14 21:43:10.037 E/cr_CronetUrlRequestContext( 1655): 	at com.google.common.util.concurrent.d.cancel(PG:8)
06-14 21:43:10.037 E/cr_CronetUrlRequestContext( 1655): 	at com.google.common.util.concurrent.d.m(PG:2)
06-14 21:43:10.037 E/cr_CronetUrlRequestContext( 1655): 	at com.google.common.util.concurrent.j.a(PG:1)
06-14 21:43:10.037 E/cr_CronetUrlRequestContext( 1655): 	at com.google.common.util.concurrent.d.l(PG:3)
06-14 21:43:10.037 E/cr_CronetUrlRequestContext( 1655): 	at com.google.common.util.concurrent.d.cancel(PG:8)
06-14 21:43:10.037 E/cr_CronetUrlRequestContext( 1655): 	at com.google.common.util.concurrent.d.m(PG:2)
06-14 21:43:10.037 E/cr_CronetUrlRequestContext( 1655): 	at com.google.common.util.concurrent.c.a(PG:1)
06-14 21:43:10.037 E/cr_CronetUrlRequestContext( 1655): 	at com.google.common.util.concurrent.d.l(PG:3)
06-14 21:43:10.037 E/cr_CronetUrlRequestContext( 1655): 	at com.google.common.util.concurrent.d.cancel(PG:8)
06-14 21:43:10.037 E/cr_CronetUrlRequestContext( 1655): 	at com.google.common.util.concurrent.bu.cancel(PG:1)
06-14 21:43:10.037 E/cr_CronetUrlRequestContext( 1655): 	at com.google.common.util.concurrent.d.cancel(PG:17)
06-14 21:43:10.037 E/cr_CronetUrlRequestContext( 1655): 	at com.google.android.apps.gsa.staticplugins.bk.b.h.run(PG:2)
06-14 21:43:10.037 E/cr_CronetUrlRequestContext( 1655): 	at com.google.common.util.concurrent.bf.execute(PG:1)
06-14 21:43:10.037 E/cr_CronetUrlRequestContext( 1655): 	at com.google.common.util.concurrent.d.i(PG:1)
06-14 21:43:10.037 E/cr_CronetUrlRequestContext( 1655): 	at com.google.common.util.concurrent.d.l(PG:12)
06-14 21:43:10.037 E/cr_CronetUrlRequestContext( 1655): 	at com.google.common.util.concurrent.d.cancel(PG:8)
06-14 21:43:10.037 E/cr_CronetUrlRequestContext( 1655): 	at com.google.common.util.concurrent.d.m(PG:2)
06-14 21:43:10.037 E/cr_CronetUrlRequestContext( 1655): 	at com.google.common.util.concurrent.j.a(PG:1)
06-14 21:43:10.037 E/cr_CronetUrlRequestContext( 1655): 	at com.google.common.util.concurrent.d.l(PG:3)
06-14 21:43:10.037 E/cr_CronetUrlRequestContext( 1655): 	at com.google.common.util.concurrent.d.cancel(PG:8)
06-14 21:43:10.037 E/cr_CronetUrlRequestContext( 1655): 	at com.google.android.apps.gsa.shared.util.c.aj.a(PG:2)
06-14 21:43:10.037 E/cr_CronetUrlRequestContext( 1655): 	at com.google.common.util.concurrent.d.l(PG:3)
06-14 21:43:10.037 E/cr_CronetUrlRequestContext( 1655): 	at com.google.common.util.concurrent.d.cancel(PG:8)
06-14 21:43:10.037 E/cr_CronetUrlRequestContext( 1655): 	at com.google.common.util.concurrent.d.m(PG:2)
06-14 21:43:10.037 E/cr_CronetUrlRequestContext( 1655): 	at com.google.common.util.concurrent.c.a(PG:1)
06-14 21:43:10.037 E/cr_CronetUrlRequestContext( 1655): 	at com.google.common.util.concurrent.d.l(PG:3)
06-14 21:43:10.037 E/cr_CronetUrlRequestContext( 1655): 	at com.google.common.util.concurrent.d.cancel(PG:8)
06-14 21:43:10.037 E/cr_CronetUrlRequestContext( 1655): 	at com.google.android.apps.gsa.s3.o.c(PG:2)
06-14 21:43:10.037 E/cr_CronetUrlRequestContext( 1655): 	at com.google.android.apps.gsa.s3.r.a(PG:1)
06-14 21:43:10.037 E/cr_CronetUrlRequestContext( 1655): 	at com.google.android.apps.gsa.staticplugins.dc.a.c.e(PG:2)
06-14 21:43:10.037 E/cr_CronetUrlRequestContext( 1655): 	at com.google.android.apps.gsa.staticplugins.dc.a.c.c(PG:3)
06-14 21:43:10.037 E/cr_CronetUrlRequestContext( 1655): 	at com.google.android.apps.gsa.staticplugins.dc.a.e.a(PG:5)
06-14 21:43:10.037 E/cr_CronetUrlRequestContext( 1655): 	at com.google.android.apps.gsa.s3.n.hh(PG:1)
06-14 21:43:10.037 E/cr_CronetUrlRequestContext( 1655): 	at com.google.cd.g.a.f.e(PG:2)
06-14 21:43:10.037 E/cr_CronetUrlRequestContext( 1655): 	at com.google.android.apps.gsa.speech.k.a.g.d(PG:22)
06-14 21:43:10.037 E/cr_CronetUrlRequestContext( 1655): 	at com.google.android.apps.gsa.speech.k.a.g.ks(PG:6)
06-14 21:43:10.037 E/cr_CronetUrlRequestContext( 1655): 	at com.google.android.apps.gsa.s3.o.e(PG:14)
06-14 21:43:10.037 E/cr_CronetUrlRequestContext( 1655): 	at com.google.android.apps.gsa.s3.p.run(PG:1)
06-14 21:43:10.037 E/cr_CronetUrlRequestContext( 1655): 	at java.util.concurrent.Executors$RunnableAdapter.call(Executors.java:463)
06-14 21:43:10.037 E/cr_CronetUrlRequestContext( 1655): 	at java.util.concurrent.FutureTask.run(FutureTask.java:264)
06-14 21:43:10.037 E/cr_CronetUrlRequestContext( 1655): 	at com.google.android.apps.gsa.shared.util.c.a.e.run(PG:2)
06-14 21:43:10.037 E/cr_CronetUrlRequestContext( 1655): 	at com.google.android.apps.gsa.shared.util.c.a.bi.run(PG:1)
06-14 21:43:10.037 E/cr_CronetUrlRequestContext( 1655): 	at com.google.android.apps.gsa.shared.util.c.a.bi.run(PG:1)
06-14 21:43:10.037 E/cr_CronetUrlRequestContext( 1655): 	at java.util.concurrent.ThreadPoolExecutor.runWorker(ThreadPoolExecutor.java:1137)
06-14 21:43:10.037 E/cr_CronetUrlRequestContext( 1655): 	at java.util.concurrent.ThreadPoolExecutor$Worker.run(ThreadPoolExecutor.java:637)
06-14 21:43:10.037 E/cr_CronetUrlRequestContext( 1655): 	at java.lang.Thread.run(Thread.java:1012)
06-14 21:43:10.037 E/cr_CronetUrlRequestContext( 1655): 	at com.google.android.apps.gsa.shared.util.c.a.l.run(PG:5)
06-14 21:43:33.753 E/chromium( 3506): [0614/214333.752973:ERROR:net/socket/ssl_client_socket_impl.cc:924] handshake failed; returned -1, SSL error code 1, net_error -202
06-14 21:43:33.754 E/chromium( 3506): [0614/214333.754102:ERROR:net/socket/ssl_client_socket_impl.cc:924] handshake failed; returned -1, SSL error code 1, net_error -202
06-14 21:43:33.762 E/DGFRR   ( 3506): FR error [CONTEXT service_id=25 ]
06-14 21:43:33.762 E/DGFRR   ( 3506): java.io.IOException: Couldn't fetch response.
06-14 21:43:33.762 E/DGFRR   ( 3506): 	at bqfo.a(:com.google.android.gms@262031032@26.20.31 (190800-919905943):136)
06-14 21:43:33.762 E/DGFRR   ( 3506): 	at bqdu.b(:com.google.android.gms@262031032@26.20.31 (190800-919905943):45)
06-14 21:43:33.762 E/DGFRR   ( 3506): 	at bqdu.a(:com.google.android.gms@262031032@26.20.31 (190800-919905943):2)
06-14 21:43:33.762 E/DGFRR   ( 3506): 	at bqdg.a(:com.google.android.gms@262031032@26.20.31 (190800-919905943):106)
06-14 21:43:33.762 E/DGFRR   ( 3506): 	at bqdb.g(:com.google.android.gms@262031032@26.20.31 (190800-919905943):207)
06-14 21:43:33.762 E/DGFRR   ( 3506): 	at com.google.android.gms.droidguard.DroidGuardFastRefreshGmsTaskBoundService.a(:com.google.android.gms@262031032@26.20.31 (190800-919905943):50)
06-14 21:43:33.762 E/DGFRR   ( 3506): 	at cyys.call(:com.google.android.gms@262031032@26.20.31 (190800-919905943):36)
06-14 21:43:33.762 E/DGFRR   ( 3506): 	at java.util.concurrent.FutureTask.run(FutureTask.java:264)
06-14 21:43:33.762 E/DGFRR   ( 3506): 	at bjnt.c(:com.google.android.gms@262031032@26.20.31 (190800-919905943):50)
06-14 21:43:33.762 E/DGFRR   ( 3506): 	at bjnt.run(:com.google.android.gms@262031032@26.20.31 (190800-919905943):66)
06-14 21:43:33.762 E/DGFRR   ( 3506): 	at java.util.concurrent.ThreadPoolExecutor.runWorker(ThreadPoolExecutor.java:1137)
06-14 21:43:33.762 E/DGFRR   ( 3506): 	at java.util.concurrent.ThreadPoolExecutor$Worker.run(ThreadPoolExecutor.java:637)
06-14 21:43:33.762 E/DGFRR   ( 3506): 	at bjtk.run(:com.google.android.gms@262031032@26.20.31 (190800-919905943):8)
06-14 21:43:33.762 E/DGFRR   ( 3506): 	at java.lang.Thread.run(Thread.java:1012)
06-14 21:43:33.762 E/DGFRR   ( 3506): Caused by: java.util.concurrent.ExecutionException: cyqh: Failed to process request
06-14 21:43:33.762 E/DGFRR   ( 3506): 	at lfi.n(:com.google.android.gms@262031032@26.20.31 (190800-919905943):21)
06-14 21:43:33.762 E/DGFRR   ( 3506): 	at lfi.get(:com.google.android.gms@262031032@26.20.31 (190800-919905943):99)
06-14 21:43:33.762 E/DGFRR   ( 3506): 	at lfn.get(:com.google.android.gms@262031032@26.20.31 (190800-919905943):8)
06-14 21:43:33.762 E/DGFRR   ( 3506): 	at bqfo.a(:com.google.android.gms@262031032@26.20.31 (190800-919905943):119)
06-14 21:43:33.762 E/DGFRR   ( 3506): 	... 13 more
06-14 21:43:33.762 E/DGFRR   ( 3506): Caused by: cyqh: Failed to process request
06-14 21:43:33.762 E/DGFRR   ( 3506): 	at cyqo.a(:com.google.android.gms@262031032@26.20.31 (190800-919905943):23)
06-14 21:43:33.762 E/DGFRR   ( 3506): 	at cyul.b(:com.google.android.gms@262031032@26.20.31 (190800-919905943):15)
06-14 21:43:33.762 E/DGFRR   ( 3506): 	at cyvc.onFailed(:com.google.android.gms@262031032@26.20.31 (190800-919905943):15)
06-14 21:43:33.762 E/DGFRR   ( 3506): 	at m1.no.onFailed(:com.google.android.gms.dynamite_cronetdynamite@262031032@26.20.31 (190800-0):3)
06-14 21:43:33.762 E/DGFRR   ( 3506): 	at m1.mk.run(:com.google.android.gms.dynamite_cronetdynamite@262031032@26.20.31 (190800-0):16)
06-14 21:43:33.762 E/DGFRR   ( 3506): 	... 6 more
06-14 21:43:33.762 E/DGFRR   ( 3506): Caused by: m1.mx: Exception in CronetUrlRequest: net::ERR_CERT_AUTHORITY_INVALID, ErrorCode=11, InternalErrorCode=-202, Retryable=false
06-14 21:43:33.762 E/DGFRR   ( 3506): 	at org.chromium.net.impl.CronetUrlRequest.onError(:com.google.android.gms.dynamite_cronetdynamite@262031032@26.20.31 (190800-0):3)
06-14 21:43:35.465 E/chromium( 1897): [0614/214335.464854:ERROR:ssl_client_socket_impl.cc(879)] handshake failed; returned -1, SSL error code 1, net_error -202
06-14 21:43:35.470 E/GEL_DELAYED_EVENT_DEBUG( 1897): Volley request failed for type aqrq
06-14 21:43:35.470 E/GEL_DELAYED_EVENT_DEBUG( 1897): xjg: bbvn: Exception in CronetUrlRequest: net::ERR_CERT_AUTHORITY_INVALID, ErrorCode=11, InternalErrorCode=-202, Retryable=false
06-14 21:43:35.470 E/GEL_DELAYED_EVENT_DEBUG( 1897): 	at uup.run(PG:140)
06-14 21:43:35.470 E/GEL_DELAYED_EVENT_DEBUG( 1897): 	at azjk.run(PG:27)
06-14 21:43:35.470 E/GEL_DELAYED_EVENT_DEBUG( 1897): 	at qgx.run(PG:7)
06-14 21:43:35.470 E/GEL_DELAYED_EVENT_DEBUG( 1897): 	at alga.run(PG:50)
06-14 21:43:35.470 E/GEL_DELAYED_EVENT_DEBUG( 1897): 	at qgg.run(PG:253)
06-14 21:43:35.470 E/GEL_DELAYED_EVENT_DEBUG( 1897): 	at qgg.run(PG:604)
06-14 21:43:35.470 E/GEL_DELAYED_EVENT_DEBUG( 1897): 	at java.lang.Thread.run(Thread.java:1012)
06-14 21:43:35.470 E/GEL_DELAYED_EVENT_DEBUG( 1897): 	at qig.run(PG:64)
06-14 21:43:35.470 E/GEL_DELAYED_EVENT_DEBUG( 1897): Caused by: bbvn: Exception in CronetUrlRequest: net::ERR_CERT_AUTHORITY_INVALID, ErrorCode=11, InternalErrorCode=-202, Retryable=false
06-14 21:43:35.470 E/GEL_DELAYED_EVENT_DEBUG( 1897): 	at org.chromium.net.impl.CronetUrlRequest.onError(PG:78)
06-14 21:43:40.086 E/A       ( 1655): onError
06-14 21:43:40.086 E/A       ( 1655): com.google.android.apps.gsa.shared.speech.a.m: errorCode: 65561, engine: 2
06-14 21:43:40.086 E/A       ( 1655): 	at com.google.android.apps.gsa.staticplugins.dc.a.e.a(PG:3)
06-14 21:43:40.086 E/A       ( 1655): 	at com.google.android.apps.gsa.s3.n.hh(PG:1)
06-14 21:43:40.086 E/A       ( 1655): 	at com.google.cd.g.a.f.e(PG:2)
06-14 21:43:40.086 E/A       ( 1655): 	at com.google.android.apps.gsa.speech.k.a.g.d(PG:22)
06-14 21:43:40.086 E/A       ( 1655): 	at com.google.android.apps.gsa.speech.k.a.g.ks(PG:6)
06-14 21:43:40.086 E/A       ( 1655): 	at com.google.android.apps.gsa.s3.o.e(PG:14)
06-14 21:43:40.086 E/A       ( 1655): 	at com.google.android.apps.gsa.s3.p.run(PG:1)
06-14 21:43:40.086 E/A       ( 1655): 	at java.util.concurrent.Executors$RunnableAdapter.call(Executors.java:463)
06-14 21:43:40.086 E/A       ( 1655): 	at java.util.concurrent.FutureTask.run(FutureTask.java:264)
06-14 21:43:40.086 E/A       ( 1655): 	at com.google.android.apps.gsa.shared.util.c.a.e.run(PG:2)
06-14 21:43:40.086 E/A       ( 1655): 	at com.google.android.apps.gsa.shared.util.c.a.bi.run(PG:1)
06-14 21:43:40.086 E/A       ( 1655): 	at com.google.android.apps.gsa.shared.util.c.a.bi.run(PG:1)
06-14 21:43:40.086 E/A       ( 1655): 	at java.util.concurrent.ThreadPoolExecutor.runWorker(ThreadPoolExecutor.java:1137)
06-14 21:43:40.086 E/A       ( 1655): 	at java.util.concurrent.ThreadPoolExecutor$Worker.run(ThreadPoolExecutor.java:637)
06-14 21:43:40.086 E/A       ( 1655): 	at java.lang.Thread.run(Thread.java:1012)
06-14 21:43:40.086 E/A       ( 1655): 	at com.google.android.apps.gsa.shared.util.c.a.l.run(PG:5)
06-14 21:43:40.086 E/A       ( 1655): Caused by: com.google.android.apps.gsa.shared.speech.a.o: errorCode: 65586, engine: 2
06-14 21:43:40.086 E/A       ( 1655): 	... 15 more
06-14 21:43:40.086 E/A       ( 1655): Caused by: com.google.android.apps.gsa.shared.speech.a.k: errorCode: 401, engine: 2
06-14 21:43:40.086 E/A       ( 1655): 	at com.google.android.apps.gsa.assistant.shared.n.h.a(PG:5)
06-14 21:43:40.086 E/A       ( 1655): 	at com.google.android.apps.gsa.s3.producers.j.hE(PG:2)
06-14 21:43:40.086 E/A       ( 1655): 	at com.google.android.apps.gsa.speech.k.a.g.d(PG:16)
06-14 21:43:40.086 E/A       ( 1655): 	... 12 more
06-14 21:43:42.907 E/PlayCommon( 2786): [86] Failed to connect to server for server timestamp: javax.net.ssl.SSLHandshakeException: java.security.cert.CertPathValidatorException: Trust anchor for certification path not found.
06-14 21:43:43.131 E/PlayCommon( 2786): [86] Failed to connect to server for log upload.
06-14 21:43:44.653 E/JobScheduler.JobStatus(  498): App com.google.android.apps.photos became active but still in NEVER bucket
06-14 21:43:59.409 E/OpenGLRenderer(  717): Unable to match the desired swap behavior.
06-14 21:44:00.467 E/WifiService(  498): Attempt to retrieve passpoint with invalid scanResult List
06-14 21:44:00.601 E/WifiService(  498): Attempt to retrieve passpoint with invalid scanResult List
06-14 21:44:01.522 E/OpenGLRenderer( 1478): Unable to match the desired swap behavior.
06-14 21:44:01.627 E/OpenGLRenderer( 1028): Unable to match the desired swap behavior.
06-14 21:44:01.631 E/OpenGLRenderer( 1655): Unable to match the desired swap behavior.
06-14 21:44:02.071 E/OneSearchSuggestProvider( 1028): Failed to fetch suggestions from AppSearch, fallback to AGA
06-14 21:44:02.071 E/OneSearchSuggestProvider( 1028): java.util.concurrent.CompletionException: java.util.NoSuchElementException: No value present
06-14 21:44:02.071 E/OneSearchSuggestProvider( 1028): 	at java.util.concurrent.CompletableFuture.encodeThrowable(CompletableFuture.java:307)
06-14 21:44:02.071 E/OneSearchSuggestProvider( 1028): 	at java.util.concurrent.CompletableFuture.completeThrowable(CompletableFuture.java:322)
06-14 21:44:02.071 E/OneSearchSuggestProvider( 1028): 	at java.util.concurrent.CompletableFuture$UniAccept.tryFire(CompletableFuture.java:680)
06-14 21:44:02.071 E/OneSearchSuggestProvider( 1028): 	at java.util.concurrent.CompletableFuture.postComplete(CompletableFuture.java:482)
06-14 21:44:02.071 E/OneSearchSuggestProvider( 1028): 	at java.util.concurrent.CompletableFuture.completeExceptionally(CompletableFuture.java:2064)
06-14 21:44:02.071 E/OneSearchSuggestProvider( 1028): 	at com.google.android.apps.nexuslauncher.allapps.J.onResult(Unknown Source:59)
06-14 21:44:02.071 E/OneSearchSuggestProvider( 1028): 	at android.app.appsearch.SearchSessionUtil$1.lambda$onResult$0(SearchSessionUtil.java:128)
06-14 21:44:02.071 E/OneSearchSuggestProvider( 1028): 	at android.app.appsearch.SearchSessionUtil$1.$r8$lambda$_nlk9WiPjSfaAsqKYmp0aPvSRC0(Unknown Source:0)
06-14 21:44:02.071 E/OneSearchSuggestProvider( 1028): 	at android.app.appsearch.AppSearchSession$4$$ExternalSyntheticLambda1.run(Unknown Source:26)
06-14 21:44:02.071 E/OneSearchSuggestProvider( 1028): 	at android.os.Handler.handleCallback(Handler.java:942)
06-14 21:44:02.071 E/OneSearchSuggestProvider( 1028): 	at android.os.Handler.dispatchMessage(Handler.java:99)
06-14 21:44:02.071 E/OneSearchSuggestProvider( 1028): 	at android.os.Looper.loopOnce(Looper.java:201)
06-14 21:44:02.071 E/OneSearchSuggestProvider( 1028): 	at android.os.Looper.loop(Looper.java:288)
06-14 21:44:02.071 E/OneSearchSuggestProvider( 1028): 	at android.os.HandlerThread.run(HandlerThread.java:67)
06-14 21:44:02.071 E/OneSearchSuggestProvider( 1028): Caused by: java.util.NoSuchElementException: No value present
06-14 21:44:02.071 E/OneSearchSuggestProvider( 1028): 	at java.util.Optional.get(Optional.java:144)
06-14 21:44:02.071 E/OneSearchSuggestProvider( 1028): 	at com.google.android.apps.nexuslauncher.allapps.J.onResult(Unknown Source:16)
06-14 21:44:02.071 E/OneSearchSuggestProvider( 1028): 	... 8 more
06-14 21:44:02.700 E/WindowManager(  498): setOnBackInvokedCallback(): No window state for package:com.android.systemui
06-14 21:44:03.183 E/adbd    (  387): failed to connect to socket 'tcp:6790': Connection refused
06-14 21:44:03.455 E/adbd    (  387): failed to connect to socket 'tcp:6790': Connection refused
06-14 21:44:04.117 E/oid.documentsui( 4545): Not starting debugger since process cannot load the jdwp agent.
06-14 21:44:04.484 E/adbd    (  387): failed to connect to socket 'tcp:6790': Connection refused
06-14 21:44:05.071 E/droid.apps.docs( 4579): Not starting debugger since process cannot load the jdwp agent.
06-14 21:44:05.131 E/JobScheduler.Quota(  498): <0>com.google.android.apps.docs has 0 EJ quota without running anything
06-14 21:44:05.151 E/JobScheduler.Quota(  498): <0>com.google.android.apps.docs has 0 EJ quota without running anything
06-14 21:44:05.152 E/JobScheduler.Quota(  498): <0>com.google.android.apps.docs has 0 EJ quota without running anything
06-14 21:44:05.501 E/adbd    (  387): failed to connect to socket 'tcp:6790': Connection refused
06-14 21:44:05.972 E/JobScheduler.JobStatus(  498): App com.google.android.apps.docs became active but still in NEVER bucket
06-14 21:44:05.999 E/JobScheduler.JobStatus(  498): App com.google.android.apps.docs became active but still in NEVER bucket
06-14 21:44:06.007 E/JobScheduler.JobStatus(  498): App com.google.android.apps.docs became active but still in NEVER bucket
06-14 21:44:06.041 E/CelloDelayUploadFixer( 4579): Cleanup delay upload complete [CONTEXT ratelimit_period="1 MINUTES" ]
06-14 21:44:06.041 E/CelloDelayUploadFixer( 4579): Cleanup delay upload complete [CONTEXT ratelimit_period="1 MINUTES" ]
06-14 21:44:06.088 E/JobScheduler.JobStatus(  498): App com.google.android.apps.docs became active but still in NEVER bucket
06-14 21:44:06.148 E/JobScheduler.JobStatus(  498): App com.google.android.apps.docs became active but still in NEVER bucket
06-14 21:44:06.153 E/JobScheduler.JobStatus(  498): App com.google.android.apps.docs became active but still in NEVER bucket
06-14 21:44:06.517 E/adbd    (  387): failed to connect to socket 'tcp:6790': Connection refused
06-14 21:44:06.632 E/AppOps  (  498): Bad call made by uid 10120. Package "com.google.android.gms" does not belong to uid 10131.
06-14 21:44:06.645 E/GoogleApiManager( 4579): Failed to get service from broker. 
06-14 21:44:06.645 E/GoogleApiManager( 4579): java.lang.SecurityException: Unknown calling package name 'com.google.android.gms'.
06-14 21:44:06.645 E/GoogleApiManager( 4579): 	at android.os.Parcel.createExceptionOrNull(Parcel.java:3011)
06-14 21:44:06.645 E/GoogleApiManager( 4579): 	at android.os.Parcel.createException(Parcel.java:2995)
06-14 21:44:06.645 E/GoogleApiManager( 4579): 	at android.os.Parcel.readException(Parcel.java:2978)
06-14 21:44:06.645 E/GoogleApiManager( 4579): 	at android.os.Parcel.readException(Parcel.java:2920)
06-14 21:44:06.645 E/GoogleApiManager( 4579): 	at bitq.a(:com.google.android.gms@262031032@26.20.31 (190800-919905943):36)
06-14 21:44:06.645 E/GoogleApiManager( 4579): 	at birm.z(:com.google.android.gms@262031032@26.20.31 (190800-919905943):143)
06-14 21:44:06.645 E/GoogleApiManager( 4579): 	at bhxp.run(:com.google.android.gms@262031032@26.20.31 (190800-919905943):42)
06-14 21:44:06.645 E/GoogleApiManager( 4579): 	at android.os.Handler.handleCallback(Handler.java:942)
06-14 21:44:06.645 E/GoogleApiManager( 4579): 	at android.os.Handler.dispatchMessage(Handler.java:99)
06-14 21:44:06.645 E/GoogleApiManager( 4579): 	at cywu.mT(:com.google.android.gms@262031032@26.20.31 (190800-919905943):1)
06-14 21:44:06.645 E/GoogleApiManager( 4579): 	at cywu.dispatchMessage(:com.google.android.gms@262031032@26.20.31 (190800-919905943):5)
06-14 21:44:06.645 E/GoogleApiManager( 4579): 	at android.os.Looper.loopOnce(Looper.java:201)
06-14 21:44:06.645 E/GoogleApiManager( 4579): 	at android.os.Looper.loop(Looper.java:288)
06-14 21:44:06.645 E/GoogleApiManager( 4579): 	at android.os.HandlerThread.run(HandlerThread.java:67)
06-14 21:44:06.864 E/system_server(  498): No package ID 7f found for ID 0x7f080292.
06-14 21:44:06.864 E/system_server(  498): No package ID 7f found for ID 0x7f130588.
06-14 21:44:06.864 E/system_server(  498): No package ID 7f found for ID 0x7f130588.
06-14 21:44:06.885 E/system_server(  498): No package ID 7f found for ID 0x7f08028e.
06-14 21:44:06.885 E/system_server(  498): No package ID 7f found for ID 0x7f130586.
06-14 21:44:06.885 E/system_server(  498): No package ID 7f found for ID 0x7f130586.
06-14 21:44:06.885 E/system_server(  498): No package ID 7f found for ID 0x7f080290.
06-14 21:44:06.885 E/system_server(  498): No package ID 7f found for ID 0x7f130587.
06-14 21:44:06.885 E/system_server(  498): No package ID 7f found for ID 0x7f130587.
06-14 21:44:06.885 E/ShortcutService(  498): Ignoring excessive intent tag.
06-14 21:44:06.954 E/chromium( 1148): [0614/214406.953775:ERROR:net/socket/ssl_client_socket_impl.cc:924] handshake failed; returned -1, SSL error code 1, net_error -202
06-14 21:44:06.955 E/chromium( 1148): [0614/214406.955746:ERROR:net/socket/ssl_client_socket_impl.cc:924] handshake failed; returned -1, SSL error code 1, net_error -202
06-14 21:44:07.149 E/GnpSdk  ( 4579): [GnpRegistrationHandlerImpl] Failed to call to registerDeviceMultiUser.
06-14 21:44:07.149 E/GnpSdk  ( 4579): kut: Failed to access GNP API
06-14 21:44:07.149 E/GnpSdk  ( 4579): 	at kux.c(PG:4)
06-14 21:44:07.149 E/GnpSdk  ( 4579): 	at kux.b(PG:54)
06-14 21:44:07.149 E/GnpSdk  ( 4579): 	at kuq.b(PG:232)
06-14 21:44:07.149 E/GnpSdk  ( 4579): 	at kuq.a(PG:2)
06-14 21:44:07.149 E/GnpSdk  ( 4579): 	at pvc.c(PG:1)
06-14 21:44:07.149 E/GnpSdk  ( 4579): 	at pvg.b(PG:33)
06-14 21:44:07.149 E/GnpSdk  ( 4579): 	at kup$1.b(PG:4)
06-14 21:44:07.149 E/GnpSdk  ( 4579): 	at ptn.q(PG:5)
06-14 21:44:07.149 E/GnpSdk  ( 4579): 	at pyv.run(PG:12)
06-14 21:44:07.149 E/GnpSdk  ( 4579): 	at java.util.concurrent.ThreadPoolExecutor.runWorker(ThreadPoolExecutor.java:1137)
06-14 21:44:07.149 E/GnpSdk  ( 4579): 	at java.util.concurrent.ThreadPoolExecutor$Worker.run(ThreadPoolExecutor.java:637)
06-14 21:44:07.149 E/GnpSdk  ( 4579): 	at java.lang.Thread.run(Thread.java:1012)
06-14 21:44:07.149 E/GnpSdk  ( 4579): Caused by: javax.net.ssl.SSLHandshakeException: java.security.cert.CertPathValidatorException: Trust anchor for certification path not found.
06-14 21:44:07.149 E/GnpSdk  ( 4579): 	at com.google.android.gms.org.conscrypt.ConscryptFileDescriptorSocket.startHandshake(:com.google.android.gms@262031032@26.20.31 (190800-919905943):276)
06-14 21:44:07.149 E/GnpSdk  ( 4579): 	at qif.a(PG:20)
06-14 21:44:07.149 E/GnpSdk  ( 4579): 	at qid.a(PG:52)
06-14 21:44:07.149 E/GnpSdk  ( 4579): 	at qir.a(PG:4)
06-14 21:44:07.149 E/GnpSdk  ( 4579): 	at qin.a(PG:45)
06-14 21:44:07.149 E/GnpSdk  ( 4579): 	at qir.a(PG:4)
06-14 21:44:07.149 E/GnpSdk  ( 4579): 	at qil.a(PG:59)
06-14 21:44:07.149 E/GnpSdk  ( 4579): 	at qir.a(PG:4)
06-14 21:44:07.149 E/GnpSdk  ( 4579): 	at qit.a(PG:2)
06-14 21:44:07.149 E/GnpSdk  ( 4579): 	at qir.a(PG:4)
06-14 21:44:07.149 E/GnpSdk  ( 4579): 	at qhs.a(PG:15)
06-14 21:44:07.149 E/GnpSdk  ( 4579): 	at ktu.c(PG:18)
06-14 21:44:07.149 E/GnpSdk  ( 4579): 	at ktu.a(PG:1)
06-14 21:44:07.149 E/GnpSdk  ( 4579): 	at kux.b(PG:53)
06-14 21:44:07.149 E/GnpSdk  ( 4579): 	... 10 more
06-14 21:44:07.149 E/GnpSdk  ( 4579): Caused by: java.security.cert.CertificateException: java.security.cert.CertPathValidatorException: Trust anchor for certification path not found.
06-14 21:44:07.149 E/GnpSdk  ( 4579): 	at com.android.org.conscrypt.TrustManagerImpl.checkTrustedRecursive(TrustManagerImpl.java:654)
06-14 21:44:07.149 E/GnpSdk  ( 4579): 	at com.android.org.conscrypt.TrustManagerImpl.checkTrusted(TrustManagerImpl.java:503)
06-14 21:44:07.149 E/GnpSdk  ( 4579): 	at com.android.org.conscrypt.TrustManagerImpl.checkTrusted(TrustManagerImpl.java:423)
06-14 21:44:07.149 E/GnpSdk  ( 4579): 	at com.android.org.conscrypt.TrustManagerImpl.getTrustedChainForServer(TrustManagerImpl.java:351)
06-14 21:44:07.149 E/GnpSdk  ( 4579): 	at android.security.net.config.NetworkSecurityTrustManager.checkServerTrusted(NetworkSecurityTrustManager.java:94)
06-14 21:44:07.149 E/GnpSdk  ( 4579): 	at android.security.net.config.RootTrustManager.checkServerTrusted(RootTrustManager.java:90)
06-14 21:44:07.149 E/GnpSdk  ( 4579): 	at java.lang.reflect.Method.invoke(Native Method)
06-14 21:44:07.149 E/GnpSdk  ( 4579): 	at com.google.android.gms.org.conscrypt.Platform.checkTrusted(:com.google.android.gms@262031032@26.20.31 (190800-919905943):21)
06-14 21:44:07.149 E/GnpSdk  ( 4579): 	at com.google.android.gms.org.conscrypt.Platform.checkServerTrusted(:com.google.android.gms@262031032@26.20.31 (190800-919905943):9)
06-14 21:44:07.149 E/GnpSdk  ( 4579): 	at com.google.android.gms.org.conscrypt.ConscryptFileDescriptorSocket.verifyCertificateChain(:com.google.android.gms@262031032@26.20.31 (190800-919905943):37)
06-14 21:44:07.149 E/GnpSdk  ( 4579): 	at com.google.android.gms.org.conscrypt.NativeCrypto.SSL_do_handshake(Native Method)
06-14 21:44:07.149 E/GnpSdk  ( 4579): 	at com.google.android.gms.org.conscrypt.NativeSsl.doHandshake(:com.google.android.gms@262031032@26.20.31 (190800-919905943):31)
06-14 21:44:07.149 E/GnpSdk  ( 4579): 	at com.google.android.gms.org.conscrypt.ConscryptFileDescriptorSocket.startHandshake(:com.google.android.gms@262031032@26.20.31 (190800-919905943):126)
06-14 21:44:07.149 E/GnpSdk  ( 4579): 	... 23 more
06-14 21:44:07.149 E/GnpSdk  ( 4579): Caused by: java.security.cert.CertPathValidatorException: Trust anchor for certification path not found.
06-14 21:44:07.149 E/GnpSdk  ( 4579): 	... 36 more
06-14 21:44:07.151 E/GnpSdk  ( 4579): [GrowthKitJobServiceHandler] job GrowthKitJobScheduler.PeriodicSyncJob failed
06-14 21:44:07.154 E/JobScheduler.JobStatus(  498): App com.google.android.apps.docs became active but still in NEVER bucket
06-14 21:44:07.535 E/adbd    (  387): failed to connect to socket 'tcp:6790': Connection refused
06-14 21:44:07.662 E/chromium( 1148): [0614/214407.661979:ERROR:net/socket/ssl_client_socket_impl.cc:924] handshake failed; returned -1, SSL error code 1, net_error -202
06-14 21:44:09.344 E/OpenGLRenderer(  717): Unable to match the desired swap behavior.
06-14 21:44:10.257 E/android.hardware.power.stats@1.0-service-mock(  326): Failed to getEnergyData
06-14 21:44:12.994 E/OpenGLRenderer( 4731): Unable to match the desired swap behavior.
06-14 21:44:16.685 E/AppOps  (  498): Bad call made by uid 10120. Package "com.google.android.gms" does not belong to uid 10131.
06-14 21:44:16.795 E/GoogleApiManager( 4579): Failed to get service from broker. 
06-14 21:44:16.795 E/GoogleApiManager( 4579): java.lang.SecurityException: Unknown calling package name 'com.google.android.gms'.
06-14 21:44:16.795 E/GoogleApiManager( 4579): 	at android.os.Parcel.createExceptionOrNull(Parcel.java:3011)
06-14 21:44:16.795 E/GoogleApiManager( 4579): 	at android.os.Parcel.createException(Parcel.java:2995)
06-14 21:44:16.795 E/GoogleApiManager( 4579): 	at android.os.Parcel.readException(Parcel.java:2978)
06-14 21:44:16.795 E/GoogleApiManager( 4579): 	at android.os.Parcel.readException(Parcel.java:2920)
06-14 21:44:16.795 E/GoogleApiManager( 4579): 	at bitq.a(:com.google.android.gms@262031032@26.20.31 (190800-919905943):36)
06-14 21:44:16.795 E/GoogleApiManager( 4579): 	at birm.z(:com.google.android.gms@262031032@26.20.31 (190800-919905943):143)
06-14 21:44:16.795 E/GoogleApiManager( 4579): 	at bhxp.run(:com.google.android.gms@262031032@26.20.31 (190800-919905943):42)
06-14 21:44:16.795 E/GoogleApiManager( 4579): 	at android.os.Handler.handleCallback(Handler.java:942)
06-14 21:44:16.795 E/GoogleApiManager( 4579): 	at android.os.Handler.dispatchMessage(Handler.java:99)
06-14 21:44:16.795 E/GoogleApiManager( 4579): 	at cywu.mT(:com.google.android.gms@262031032@26.20.31 (190800-919905943):1)
06-14 21:44:16.795 E/GoogleApiManager( 4579): 	at cywu.dispatchMessage(:com.google.android.gms@262031032@26.20.31 (190800-919905943):5)
06-14 21:44:16.795 E/GoogleApiManager( 4579): 	at android.os.Looper.loopOnce(Looper.java:201)
06-14 21:44:16.795 E/GoogleApiManager( 4579): 	at android.os.Looper.loop(Looper.java:288)
06-14 21:44:16.795 E/GoogleApiManager( 4579): 	at android.os.HandlerThread.run(HandlerThread.java:67)
06-14 21:44:31.988 E/OpenGLRenderer( 1215): Unable to match the desired swap behavior.
06-14 21:44:44.750 E/PlayCommon( 2786): [86] Failed to connect to server for server timestamp: javax.net.ssl.SSLHandshakeException: java.security.cert.CertPathValidatorException: Trust anchor for certification path not found.
06-14 21:44:45.291 E/PlayCommon( 2786): [86] Failed to connect to server for log upload.
06-14 21:44:48.481 E/appium  ( 4658): Socket Server failed to open connection.
06-14 21:44:48.481 E/appium  ( 4658): java.net.SocketException: Socket closed
06-14 21:44:48.481 E/appium  ( 4658): 	at java.net.PlainSocketImpl.socketAccept(PlainSocketImpl.java:213)
06-14 21:44:48.481 E/appium  ( 4658): 	at java.net.AbstractPlainSocketImpl.accept(AbstractPlainSocketImpl.java:451)
06-14 21:44:48.481 E/appium  ( 4658): 	at java.net.ServerSocket.implAccept(ServerSocket.java:569)
06-14 21:44:48.481 E/appium  ( 4658): 	at java.net.ServerSocket.accept(ServerSocket.java:537)
06-14 21:44:48.481 E/appium  ( 4658): 	at io.appium.uiautomator2.server.mjpeg.MjpegScreenshotServer.run(MjpegScreenshotServer.java:66)
06-14 21:44:49.837 E/ClientCache(  366): failed to get buffer, invalid process token
06-14 21:44:49.954 E/BpTransactionCompletedListener(  366): Failed to transact (-32)
06-14 21:44:49.954 E/BpTransactionCompletedListener(  366): Failed to transact (-32)
06-14 21:44:50.115 E/OpenGLRenderer( 1655): Unable to match the desired swap behavior.
06-14 21:44:50.140 E/OpenGLRenderer( 1028): Unable to match the desired swap behavior.
06-14 21:44:50.196 E/OneSearchSuggestProvider( 1028): Failed to fetch suggestions from AppSearch, fallback to AGA
06-14 21:44:50.196 E/OneSearchSuggestProvider( 1028): java.util.concurrent.CompletionException: java.util.NoSuchElementException: No value present
06-14 21:44:50.196 E/OneSearchSuggestProvider( 1028): 	at java.util.concurrent.CompletableFuture.encodeThrowable(CompletableFuture.java:307)
06-14 21:44:50.196 E/OneSearchSuggestProvider( 1028): 	at java.util.concurrent.CompletableFuture.completeThrowable(CompletableFuture.java:322)
06-14 21:44:50.196 E/OneSearchSuggestProvider( 1028): 	at java.util.concurrent.CompletableFuture$UniAccept.tryFire(CompletableFuture.java:680)
06-14 21:44:50.196 E/OneSearchSuggestProvider( 1028): 	at java.util.concurrent.CompletableFuture.postComplete(CompletableFuture.java:482)
06-14 21:44:50.196 E/OneSearchSuggestProvider( 1028): 	at java.util.concurrent.CompletableFuture.completeExceptionally(CompletableFuture.java:2064)
06-14 21:44:50.196 E/OneSearchSuggestProvider( 1028): 	at com.google.android.apps.nexuslauncher.allapps.J.onResult(Unknown Source:59)
06-14 21:44:50.196 E/OneSearchSuggestProvider( 1028): 	at android.app.appsearch.SearchSessionUtil$1.lambda$onResult$0(SearchSessionUtil.java:128)
06-14 21:44:50.196 E/OneSearchSuggestProvider( 1028): 	at android.app.appsearch.SearchSessionUtil$1.$r8$lambda$_nlk9WiPjSfaAsqKYmp0aPvSRC0(Unknown Source:0)
06-14 21:44:50.196 E/OneSearchSuggestProvider( 1028): 	at android.app.appsearch.AppSearchSession$4$$ExternalSyntheticLambda1.run(Unknown Source:26)
06-14 21:44:50.196 E/OneSearchSuggestProvider( 1028): 	at android.os.Handler.handleCallback(Handler.java:942)
06-14 21:44:50.196 E/OneSearchSuggestProvider( 1028): 	at android.os.Handler.dispatchMessage(Handler.java:99)
06-14 21:44:50.196 E/OneSearchSuggestProvider( 1028): 	at android.os.Looper.loopOnce(Looper.java:201)
06-14 21:44:50.196 E/OneSearchSuggestProvider( 1028): 	at android.os.Looper.loop(Looper.java:288)
06-14 21:44:50.196 E/OneSearchSuggestProvider( 1028): 	at android.os.HandlerThread.run(HandlerThread.java:67)
06-14 21:44:50.196 E/OneSearchSuggestProvider( 1028): Caused by: java.util.NoSuchElementException: No value present
06-14 21:44:50.196 E/OneSearchSuggestProvider( 1028): 	at java.util.Optional.get(Optional.java:144)
06-14 21:44:50.196 E/OneSearchSuggestProvider( 1028): 	at com.google.android.apps.nexuslauncher.allapps.J.onResult(Unknown Source:16)
06-14 21:44:50.196 E/OneSearchSuggestProvider( 1028): 	... 8 more
06-14 21:44:50.510 E/AppOps  (  498): Bad call made by uid 10121. Package "com.google.android.gms" does not belong to uid 10121.
06-14 21:44:50.689 E/A       ( 1655): onError
06-14 21:44:50.689 E/A       ( 1655): com.google.android.apps.gsa.shared.speech.a.m: errorCode: 65561, engine: 2
06-14 21:44:50.689 E/A       ( 1655): 	at com.google.android.apps.gsa.staticplugins.dc.a.e.a(PG:3)
06-14 21:44:50.689 E/A       ( 1655): 	at com.google.android.apps.gsa.s3.n.hh(PG:1)
06-14 21:44:50.689 E/A       ( 1655): 	at com.google.cd.g.a.f.e(PG:2)
06-14 21:44:50.689 E/A       ( 1655): 	at com.google.android.apps.gsa.speech.k.a.g.d(PG:22)
06-14 21:44:50.689 E/A       ( 1655): 	at com.google.android.apps.gsa.speech.k.a.g.ks(PG:6)
06-14 21:44:50.689 E/A       ( 1655): 	at com.google.android.apps.gsa.s3.o.e(PG:14)
06-14 21:44:50.689 E/A       ( 1655): 	at com.google.android.apps.gsa.s3.p.run(PG:1)
06-14 21:44:50.689 E/A       ( 1655): 	at java.util.concurrent.Executors$RunnableAdapter.call(Executors.java:463)
06-14 21:44:50.689 E/A       ( 1655): 	at java.util.concurrent.FutureTask.run(FutureTask.java:264)
06-14 21:44:50.689 E/A       ( 1655): 	at com.google.android.apps.gsa.shared.util.c.a.e.run(PG:2)
06-14 21:44:50.689 E/A       ( 1655): 	at com.google.android.apps.gsa.shared.util.c.a.bi.run(PG:1)
06-14 21:44:50.689 E/A       ( 1655): 	at com.google.android.apps.gsa.shared.util.c.a.bi.run(PG:1)
06-14 21:44:50.689 E/A       ( 1655): 	at java.util.concurrent.ThreadPoolExecutor.runWorker(ThreadPoolExecutor.java:1137)
06-14 21:44:50.689 E/A       ( 1655): 	at java.util.concurrent.ThreadPoolExecutor$Worker.run(ThreadPoolExecutor.java:637)
06-14 21:44:50.689 E/A       ( 1655): 	at java.lang.Thread.run(Thread.java:1012)
06-14 21:44:50.689 E/A       ( 1655): 	at com.google.android.apps.gsa.shared.util.c.a.l.run(PG:5)
06-14 21:44:50.689 E/A       ( 1655): Caused by: com.google.android.apps.gsa.shared.speech.a.o: errorCode: 65586, engine: 2
06-14 21:44:50.689 E/A       ( 1655): 	... 15 more
06-14 21:44:50.689 E/A       ( 1655): Caused by: com.google.android.apps.gsa.shared.speech.a.k: errorCode: 401, engine: 2
06-14 21:44:50.689 E/A       ( 1655): 	at com.google.android.apps.gsa.assistant.shared.n.h.a(PG:5)
06-14 21:44:50.689 E/A       ( 1655): 	at com.google.android.apps.gsa.s3.producers.j.hE(PG:2)
06-14 21:44:50.689 E/A       ( 1655): 	at com.google.android.apps.gsa.speech.k.a.g.d(PG:16)
06-14 21:44:50.689 E/A       ( 1655): 	... 12 more
06-14 21:44:56.055 E/chromium( 3506): [0614/214456.054065:ERROR:net/socket/ssl_client_socket_impl.cc:924] handshake failed; returned -1, SSL error code 1, net_error -202
06-14 21:44:56.071 E/chromium( 3506): [0614/214456.071447:ERROR:net/socket/ssl_client_socket_impl.cc:924] handshake failed; returned -1, SSL error code 1, net_error -202
06-14 21:44:56.077 E/DGFRR   ( 3506): FR error [CONTEXT service_id=25 ]
06-14 21:44:56.077 E/DGFRR   ( 3506): java.io.IOException: Couldn't fetch response.
06-14 21:44:56.077 E/DGFRR   ( 3506): 	at bqfo.a(:com.google.android.gms@262031032@26.20.31 (190800-919905943):136)
06-14 21:44:56.077 E/DGFRR   ( 3506): 	at bqdu.b(:com.google.android.gms@262031032@26.20.31 (190800-919905943):45)
06-14 21:44:56.077 E/DGFRR   ( 3506): 	at bqdu.a(:com.google.android.gms@262031032@26.20.31 (190800-919905943):2)
06-14 21:44:56.077 E/DGFRR   ( 3506): 	at bqdg.a(:com.google.android.gms@262031032@26.20.31 (190800-919905943):106)
06-14 21:44:56.077 E/DGFRR   ( 3506): 	at bqdb.g(:com.google.android.gms@262031032@26.20.31 (190800-919905943):207)
06-14 21:44:56.077 E/DGFRR   ( 3506): 	at com.google.android.gms.droidguard.DroidGuardFastRefreshGmsTaskBoundService.a(:com.google.android.gms@262031032@26.20.31 (190800-919905943):50)
06-14 21:44:56.077 E/DGFRR   ( 3506): 	at cyys.call(:com.google.android.gms@262031032@26.20.31 (190800-919905943):36)
