06-14 21:42:46.780 E/Finsky  ( 2039): 	at nex.run(PG:6)
06-14 21:42:46.780 E/Finsky  ( 2039): Caused by: org.chromium.net.impl.NetworkExceptionImpl: Exception in CronetUrlRequest: net::ERR_CERT_AUTHORITY_INVALID, ErrorCode=11, InternalErrorCode=-202, Retryable=false
06-14 21:42:46.780 E/Finsky  ( 2039): 	at org.chromium.net.impl.CronetUrlRequest.onError(PG:66)
06-14 21:42:46.793 E/Finsky  ( 2039): [52] SCH: Job 37-5 threw exception
06-14 21:42:46.793 E/Finsky  ( 2039): com.google.android.finsky.unifiedsync.SyncExceptions$SyncCompositeException: CompositeException occurred containing 1 exception(s), unique errors: [Sync failed for account: null, payloads: [5], and cause: org.chromium.net.impl.NetworkExceptionImpl: Exception in CronetUrlRequest: net::ERR_CERT_AUTHORITY_INVALID, ErrorCode=11, InternalErrorCode=-202, Retryable=false]
06-14 21:42:46.793 E/Finsky  ( 2039): 	at bazq.a(PG:1514)
06-14 21:42:46.793 E/Finsky  ( 2039): 	at bnyf.d(PG:3)
06-14 21:42:46.793 E/Finsky  ( 2039): 	at bnyh.run(PG:47)
06-14 21:42:46.793 E/Finsky  ( 2039): 	at rh.execute(PG:8)
06-14 21:42:46.793 E/Finsky  ( 2039): 	at ccsq.aG(PG:1)
06-14 21:42:46.793 E/Finsky  ( 2039): 	at boan.execute(PG:5)
06-14 21:42:46.793 E/Finsky  ( 2039): 	at bnxv.f(PG:1)
06-14 21:42:46.793 E/Finsky  ( 2039): 	at bnxv.mD(PG:42)
06-14 21:42:46.793 E/Finsky  ( 2039): 	at boab.y(PG:12)
06-14 21:42:46.793 E/Finsky  ( 2039): 	at bavj.a(PG:793)
06-14 21:42:46.793 E/Finsky  ( 2039): 	at bnyf.d(PG:3)
06-14 21:42:46.793 E/Finsky  ( 2039): 	at bnyh.run(PG:47)
06-14 21:42:46.793 E/Finsky  ( 2039): 	at java.util.concurrent.ThreadPoolExecutor.runWorker(ThreadPoolExecutor.java:1137)
06-14 21:42:46.793 E/Finsky  ( 2039): 	at java.util.concurrent.ThreadPoolExecutor$Worker.run(ThreadPoolExecutor.java:637)
06-14 21:42:46.793 E/Finsky  ( 2039): 	at vyf.run(PG:665)
06-14 21:42:46.793 E/Finsky  ( 2039): 	at java.lang.Thread.run(Thread.java:1012)
06-14 21:42:46.793 E/Finsky  ( 2039): Caused by: com.google.android.finsky.unifiedsync.SyncExceptions$WrappedSyncException: Sync failed for account: null, payloads: [5], and cause: org.chromium.net.impl.NetworkExceptionImpl: Exception in CronetUrlRequest: net::ERR_CERT_AUTHORITY_INVALID, ErrorCode=11, InternalErrorCode=-202, Retryable=false
06-14 21:42:46.793 E/Finsky  ( 2039): 	at bazq.a(PG:1830)
06-14 21:42:46.793 E/Finsky  ( 2039): 	at bnxm.d(PG:3)
06-14 21:42:46.793 E/Finsky  ( 2039): 	at bnxo.run(PG:139)
06-14 21:42:46.793 E/Finsky  ( 2039): 	at rh.execute(PG:8)
06-14 21:42:46.793 E/Finsky  ( 2039): 	at ccsq.aG(PG:1)
06-14 21:42:46.793 E/Finsky  ( 2039): 	at boan.execute(PG:5)
06-14 21:42:46.793 E/Finsky  ( 2039): 	at bnxv.f(PG:1)
06-14 21:42:46.793 E/Finsky  ( 2039): 	at bnxv.k(PG:95)
06-14 21:42:46.793 E/Finsky  ( 2039): 	at bnxv.p(PG:16)
06-14 21:42:46.793 E/Finsky  ( 2039): 	at bnyh.run(PG:86)
06-14 21:42:46.793 E/Finsky  ( 2039): 	... 4 more
06-14 21:42:46.793 E/Finsky  ( 2039): Caused by: network time: 582, HTTP status code: na, exception com.android.volley.NoConnectionError: org.chromium.net.impl.NetworkExceptionImpl: Exception in CronetUrlRequest: net::ERR_CERT_AUTHORITY_INVALID, ErrorCode=11, InternalErrorCode=-202, Retryable=false
06-14 21:42:46.793 E/Finsky  ( 2039): 	at ayrh.jn(PG:9)
06-14 21:42:46.793 E/Finsky  ( 2039): 	at nez.j(PG:9)
06-14 21:42:46.793 E/Finsky  ( 2039): 	at okf.j(PG:22)
06-14 21:42:46.793 E/Finsky  ( 2039): 	at net.run(PG:31)
06-14 21:42:46.793 E/Finsky  ( 2039): 	at android.os.Handler.handleCallback(Handler.java:942)
06-14 21:42:46.793 E/Finsky  ( 2039): 	at android.os.Handler.dispatchMessage(Handler.java:99)
06-14 21:42:46.793 E/Finsky  ( 2039): 	at android.os.Looper.loopOnce(Looper.java:201)
06-14 21:42:46.793 E/Finsky  ( 2039): 	at android.os.Looper.loop(Looper.java:288)
06-14 21:42:46.793 E/Finsky  ( 2039): 	at android.app.ActivityThread.main(ActivityThread.java:7924)
06-14 21:42:46.793 E/Finsky  ( 2039): 	at java.lang.reflect.Method.invoke(Native Method)
06-14 21:42:46.793 E/Finsky  ( 2039): 	at com.android.internal.os.RuntimeInit$MethodAndArgsCaller.run(RuntimeInit.java:548)
06-14 21:42:46.793 E/Finsky  ( 2039): 	at com.android.internal.os.ZygoteInit.main(ZygoteInit.java:936)
06-14 21:42:46.793 E/Finsky  ( 2039): Caused by: com.android.volley.NoConnectionError: org.chromium.net.impl.NetworkExceptionImpl: Exception in CronetUrlRequest: net::ERR_CERT_AUTHORITY_INVALID, ErrorCode=11, InternalErrorCode=-202, Retryable=false
06-14 21:42:46.793 E/Finsky  ( 2039): 	at nfm.a(PG:543)
06-14 21:42:46.793 E/Finsky  ( 2039): 	at ajmw.a(PG:24)
06-14 21:42:46.793 E/Finsky  ( 2039): 	at nex.a(PG:37)
06-14 21:42:46.793 E/Finsky  ( 2039): 	at nex.run(PG:6)
06-14 21:42:46.793 E/Finsky  ( 2039): Caused by: org.chromium.net.impl.NetworkExceptionImpl: Exception in CronetUrlRequest: net::ERR_CERT_AUTHORITY_INVALID, ErrorCode=11, InternalErrorCode=-202, Retryable=false
06-14 21:42:46.793 E/Finsky  ( 2039): 	at org.chromium.net.impl.CronetUrlRequest.onError(PG:66)
06-14 21:42:47.160 E/JobScheduler.JobStatus(  498): App com.google.android.apps.photos became active but still in NEVER bucket
06-14 21:42:47.491 E/oid.apps.photos( 1553): No package ID 6a found for ID 0x6a0b0013.
06-14 21:42:47.548 E/AppOps  (  498): Bad call made by uid 10120. Package "com.google.android.gms" does not belong to uid 10117.
06-14 21:42:47.550 E/GoogleApiManager( 1948): Failed to get service from broker. 
06-14 21:42:47.550 E/GoogleApiManager( 1948): java.lang.SecurityException: Unknown calling package name 'com.google.android.gms'.
06-14 21:42:47.550 E/GoogleApiManager( 1948): 	at android.os.Parcel.createExceptionOrNull(Parcel.java:3011)
06-14 21:42:47.550 E/GoogleApiManager( 1948): 	at android.os.Parcel.createException(Parcel.java:2995)
06-14 21:42:47.550 E/GoogleApiManager( 1948): 	at android.os.Parcel.readException(Parcel.java:2978)
06-14 21:42:47.550 E/GoogleApiManager( 1948): 	at android.os.Parcel.readException(Parcel.java:2920)
06-14 21:42:47.550 E/GoogleApiManager( 1948): 	at bitq.a(:com.google.android.gms@262031032@26.20.31 (190800-919905943):36)
06-14 21:42:47.550 E/GoogleApiManager( 1948): 	at birm.z(:com.google.android.gms@262031032@26.20.31 (190800-919905943):143)
06-14 21:42:47.550 E/GoogleApiManager( 1948): 	at bhxp.run(:com.google.android.gms@262031032@26.20.31 (190800-919905943):42)
06-14 21:42:47.550 E/GoogleApiManager( 1948): 	at android.os.Handler.handleCallback(Handler.java:942)
06-14 21:42:47.550 E/GoogleApiManager( 1948): 	at android.os.Handler.dispatchMessage(Handler.java:99)
06-14 21:42:47.550 E/GoogleApiManager( 1948): 	at cywu.mT(:com.google.android.gms@262031032@26.20.31 (190800-919905943):1)
06-14 21:42:47.550 E/GoogleApiManager( 1948): 	at cywu.dispatchMessage(:com.google.android.gms@262031032@26.20.31 (190800-919905943):5)
06-14 21:42:47.550 E/GoogleApiManager( 1948): 	at android.os.Looper.loopOnce(Looper.java:201)
06-14 21:42:47.550 E/GoogleApiManager( 1948): 	at android.os.Looper.loop(Looper.java:288)
06-14 21:42:47.550 E/GoogleApiManager( 1948): 	at android.os.HandlerThread.run(HandlerThread.java:67)
06-14 21:42:47.607 E/AppOps  (  498): Bad call made by uid 10120. Package "com.google.android.gms" does not belong to uid 10117.
06-14 21:42:47.611 E/GoogleApiManager( 1948): Failed to get service from broker. 
06-14 21:42:47.611 E/GoogleApiManager( 1948): java.lang.SecurityException: Unknown calling package name 'com.google.android.gms'.
06-14 21:42:47.611 E/GoogleApiManager( 1948): 	at android.os.Parcel.createExceptionOrNull(Parcel.java:3011)
06-14 21:42:47.611 E/GoogleApiManager( 1948): 	at android.os.Parcel.createException(Parcel.java:2995)
06-14 21:42:47.611 E/GoogleApiManager( 1948): 	at android.os.Parcel.readException(Parcel.java:2978)
06-14 21:42:47.611 E/GoogleApiManager( 1948): 	at android.os.Parcel.readException(Parcel.java:2920)
06-14 21:42:47.611 E/GoogleApiManager( 1948): 	at bitq.a(:com.google.android.gms@262031032@26.20.31 (190800-919905943):36)
06-14 21:42:47.611 E/GoogleApiManager( 1948): 	at birm.z(:com.google.android.gms@262031032@26.20.31 (190800-919905943):143)
06-14 21:42:47.611 E/GoogleApiManager( 1948): 	at bhxp.run(:com.google.android.gms@262031032@26.20.31 (190800-919905943):42)
06-14 21:42:47.611 E/GoogleApiManager( 1948): 	at android.os.Handler.handleCallback(Handler.java:942)
06-14 21:42:47.611 E/GoogleApiManager( 1948): 	at android.os.Handler.dispatchMessage(Handler.java:99)
06-14 21:42:47.611 E/GoogleApiManager( 1948): 	at cywu.mT(:com.google.android.gms@262031032@26.20.31 (190800-919905943):1)
06-14 21:42:47.611 E/GoogleApiManager( 1948): 	at cywu.dispatchMessage(:com.google.android.gms@262031032@26.20.31 (190800-919905943):5)
06-14 21:42:47.611 E/GoogleApiManager( 1948): 	at android.os.Looper.loopOnce(Looper.java:201)
06-14 21:42:47.611 E/GoogleApiManager( 1948): 	at android.os.Looper.loop(Looper.java:288)
06-14 21:42:47.611 E/GoogleApiManager( 1948): 	at android.os.HandlerThread.run(HandlerThread.java:67)
06-14 21:42:47.618 E/AppOps  (  498): Bad call made by uid 10120. Package "com.google.android.gms" does not belong to uid 10117.
06-14 21:42:47.619 E/GoogleApiManager( 1948): Failed to get service from broker. 
06-14 21:42:47.619 E/GoogleApiManager( 1948): java.lang.SecurityException: Unknown calling package name 'com.google.android.gms'.
06-14 21:42:47.619 E/GoogleApiManager( 1948): 	at android.os.Parcel.createExceptionOrNull(Parcel.java:3011)
06-14 21:42:47.619 E/GoogleApiManager( 1948): 	at android.os.Parcel.createException(Parcel.java:2995)
06-14 21:42:47.619 E/GoogleApiManager( 1948): 	at android.os.Parcel.readException(Parcel.java:2978)
06-14 21:42:47.619 E/GoogleApiManager( 1948): 	at android.os.Parcel.readException(Parcel.java:2920)
06-14 21:42:47.619 E/GoogleApiManager( 1948): 	at bitq.a(:com.google.android.gms@262031032@26.20.31 (190800-919905943):36)
06-14 21:42:47.619 E/GoogleApiManager( 1948): 	at birm.z(:com.google.android.gms@262031032@26.20.31 (190800-919905943):143)
06-14 21:42:47.619 E/GoogleApiManager( 1948): 	at bhxp.run(:com.google.android.gms@262031032@26.20.31 (190800-919905943):42)
06-14 21:42:47.619 E/GoogleApiManager( 1948): 	at android.os.Handler.handleCallback(Handler.java:942)
06-14 21:42:47.619 E/GoogleApiManager( 1948): 	at android.os.Handler.dispatchMessage(Handler.java:99)
06-14 21:42:47.619 E/GoogleApiManager( 1948): 	at cywu.mT(:com.google.android.gms@262031032@26.20.31 (190800-919905943):1)
06-14 21:42:47.619 E/GoogleApiManager( 1948): 	at cywu.dispatchMessage(:com.google.android.gms@262031032@26.20.31 (190800-919905943):5)
06-14 21:42:47.619 E/GoogleApiManager( 1948): 	at android.os.Looper.loopOnce(Looper.java:201)
06-14 21:42:47.619 E/GoogleApiManager( 1948): 	at android.os.Looper.loop(Looper.java:288)
06-14 21:42:47.619 E/GoogleApiManager( 1948): 	at android.os.HandlerThread.run(HandlerThread.java:67)
06-14 21:42:48.094 E/id.apps.restore( 3661): Not starting debugger since process cannot load the jdwp agent.
06-14 21:42:48.108 E/DrmHalHidl( 3433): Failed to get vendor from drm plugin: -19
06-14 21:42:48.108 E/DrmHalHidl( 3433): Failed to get description from drm plugin: -19
06-14 21:42:48.318 E/chromium( 3506): [0614/214248.314111:ERROR:net/socket/ssl_client_socket_impl.cc:924] handshake failed; returned -1, SSL error code 1, net_error -202
06-14 21:42:48.406 E/chromium( 1948): [0614/214248.406735:ERROR:net/socket/ssl_client_socket_impl.cc:924] handshake failed; returned -1, SSL error code 1, net_error -202
06-14 21:42:48.411 E/GnpSdk  ( 1948): [GrowthKitJobServiceHandler] job GrowthKitJobScheduler.PeriodicSyncJob failed
06-14 21:42:48.427 E/chromium( 2039): [0614/214248.427293:ERROR:net/socket/ssl_client_socket_impl.cc:944] handshake failed; returned -1, SSL error code 1, net_error -202
06-14 21:42:48.427 E/chromium( 2039): [0614/214248.427857:ERROR:net/socket/ssl_client_socket_impl.cc:944] handshake failed; returned -1, SSL error code 1, net_error -202
06-14 21:42:48.452 E/Finsky  ( 2039): [56] VerifyApps: Multi verification error response
06-14 21:42:48.452 E/Finsky  ( 2039): com.android.volley.NoConnectionError: org.chromium.net.impl.NetworkExceptionImpl: Exception in CronetUrlRequest: net::ERR_CERT_AUTHORITY_INVALID, ErrorCode=11, InternalErrorCode=-202, Retryable=false
06-14 21:42:48.452 E/Finsky  ( 2039): 	at nfm.a(PG:543)
06-14 21:42:48.452 E/Finsky  ( 2039): 	at ajmw.a(PG:24)
06-14 21:42:48.452 E/Finsky  ( 2039): 	at nex.a(PG:37)
06-14 21:42:48.452 E/Finsky  ( 2039): 	at nex.run(PG:6)
06-14 21:42:48.452 E/Finsky  ( 2039): Caused by: org.chromium.net.impl.NetworkExceptionImpl: Exception in CronetUrlRequest: net::ERR_CERT_AUTHORITY_INVALID, ErrorCode=11, InternalErrorCode=-202, Retryable=false
06-14 21:42:48.452 E/Finsky  ( 2039): 	at org.chromium.net.impl.CronetUrlRequest.onError(PG:66)
06-14 21:42:48.792 E/JobScheduler.JobStatus(  498): App com.google.android.apps.photos became active but still in NEVER bucket
06-14 21:42:48.948 E/AbstractLogEventBuilder( 2039): The provided ProductIdOrigin 3 is not one of the process-level expected values: 1 or 2
06-14 21:42:48.957 E/AbstractLogEventBuilder( 2039): The provided ProductIdOrigin 3 is not one of the process-level expected values: 1 or 2
06-14 21:42:49.386 E/chromium( 2039): [0614/214249.386796:ERROR:net/socket/ssl_client_socket_impl.cc:944] handshake failed; returned -1, SSL error code 1, net_error -202
06-14 21:42:49.387 E/chromium( 2039): [0614/214249.387131:ERROR:net/socket/ssl_client_socket_impl.cc:944] handshake failed; returned -1, SSL error code 1, net_error -202
06-14 21:42:49.388 E/Finsky  ( 2039): [2] [PLUS] Request failed for account: [2fKVkThB4QBVOwc88U06EJ4S6Yyqenathz2XlaLEUMg]
06-14 21:42:49.388 E/Finsky  ( 2039): network time: 464, HTTP status code: na, exception com.android.volley.NoConnectionError: org.chromium.net.impl.NetworkExceptionImpl: Exception in CronetUrlRequest: net::ERR_CERT_AUTHORITY_INVALID, ErrorCode=11, InternalErrorCode=-202, Retryable=false
06-14 21:42:49.388 E/Finsky  ( 2039): 	at ayrh.jn(PG:9)
06-14 21:42:49.388 E/Finsky  ( 2039): 	at nez.j(PG:9)
06-14 21:42:49.388 E/Finsky  ( 2039): 	at okf.j(PG:22)
06-14 21:42:49.388 E/Finsky  ( 2039): 	at net.run(PG:31)
06-14 21:42:49.388 E/Finsky  ( 2039): 	at android.os.Handler.handleCallback(Handler.java:942)
06-14 21:42:49.388 E/Finsky  ( 2039): 	at android.os.Handler.dispatchMessage(Handler.java:99)
06-14 21:42:49.388 E/Finsky  ( 2039): 	at android.os.Looper.loopOnce(Looper.java:201)
06-14 21:42:49.388 E/Finsky  ( 2039): 	at android.os.Looper.loop(Looper.java:288)
06-14 21:42:49.388 E/Finsky  ( 2039): 	at android.app.ActivityThread.main(ActivityThread.java:7924)
06-14 21:42:49.388 E/Finsky  ( 2039): 	at java.lang.reflect.Method.invoke(Native Method)
06-14 21:42:49.388 E/Finsky  ( 2039): 	at com.android.internal.os.RuntimeInit$MethodAndArgsCaller.run(RuntimeInit.java:548)
06-14 21:42:49.388 E/Finsky  ( 2039): 	at com.android.internal.os.ZygoteInit.main(ZygoteInit.java:936)
06-14 21:42:49.388 E/Finsky  ( 2039): Caused by: com.android.volley.NoConnectionError: org.chromium.net.impl.NetworkExceptionImpl: Exception in CronetUrlRequest: net::ERR_CERT_AUTHORITY_INVALID, ErrorCode=11, InternalErrorCode=-202, Retryable=false
06-14 21:42:49.388 E/Finsky  ( 2039): 	at nfm.a(PG:543)
06-14 21:42:49.388 E/Finsky  ( 2039): 	at ajmw.a(PG:24)
06-14 21:42:49.388 E/Finsky  ( 2039): 	at nex.a(PG:37)
06-14 21:42:49.388 E/Finsky  ( 2039): 	at nex.run(PG:6)
06-14 21:42:49.388 E/Finsky  ( 2039): Caused by: org.chromium.net.impl.NetworkExceptionImpl: Exception in CronetUrlRequest: net::ERR_CERT_AUTHORITY_INVALID, ErrorCode=11, InternalErrorCode=-202, Retryable=false
06-14 21:42:49.388 E/Finsky  ( 2039): 	at org.chromium.net.impl.CronetUrlRequest.onError(PG:66)
06-14 21:42:49.390 E/Finsky  ( 2039): [55] [PLUS] Failed to trigger NOW urgency sync
06-14 21:42:49.390 E/Finsky  ( 2039): com.google.android.finsky.unifiedsync.SyncExceptions$SyncCompositeException: CompositeException occurred containing 1 exception(s), unique errors: [Sync failed for account: null, payloads: [5], and cause: org.chromium.net.impl.NetworkExceptionImpl: Exception in CronetUrlRequest: net::ERR_CERT_AUTHORITY_INVALID, ErrorCode=11, InternalErrorCode=-202, Retryable=false]
06-14 21:42:49.390 E/Finsky  ( 2039): 	at bazq.a(PG:1514)
06-14 21:42:49.390 E/Finsky  ( 2039): 	at bnyf.d(PG:3)
06-14 21:42:49.390 E/Finsky  ( 2039): 	at bnyh.run(PG:47)
06-14 21:42:49.390 E/Finsky  ( 2039): 	at rh.execute(PG:8)
06-14 21:42:49.390 E/Finsky  ( 2039): 	at ccsq.aG(PG:1)
06-14 21:42:49.390 E/Finsky  ( 2039): 	at boan.execute(PG:5)
06-14 21:42:49.390 E/Finsky  ( 2039): 	at bnxv.f(PG:1)
06-14 21:42:49.390 E/Finsky  ( 2039): 	at bnxv.mD(PG:42)
06-14 21:42:49.390 E/Finsky  ( 2039): 	at boab.y(PG:12)
06-14 21:42:49.390 E/Finsky  ( 2039): 	at bavj.a(PG:793)
06-14 21:42:49.390 E/Finsky  ( 2039): 	at bnyf.d(PG:3)
06-14 21:42:49.390 E/Finsky  ( 2039): 	at bnyh.run(PG:47)
06-14 21:42:49.390 E/Finsky  ( 2039): 	at java.util.concurrent.ThreadPoolExecutor.runWorker(ThreadPoolExecutor.java:1137)
06-14 21:42:49.390 E/Finsky  ( 2039): 	at java.util.concurrent.ThreadPoolExecutor$Worker.run(ThreadPoolExecutor.java:637)
06-14 21:42:49.390 E/Finsky  ( 2039): 	at vyf.run(PG:665)
06-14 21:42:49.390 E/Finsky  ( 2039): 	at java.lang.Thread.run(Thread.java:1012)
06-14 21:42:49.390 E/Finsky  ( 2039): Caused by: com.google.android.finsky.unifiedsync.SyncExceptions$WrappedSyncException: Sync failed for account: null, payloads: [5], and cause: org.chromium.net.impl.NetworkExceptionImpl: Exception in CronetUrlRequest: net::ERR_CERT_AUTHORITY_INVALID, ErrorCode=11, InternalErrorCode=-202, Retryable=false
06-14 21:42:49.390 E/Finsky  ( 2039): 	at bazq.a(PG:1830)
06-14 21:42:49.390 E/Finsky  ( 2039): 	at bnxm.d(PG:3)
06-14 21:42:49.390 E/Finsky  ( 2039): 	at bnxo.run(PG:139)
06-14 21:42:49.390 E/Finsky  ( 2039): 	at rh.execute(PG:8)
06-14 21:42:49.390 E/Finsky  ( 2039): 	at ccsq.aG(PG:1)
06-14 21:42:49.390 E/Finsky  ( 2039): 	at boan.execute(PG:5)
06-14 21:42:49.390 E/Finsky  ( 2039): 	at bnxv.f(PG:1)
06-14 21:42:49.390 E/Finsky  ( 2039): 	at bnxv.k(PG:95)
06-14 21:42:49.390 E/Finsky  ( 2039): 	at bnxv.p(PG:16)
06-14 21:42:49.390 E/Finsky  ( 2039): 	at bnyh.run(PG:86)
06-14 21:42:49.390 E/Finsky  ( 2039): 	... 4 more
06-14 21:42:49.390 E/Finsky  ( 2039): Caused by: network time: 464, HTTP status code: na, exception com.android.volley.NoConnectionError: org.chromium.net.impl.NetworkExceptionImpl: Exception in CronetUrlRequest: net::ERR_CERT_AUTHORITY_INVALID, ErrorCode=11, InternalErrorCode=-202, Retryable=false
06-14 21:42:49.390 E/Finsky  ( 2039): 	at ayrh.jn(PG:9)
06-14 21:42:49.390 E/Finsky  ( 2039): 	at nez.j(PG:9)
06-14 21:42:49.390 E/Finsky  ( 2039): 	at okf.j(PG:22)
06-14 21:42:49.390 E/Finsky  ( 2039): 	at net.run(PG:31)
06-14 21:42:49.390 E/Finsky  ( 2039): 	at android.os.Handler.handleCallback(Handler.java:942)
06-14 21:42:49.390 E/Finsky  ( 2039): 	at android.os.Handler.dispatchMessage(Handler.java:99)
06-14 21:42:49.390 E/Finsky  ( 2039): 	at android.os.Looper.loopOnce(Looper.java:201)
06-14 21:42:49.390 E/Finsky  ( 2039): 	at android.os.Looper.loop(Looper.java:288)
06-14 21:42:49.390 E/Finsky  ( 2039): 	at android.app.ActivityThread.main(ActivityThread.java:7924)
06-14 21:42:49.390 E/Finsky  ( 2039): 	at java.lang.reflect.Method.invoke(Native Method)
06-14 21:42:49.390 E/Finsky  ( 2039): 	at com.android.internal.os.RuntimeInit$MethodAndArgsCaller.run(RuntimeInit.java:548)
06-14 21:42:49.390 E/Finsky  ( 2039): 	at com.android.internal.os.ZygoteInit.main(ZygoteInit.java:936)
06-14 21:42:49.390 E/Finsky  ( 2039): Caused by: com.android.volley.NoConnectionError: org.chromium.net.impl.NetworkExceptionImpl: Exception in CronetUrlRequest: net::ERR_CERT_AUTHORITY_INVALID, ErrorCode=11, InternalErrorCode=-202, Retryable=false
06-14 21:42:49.390 E/Finsky  ( 2039): 	at nfm.a(PG:543)
06-14 21:42:49.390 E/Finsky  ( 2039): 	at ajmw.a(PG:24)
06-14 21:42:49.390 E/Finsky  ( 2039): 	at nex.a(PG:37)
06-14 21:42:49.390 E/Finsky  ( 2039): 	at nex.run(PG:6)
06-14 21:42:49.390 E/Finsky  ( 2039): Caused by: org.chromium.net.impl.NetworkExceptionImpl: Exception in CronetUrlRequest: net::ERR_CERT_AUTHORITY_INVALID, ErrorCode=11, InternalErrorCode=-202, Retryable=false
06-14 21:42:49.390 E/Finsky  ( 2039): 	at org.chromium.net.impl.CronetUrlRequest.onError(PG:66)
06-14 21:42:49.393 E/Finsky  ( 2039): [52] [PLUS] Sync failed
06-14 21:42:49.393 E/Finsky  ( 2039): com.google.android.finsky.unifiedsync.SyncExceptions$SyncCompositeException: CompositeException occurred containing 1 exception(s), unique errors: [Sync failed for account: null, payloads: [5], and cause: org.chromium.net.impl.NetworkExceptionImpl: Exception in CronetUrlRequest: net::ERR_CERT_AUTHORITY_INVALID, ErrorCode=11, InternalErrorCode=-202, Retryable=false]
06-14 21:42:49.393 E/Finsky  ( 2039): 	at bazq.a(PG:1514)
06-14 21:42:49.393 E/Finsky  ( 2039): 	at bnyf.d(PG:3)
06-14 21:42:49.393 E/Finsky  ( 2039): 	at bnyh.run(PG:47)
06-14 21:42:49.393 E/Finsky  ( 2039): 	at rh.execute(PG:8)
06-14 21:42:49.393 E/Finsky  ( 2039): 	at ccsq.aG(PG:1)
06-14 21:42:49.393 E/Finsky  ( 2039): 	at boan.execute(PG:5)
06-14 21:42:49.393 E/Finsky  ( 2039): 	at bnxv.f(PG:1)
06-14 21:42:49.393 E/Finsky  ( 2039): 	at bnxv.mD(PG:42)
06-14 21:42:49.393 E/Finsky  ( 2039): 	at boab.y(PG:12)
06-14 21:42:49.393 E/Finsky  ( 2039): 	at bavj.a(PG:793)
06-14 21:42:49.393 E/Finsky  ( 2039): 	at bnyf.d(PG:3)
06-14 21:42:49.393 E/Finsky  ( 2039): 	at bnyh.run(PG:47)
06-14 21:42:49.393 E/Finsky  ( 2039): 	at java.util.concurrent.ThreadPoolExecutor.runWorker(ThreadPoolExecutor.java:1137)
06-14 21:42:49.393 E/Finsky  ( 2039): 	at java.util.concurrent.ThreadPoolExecutor$Worker.run(ThreadPoolExecutor.java:637)
06-14 21:42:49.393 E/Finsky  ( 2039): 	at vyf.run(PG:665)
06-14 21:42:49.393 E/Finsky  ( 2039): 	at java.lang.Thread.run(Thread.java:1012)
06-14 21:42:49.393 E/Finsky  ( 2039): Caused by: com.google.android.finsky.unifiedsync.SyncExceptions$WrappedSyncException: Sync failed for account: null, payloads: [5], and cause: org.chromium.net.impl.NetworkExceptionImpl: Exception in CronetUrlRequest: net::ERR_CERT_AUTHORITY_INVALID, ErrorCode=11, InternalErrorCode=-202, Retryable=false
06-14 21:42:49.393 E/Finsky  ( 2039): 	at bazq.a(PG:1830)
06-14 21:42:49.393 E/Finsky  ( 2039): 	at bnxm.d(PG:3)
06-14 21:42:49.393 E/Finsky  ( 2039): 	at bnxo.run(PG:139)
06-14 21:42:49.393 E/Finsky  ( 2039): 	at rh.execute(PG:8)
06-14 21:42:49.393 E/Finsky  ( 2039): 	at ccsq.aG(PG:1)
06-14 21:42:49.393 E/Finsky  ( 2039): 	at boan.execute(PG:5)
06-14 21:42:49.393 E/Finsky  ( 2039): 	at bnxv.f(PG:1)
06-14 21:42:49.393 E/Finsky  ( 2039): 	at bnxv.k(PG:95)
06-14 21:42:49.393 E/Finsky  ( 2039): 	at bnxv.p(PG:16)
06-14 21:42:49.393 E/Finsky  ( 2039): 	at bnyh.run(PG:86)
06-14 21:42:49.393 E/Finsky  ( 2039): 	... 4 more
06-14 21:42:49.393 E/Finsky  ( 2039): Caused by: network time: 464, HTTP status code: na, exception com.android.volley.NoConnectionError: org.chromium.net.impl.NetworkExceptionImpl: Exception in CronetUrlRequest: net::ERR_CERT_AUTHORITY_INVALID, ErrorCode=11, InternalErrorCode=-202, Retryable=false
06-14 21:42:49.393 E/Finsky  ( 2039): 	at ayrh.jn(PG:9)
06-14 21:42:49.393 E/Finsky  ( 2039): 	at nez.j(PG:9)
06-14 21:42:49.393 E/Finsky  ( 2039): 	at okf.j(PG:22)
06-14 21:42:49.393 E/Finsky  ( 2039): 	at net.run(PG:31)
06-14 21:42:49.393 E/Finsky  ( 2039): 	at android.os.Handler.handleCallback(Handler.java:942)
06-14 21:42:49.393 E/Finsky  ( 2039): 	at android.os.Handler.dispatchMessage(Handler.java:99)
06-14 21:42:49.393 E/Finsky  ( 2039): 	at android.os.Looper.loopOnce(Looper.java:201)
06-14 21:42:49.393 E/Finsky  ( 2039): 	at android.os.Looper.loop(Looper.java:288)
06-14 21:42:49.393 E/Finsky  ( 2039): 	at android.app.ActivityThread.main(ActivityThread.java:7924)
06-14 21:42:49.393 E/Finsky  ( 2039): 	at java.lang.reflect.Method.invoke(Native Method)
06-14 21:42:49.393 E/Finsky  ( 2039): 	at com.android.internal.os.RuntimeInit$MethodAndArgsCaller.run(RuntimeInit.java:548)
06-14 21:42:49.393 E/Finsky  ( 2039): 	at com.android.internal.os.ZygoteInit.main(ZygoteInit.java:936)
06-14 21:42:49.393 E/Finsky  ( 2039): Caused by: com.android.volley.NoConnectionError: org.chromium.net.impl.NetworkExceptionImpl: Exception in CronetUrlRequest: net::ERR_CERT_AUTHORITY_INVALID, ErrorCode=11, InternalErrorCode=-202, Retryable=false
06-14 21:42:49.393 E/Finsky  ( 2039): 	at nfm.a(PG:543)
06-14 21:42:49.393 E/Finsky  ( 2039): 	at ajmw.a(PG:24)
06-14 21:42:49.393 E/Finsky  ( 2039): 	at nex.a(PG:37)
06-14 21:42:49.393 E/Finsky  ( 2039): 	at nex.run(PG:6)
06-14 21:42:49.393 E/Finsky  ( 2039): Caused by: org.chromium.net.impl.NetworkExceptionImpl: Exception in CronetUrlRequest: net::ERR_CERT_AUTHORITY_INVALID, ErrorCode=11, InternalErrorCode=-202, Retryable=false
06-14 21:42:49.393 E/Finsky  ( 2039): 	at org.chromium.net.impl.CronetUrlRequest.onError(PG:66)
06-14 21:42:49.449 E/Finsky  ( 2039): [41] Failed to refresh DIT.
06-14 21:42:49.449 E/Finsky  ( 2039): io.grpc.StatusRuntimeException: UNKNOWN
06-14 21:42:49.449 E/Finsky  ( 2039): 	at ccbo.eq(PG:41)
06-14 21:42:49.449 E/Finsky  ( 2039): 	at cbpp.n(PG:1)
06-14 21:42:49.449 E/Finsky  ( 2039): 	at cbpm.a(PG:28)
06-14 21:42:49.449 E/Finsky  ( 2039): 	at cbqd.run(PG:7)
06-14 21:42:49.449 E/Finsky  ( 2039): 	at cbwa.run(PG:12)
06-14 21:42:49.449 E/Finsky  ( 2039): 	at java.util.concurrent.ThreadPoolExecutor.runWorker(ThreadPoolExecutor.java:1137)
06-14 21:42:49.449 E/Finsky  ( 2039): 	at java.util.concurrent.ThreadPoolExecutor$Worker.run(ThreadPoolExecutor.java:637)
06-14 21:42:49.449 E/Finsky  ( 2039): 	at vyf.run(PG:619)
06-14 21:42:49.449 E/Finsky  ( 2039): 	at java.lang.Thread.run(Thread.java:1012)
06-14 21:42:49.449 E/Finsky  ( 2039): Caused by: com.google.android.finsky.unifiedsync.SyncExceptions$SyncCompositeException: CompositeException occurred containing 1 exception(s), unique errors: [Sync failed for account: null, payloads: [5], and cause: org.chromium.net.impl.NetworkExceptionImpl: Exception in CronetUrlRequest: net::ERR_CERT_AUTHORITY_INVALID, ErrorCode=11, InternalErrorCode=-202, Retryable=false]
06-14 21:42:49.449 E/Finsky  ( 2039): 	at bazq.a(PG:1514)
06-14 21:42:49.449 E/Finsky  ( 2039): 	at bnyf.d(PG:3)
06-14 21:42:49.449 E/Finsky  ( 2039): 	at bnyh.run(PG:47)
06-14 21:42:49.449 E/Finsky  ( 2039): 	at rh.execute(PG:8)
06-14 21:42:49.449 E/Finsky  ( 2039): 	at ccsq.aG(PG:1)
06-14 21:42:49.449 E/Finsky  ( 2039): 	at boan.execute(PG:5)
06-14 21:42:49.449 E/Finsky  ( 2039): 	at bnxv.f(PG:1)
06-14 21:42:49.449 E/Finsky  ( 2039): 	at bnxv.mD(PG:42)
06-14 21:42:49.449 E/Finsky  ( 2039): 	at boab.y(PG:12)
06-14 21:42:49.449 E/Finsky  ( 2039): 	at bavj.a(PG:793)
06-14 21:42:49.449 E/Finsky  ( 2039): 	at bnyf.d(PG:3)
06-14 21:42:49.449 E/Finsky  ( 2039): 	at bnyh.run(PG:47)
06-14 21:42:49.449 E/Finsky  ( 2039): 	at java.util.concurrent.ThreadPoolExecutor.runWorker(ThreadPoolExecutor.java:1137)
06-14 21:42:49.449 E/Finsky  ( 2039): 	at java.util.concurrent.ThreadPoolExecutor$Worker.run(ThreadPoolExecutor.java:637)
06-14 21:42:49.449 E/Finsky  ( 2039): 	at vyf.run(PG:665)
06-14 21:42:49.449 E/Finsky  ( 2039): 	... 1 more
06-14 21:42:49.449 E/Finsky  ( 2039): Caused by: com.google.android.finsky.unifiedsync.SyncExceptions$WrappedSyncException: Sync failed for account: null, payloads: [5], and cause: org.chromium.net.impl.NetworkExceptionImpl: Exception in CronetUrlRequest: net::ERR_CERT_AUTHORITY_INVALID, ErrorCode=11, InternalErrorCode=-202, Retryable=false
06-14 21:42:49.449 E/Finsky  ( 2039): 	at bazq.a(PG:1830)
06-14 21:42:49.449 E/Finsky  ( 2039): 	at bnxm.d(PG:3)
06-14 21:42:49.449 E/Finsky  ( 2039): 	at bnxo.run(PG:139)
06-14 21:42:49.449 E/Finsky  ( 2039): 	at rh.execute(PG:8)
06-14 21:42:49.449 E/Finsky  ( 2039): 	at ccsq.aG(PG:1)
06-14 21:42:49.449 E/Finsky  ( 2039): 	at boan.execute(PG:5)
06-14 21:42:49.449 E/Finsky  ( 2039): 	at bnxv.f(PG:1)
06-14 21:42:49.449 E/Finsky  ( 2039): 	at bnxv.k(PG:95)
06-14 21:42:49.449 E/Finsky  ( 2039): 	at bnxv.p(PG:16)
06-14 21:42:49.449 E/Finsky  ( 2039): 	at bnyh.run(PG:86)
06-14 21:42:49.449 E/Finsky  ( 2039): 	... 4 more
06-14 21:42:49.449 E/Finsky  ( 2039): Caused by: network time: 464, HTTP status code: na, exception com.android.volley.NoConnectionError: org.chromium.net.impl.NetworkExceptionImpl: Exception in CronetUrlRequest: net::ERR_CERT_AUTHORITY_INVALID, ErrorCode=11, InternalErrorCode=-202, Retryable=false
06-14 21:42:49.449 E/Finsky  ( 2039): 	at ayrh.jn(PG:9)
06-14 21:42:49.449 E/Finsky  ( 2039): 	at nez.j(PG:9)
06-14 21:42:49.449 E/Finsky  ( 2039): 	at okf.j(PG:22)
06-14 21:42:49.449 E/Finsky  ( 2039): 	at net.run(PG:31)
06-14 21:42:49.449 E/Finsky  ( 2039): 	at android.os.Handler.handleCallback(Handler.java:942)
06-14 21:42:49.449 E/Finsky  ( 2039): 	at android.os.Handler.dispatchMessage(Handler.java:99)
06-14 21:42:49.449 E/Finsky  ( 2039): 	at android.os.Looper.loopOnce(Looper.java:201)
06-14 21:42:49.449 E/Finsky  ( 2039): 	at android.os.Looper.loop(Looper.java:288)
06-14 21:42:49.449 E/Finsky  ( 2039): 	at android.app.ActivityThread.main(ActivityThread.java:7924)
06-14 21:42:49.449 E/Finsky  ( 2039): 	at java.lang.reflect.Method.invoke(Native Method)
06-14 21:42:49.449 E/Finsky  ( 2039): 	at com.android.internal.os.RuntimeInit$MethodAndArgsCaller.run(RuntimeInit.java:548)
06-14 21:42:49.449 E/Finsky  ( 2039): 	at com.android.internal.os.ZygoteInit.main(ZygoteInit.java:936)
06-14 21:42:49.449 E/Finsky  ( 2039): Caused by: com.android.volley.NoConnectionError: org.chromium.net.impl.NetworkExceptionImpl: Exception in CronetUrlRequest: net::ERR_CERT_AUTHORITY_INVALID, ErrorCode=11, InternalErrorCode=-202, Retryable=false
06-14 21:42:49.449 E/Finsky  ( 2039): 	at nfm.a(PG:543)
06-14 21:42:49.449 E/Finsky  ( 2039): 	at ajmw.a(PG:24)
06-14 21:42:49.449 E/Finsky  ( 2039): 	at nex.a(PG:37)
06-14 21:42:49.449 E/Finsky  ( 2039): 	at nex.run(PG:6)
06-14 21:42:49.449 E/Finsky  ( 2039): Caused by: org.chromium.net.impl.NetworkExceptionImpl: Exception in CronetUrlRequest: net::ERR_CERT_AUTHORITY_INVALID, ErrorCode=11, InternalErrorCode=-202, Retryable=false
06-14 21:42:49.449 E/Finsky  ( 2039): 	at org.chromium.net.impl.CronetUrlRequest.onError(PG:66)
06-14 21:42:49.745 E/ndroid.calendar( 3709): Not starting debugger since process cannot load the jdwp agent.
06-14 21:42:50.283 E/d.configupdater( 3776): Not starting debugger since process cannot load the jdwp agent.
06-14 21:42:50.384 E/ConfigUpdater( 3776): ignoring update request
06-14 21:42:50.386 E/ConfigUpdater( 3776): ignoring update request
06-14 21:42:50.389 E/ConfigUpdater( 3776): ignoring update request
06-14 21:42:50.392 E/ConfigUpdater( 3776): ignoring update request
06-14 21:42:50.393 E/ConfigUpdater( 3776): ignoring update request
06-14 21:42:50.395 E/ConfigUpdater( 3776): ignoring update request
06-14 21:42:50.396 E/ConfigUpdater( 3776): ignoring update request
06-14 21:42:50.399 E/ConfigUpdater( 3776): ignoring update request
06-14 21:42:50.401 E/ConfigUpdater( 3776): ignoring update request
06-14 21:42:50.404 E/ConfigUpdater( 3776): ignoring update request
06-14 21:42:50.406 E/ConfigUpdater( 3776): ignoring update request
06-14 21:42:50.408 E/ConfigUpdater( 3776): ignoring update request
06-14 21:42:50.875 E/CastAuth( 1148): [CastAuthModuleInitIntent] Feature is not available, reason = CastAuth feature is disabled on this 1p device.. [CONTEXT service_id=360 ]
06-14 21:42:51.608 E/WorkSourceUtil( 1148): Could not find package: com.google.android.gms.westworld
06-14 21:42:52.714 E/hjpv    ( 1148): RuntimeException while executing runnable hjqk{aozb@ae029f5} with executor MoreExecutors.directExecutor()
06-14 21:42:52.714 E/hjpv    ( 1148): java.lang.NullPointerException: Attempt to get length of null array
06-14 21:42:52.714 E/hjpv    ( 1148): 	at android.util.Base64.encode(Base64.java:496)
06-14 21:42:52.714 E/hjpv    ( 1148): 	at android.util.Base64.encodeToString(Base64.java:458)
06-14 21:42:52.714 E/hjpv    ( 1148): 	at com.google.android.gms.auth.proximity.RemoteDevice.a(:com.google.android.gms@262031032@26.20.31 (190800-919905943):3)
06-14 21:42:52.714 E/hjpv    ( 1148): 	at aozb.b(:com.google.android.gms@262031032@26.20.31 (190800-919905943):3)
06-14 21:42:52.714 E/hjpv    ( 1148): 	at hjqk.run(:com.google.android.gms@262031032@26.20.31 (190800-919905943):38)
06-14 21:42:52.714 E/hjpv    ( 1148): 	at hjpr.execute(:com.google.android.gms@262031032@26.20.31 (190800-919905943):1)
06-14 21:42:52.714 E/hjpv    ( 1148): 	at hjpv.c(:com.google.android.gms@262031032@26.20.31 (190800-919905943):1)
06-14 21:42:52.714 E/hjpv    ( 1148): 	at hjpv.b(:com.google.android.gms@262031032@26.20.31 (190800-919905943):34)
06-14 21:42:52.714 E/hjpv    ( 1148): 	at bjny.done(:com.google.android.gms@262031032@26.20.31 (190800-919905943):6)
06-14 21:42:52.714 E/hjpv    ( 1148): 	at java.util.concurrent.FutureTask.finishCompletion(FutureTask.java:381)
06-14 21:42:52.714 E/hjpv    ( 1148): 	at java.util.concurrent.FutureTask.set(FutureTask.java:232)
06-14 21:42:52.714 E/hjpv    ( 1148): 	at java.util.concurrent.FutureTask.run(FutureTask.java:272)
06-14 21:42:52.714 E/hjpv    ( 1148): 	at bjnt.c(:com.google.android.gms@262031032@26.20.31 (190800-919905943):50)
06-14 21:42:52.714 E/hjpv    ( 1148): 	at bjnt.run(:com.google.android.gms@262031032@26.20.31 (190800-919905943):66)
06-14 21:42:52.714 E/hjpv    ( 1148): 	at java.util.concurrent.ThreadPoolExecutor.runWorker(ThreadPoolExecutor.java:1137)
06-14 21:42:52.714 E/hjpv    ( 1148): 	at java.util.concurrent.ThreadPoolExecutor$Worker.run(ThreadPoolExecutor.java:637)
06-14 21:42:52.714 E/hjpv    ( 1148): 	at bjtk.run(:com.google.android.gms@262031032@26.20.31 (190800-919905943):8)
06-14 21:42:52.714 E/hjpv    ( 1148): 	at java.lang.Thread.run(Thread.java:1012)
06-14 21:42:52.937 E/AppOps  (  498): Bad call made by uid 10136. Package "com.google.android.gms" does not belong to uid 10136.
06-14 21:42:53.525 E/RecoverySnapshotStorage(  498): Error reading snapshot for 10120 from disk
06-14 21:42:53.525 E/RecoverySnapshotStorage(  498): java.io.FileNotFoundException: /data/system/recoverablekeystore/snapshots/10120.xml: open failed: ENOENT (No such file or directory)
06-14 21:42:53.525 E/RecoverySnapshotStorage(  498): 	at libcore.io.IoBridge.open(IoBridge.java:574)
06-14 21:42:53.525 E/RecoverySnapshotStorage(  498): 	at java.io.FileInputStream.<init>(FileInputStream.java:160)
06-14 21:42:53.525 E/RecoverySnapshotStorage(  498): 	at com.android.server.locksettings.recoverablekeystore.storage.RecoverySnapshotStorage.readFromDisk(RecoverySnapshotStorage.java:152)
06-14 21:42:53.525 E/RecoverySnapshotStorage(  498): 	at com.android.server.locksettings.recoverablekeystore.storage.RecoverySnapshotStorage.get(RecoverySnapshotStorage.java:104)
06-14 21:42:53.525 E/RecoverySnapshotStorage(  498): 	at com.android.server.locksettings.recoverablekeystore.RecoverableKeyStoreManager.getKeyChainSnapshot(RecoverableKeyStoreManager.java:342)
06-14 21:42:53.525 E/RecoverySnapshotStorage(  498): 	at com.android.server.locksettings.LockSettingsService.getKeyChainSnapshot(LockSettingsService.java:2589)
06-14 21:42:53.525 E/RecoverySnapshotStorage(  498): 	at com.android.internal.widget.ILockSettings$Stub.onTransact(ILockSettings.java:786)
06-14 21:42:53.525 E/RecoverySnapshotStorage(  498): 	at android.os.Binder.execTransactInternal(Binder.java:1280)
06-14 21:42:53.525 E/RecoverySnapshotStorage(  498): 	at android.os.Binder.execTransact(Binder.java:1244)
06-14 21:42:53.525 E/RecoverySnapshotStorage(  498): Caused by: android.system.ErrnoException: open failed: ENOENT (No such file or directory)
06-14 21:42:53.525 E/RecoverySnapshotStorage(  498): 	at libcore.io.Linux.open(Native Method)
06-14 21:42:53.525 E/RecoverySnapshotStorage(  498): 	at libcore.io.ForwardingOs.open(ForwardingOs.java:563)
06-14 21:42:53.525 E/RecoverySnapshotStorage(  498): 	at libcore.io.BlockGuardOs.open(BlockGuardOs.java:274)
06-14 21:42:53.525 E/RecoverySnapshotStorage(  498): 	at libcore.io.IoBridge.open(IoBridge.java:560)
06-14 21:42:53.525 E/RecoverySnapshotStorage(  498): 	... 8 more
06-14 21:42:53.561 E/keystore2(  168): keystore2::error: In import_key.
06-14 21:42:53.561 E/keystore2(  168): 
06-14 21:42:53.561 E/keystore2(  168): Caused by:
06-14 21:42:53.561 E/keystore2(  168):     0: In store_new_key.
06-14 21:42:53.561 E/keystore2(  168):     1: In store_new_key. Failed to handle super encryption.
06-14 21:42:53.561 E/keystore2(  168):     2: In handle_super_encryption_on_key_init: User ECDH key missing.
06-14 21:42:53.561 E/keystore2(  168):     3: Error::Rc(ResponseCode(4))
06-14 21:42:53.601 E/BistoWorker( 1655): Couldn't get logged in Google account.
06-14 21:42:53.618 E/JavaBinder( 1272): !!! FAILED BINDER TRANSACTION !!!  (parcel size = 1056768)
06-14 21:42:53.763 E/Dck     ( 1272): Could not get ProviderInfo when resolving the content provider authority. [CONTEXT service_id=289 ]
06-14 21:42:54.295 E/WifiVendorHal(  498): lambda$getUsableChannels$24(l.0) failed {.code = ERROR_NOT_SUPPORTED, .description = }
06-14 21:42:54.569 E/A       ( 1655): onError
06-14 21:42:54.569 E/A       ( 1655): com.google.android.apps.gsa.shared.speech.a.m: errorCode: 65561, engine: 2
06-14 21:42:54.569 E/A       ( 1655): 	at com.google.android.apps.gsa.staticplugins.dc.a.e.a(PG:3)
06-14 21:42:54.569 E/A       ( 1655): 	at com.google.android.apps.gsa.s3.n.hh(PG:1)
06-14 21:42:54.569 E/A       ( 1655): 	at com.google.cd.g.a.f.e(PG:2)
06-14 21:42:54.569 E/A       ( 1655): 	at com.google.android.apps.gsa.speech.k.a.g.d(PG:22)
06-14 21:42:54.569 E/A       ( 1655): 	at com.google.android.apps.gsa.speech.k.a.g.ks(PG:6)
06-14 21:42:54.569 E/A       ( 1655): 	at com.google.android.apps.gsa.s3.o.e(PG:14)
06-14 21:42:54.569 E/A       ( 1655): 	at com.google.android.apps.gsa.s3.p.run(PG:1)
06-14 21:42:54.569 E/A       ( 1655): 	at java.util.concurrent.Executors$RunnableAdapter.call(Executors.java:463)
06-14 21:42:54.569 E/A       ( 1655): 	at java.util.concurrent.FutureTask.run(FutureTask.java:264)
06-14 21:42:54.569 E/A       ( 1655): 	at com.google.android.apps.gsa.shared.util.c.a.e.run(PG:2)
06-14 21:42:54.569 E/A       ( 1655): 	at com.google.android.apps.gsa.shared.util.c.a.bi.run(PG:1)
06-14 21:42:54.569 E/A       ( 1655): 	at com.google.android.apps.gsa.shared.util.c.a.bi.run(PG:1)
06-14 21:42:54.569 E/A       ( 1655): 	at java.util.concurrent.ThreadPoolExecutor.runWorker(ThreadPoolExecutor.java:1137)
06-14 21:42:54.569 E/A       ( 1655): 	at java.util.concurrent.ThreadPoolExecutor$Worker.run(ThreadPoolExecutor.java:637)
06-14 21:42:54.569 E/A       ( 1655): 	at java.lang.Thread.run(Thread.java:1012)
06-14 21:42:54.569 E/A       ( 1655): 	at com.google.android.apps.gsa.shared.util.c.a.l.run(PG:5)
06-14 21:42:54.569 E/A       ( 1655): Caused by: com.google.android.apps.gsa.shared.speech.a.o: errorCode: 65586, engine: 2
06-14 21:42:54.569 E/A       ( 1655): 	... 15 more
06-14 21:42:54.569 E/A       ( 1655): Caused by: com.google.android.apps.gsa.shared.speech.a.k: errorCode: 401, engine: 2
06-14 21:42:54.569 E/A       ( 1655): 	at com.google.android.apps.gsa.assistant.shared.n.h.a(PG:5)
06-14 21:42:54.569 E/A       ( 1655): 	at com.google.android.apps.gsa.s3.producers.j.hE(PG:2)
06-14 21:42:54.569 E/A       ( 1655): 	at com.google.android.apps.gsa.speech.k.a.g.d(PG:16)
06-14 21:42:54.569 E/A       ( 1655): 	... 12 more
06-14 21:42:54.651 E/timeinitializer( 3943): Not starting debugger since process cannot load the jdwp agent.
06-14 21:42:54.924 E/ackageinstaller( 3968): Not starting debugger since process cannot load the jdwp agent.
06-14 21:42:55.316 E/id.partnersetup( 3996): Not starting debugger since process cannot load the jdwp agent.
06-14 21:42:56.821 E/GooglePartnerSetup( 3996): Phenotype client.register: true
06-14 21:42:57.518 E/gearhead:shared( 4076): Not starting debugger since process cannot load the jdwp agent.
06-14 21:42:57.519 E/BugleNetwork( 1948): Failed to ensure Tachyon phone registration.
06-14 21:42:57.519 E/BugleNetwork( 1948): java.lang.IllegalArgumentException: normalizedPhoneNumber is empty
06-14 21:42:57.519 E/BugleNetwork( 1948): 	at amba.<init>(PG:2)
06-14 21:42:57.519 E/BugleNetwork( 1948): 	at amay.b(PG:1)
06-14 21:42:57.519 E/BugleNetwork( 1948): 	at alci.apply(PG:8)
06-14 21:42:57.519 E/BugleNetwork( 1948): 	at byyp.apply(PG:3)
06-14 21:42:57.519 E/BugleNetwork( 1948): 	at cdxj.d(PG:2)
06-14 21:42:57.519 E/BugleNetwork( 1948): 	at cdxk.run(PG:9)
06-14 21:42:57.519 E/BugleNetwork( 1948): 	at cdzf.execute(PG:1)
06-14 21:42:57.519 E/BugleNetwork( 1948): 	at cdxe.o(PG:1)
06-14 21:42:57.519 E/BugleNetwork( 1948): 	at cdxe.j(PG:13)
06-14 21:42:57.519 E/BugleNetwork( 1948): 	at cdxe.set(PG:2)
06-14 21:42:57.519 E/BugleNetwork( 1948): 	at ceby.e(PG:1)
06-14 21:42:57.519 E/BugleNetwork( 1948): 	at ceav.run(PG:8)
06-14 21:42:57.519 E/BugleNetwork( 1948): 	at cebz.run(PG:1)
06-14 21:42:57.519 E/BugleNetwork( 1948): 	at java.util.concurrent.ThreadPoolExecutor.runWorker(ThreadPoolExecutor.java:1137)
06-14 21:42:57.519 E/BugleNetwork( 1948): 	at java.util.concurrent.ThreadPoolExecutor$Worker.run(ThreadPoolExecutor.java:637)
06-14 21:42:57.519 E/BugleNetwork( 1948): 	at bjzg.run(PG:2)
06-14 21:42:57.519 E/BugleNetwork( 1948): 	at java.lang.Thread.run(Thread.java:1012)
06-14 21:42:57.519 E/BugleNetwork( 1948): 	at bkam.run(PG:5)
06-14 21:42:57.606 E/AppOps  (  498): Bad call made by uid 10120. Package "com.google.android.gms" does not belong to uid 10117.
06-14 21:42:57.618 E/GoogleApiManager( 1948): Failed to get service from broker. 
06-14 21:42:57.618 E/GoogleApiManager( 1948): java.lang.SecurityException: Unknown calling package name 'com.google.android.gms'.
06-14 21:42:57.618 E/GoogleApiManager( 1948): 	at android.os.Parcel.createExceptionOrNull(Parcel.java:3011)
06-14 21:42:57.618 E/GoogleApiManager( 1948): 	at android.os.Parcel.createException(Parcel.java:2995)
06-14 21:42:57.618 E/GoogleApiManager( 1948): 	at android.os.Parcel.readException(Parcel.java:2978)
06-14 21:42:57.618 E/GoogleApiManager( 1948): 	at android.os.Parcel.readException(Parcel.java:2920)
06-14 21:42:57.618 E/GoogleApiManager( 1948): 	at bitq.a(:com.google.android.gms@262031032@26.20.31 (190800-919905943):36)
06-14 21:42:57.618 E/GoogleApiManager( 1948): 	at birm.z(:com.google.android.gms@262031032@26.20.31 (190800-919905943):143)
06-14 21:42:57.618 E/GoogleApiManager( 1948): 	at bhxp.run(:com.google.android.gms@262031032@26.20.31 (190800-919905943):42)
06-14 21:42:57.618 E/GoogleApiManager( 1948): 	at android.os.Handler.handleCallback(Handler.java:942)
06-14 21:42:57.618 E/GoogleApiManager( 1948): 	at android.os.Handler.dispatchMessage(Handler.java:99)
06-14 21:42:57.618 E/GoogleApiManager( 1948): 	at cywu.mT(:com.google.android.gms@262031032@26.20.31 (190800-919905943):1)
06-14 21:42:57.618 E/GoogleApiManager( 1948): 	at cywu.dispatchMessage(:com.google.android.gms@262031032@26.20.31 (190800-919905943):5)
06-14 21:42:57.618 E/GoogleApiManager( 1948): 	at android.os.Looper.loopOnce(Looper.java:201)
06-14 21:42:57.618 E/GoogleApiManager( 1948): 	at android.os.Looper.loop(Looper.java:288)
06-14 21:42:57.618 E/GoogleApiManager( 1948): 	at android.os.HandlerThread.run(HandlerThread.java:67)
06-14 21:42:58.045 E/chromium( 3506): [0614/214258.045178:ERROR:net/socket/ssl_client_socket_impl.cc:924] handshake failed; returned -1, SSL error code 1, net_error -202
06-14 21:42:58.053 E/DGFRR   ( 3506): FR error [CONTEXT service_id=25 ]
06-14 21:42:58.053 E/DGFRR   ( 3506): java.io.IOException: Couldn't fetch response.
06-14 21:42:58.053 E/DGFRR   ( 3506): 	at bqfo.a(:com.google.android.gms@262031032@26.20.31 (190800-919905943):136)
06-14 21:42:58.053 E/DGFRR   ( 3506): 	at bqdu.b(:com.google.android.gms@262031032@26.20.31 (190800-919905943):45)
06-14 21:42:58.053 E/DGFRR   ( 3506): 	at bqdu.a(:com.google.android.gms@262031032@26.20.31 (190800-919905943):2)
06-14 21:42:58.053 E/DGFRR   ( 3506): 	at bqdg.a(:com.google.android.gms@262031032@26.20.31 (190800-919905943):106)
06-14 21:42:58.053 E/DGFRR   ( 3506): 	at bqdb.g(:com.google.android.gms@262031032@26.20.31 (190800-919905943):207)
06-14 21:42:58.053 E/DGFRR   ( 3506): 	at com.google.android.gms.droidguard.DroidGuardFastRefreshGmsTaskBoundService.a(:com.google.android.gms@262031032@26.20.31 (190800-919905943):50)
06-14 21:42:58.053 E/DGFRR   ( 3506): 	at cyys.call(:com.google.android.gms@262031032@26.20.31 (190800-919905943):36)
06-14 21:42:58.053 E/DGFRR   ( 3506): 	at java.util.concurrent.FutureTask.run(FutureTask.java:264)
06-14 21:42:58.053 E/DGFRR   ( 3506): 	at bjnt.c(:com.google.android.gms@262031032@26.20.31 (190800-919905943):50)
06-14 21:42:58.053 E/DGFRR   ( 3506): 	at bjnt.run(:com.google.android.gms@262031032@26.20.31 (190800-919905943):66)
06-14 21:42:58.053 E/DGFRR   ( 3506): 	at java.util.concurrent.ThreadPoolExecutor.runWorker(ThreadPoolExecutor.java:1137)
06-14 21:42:58.053 E/DGFRR   ( 3506): 	at java.util.concurrent.ThreadPoolExecutor$Worker.run(ThreadPoolExecutor.java:637)
06-14 21:42:58.053 E/DGFRR   ( 3506): 	at bjtk.run(:com.google.android.gms@262031032@26.20.31 (190800-919905943):8)
06-14 21:42:58.053 E/DGFRR   ( 3506): 	at java.lang.Thread.run(Thread.java:1012)
06-14 21:42:58.053 E/DGFRR   ( 3506): Caused by: java.util.concurrent.ExecutionException: cyqh: Failed to process request
06-14 21:42:58.053 E/DGFRR   ( 3506): 	at lfi.n(:com.google.android.gms@262031032@26.20.31 (190800-919905943):21)
06-14 21:42:58.053 E/DGFRR   ( 3506): 	at lfi.get(:com.google.android.gms@262031032@26.20.31 (190800-919905943):99)
06-14 21:42:58.053 E/DGFRR   ( 3506): 	at lfn.get(:com.google.android.gms@262031032@26.20.31 (190800-919905943):8)
06-14 21:42:58.053 E/DGFRR   ( 3506): 	at bqfo.a(:com.google.android.gms@262031032@26.20.31 (190800-919905943):119)
06-14 21:42:58.053 E/DGFRR   ( 3506): 	... 13 more
06-14 21:42:58.053 E/DGFRR   ( 3506): Caused by: cyqh: Failed to process request
06-14 21:42:58.053 E/DGFRR   ( 3506): 	at cyqo.a(:com.google.android.gms@262031032@26.20.31 (190800-919905943):23)
06-14 21:42:58.053 E/DGFRR   ( 3506): 	at cyul.b(:com.google.android.gms@262031032@26.20.31 (190800-919905943):15)
06-14 21:42:58.053 E/DGFRR   ( 3506): 	at cyvc.onFailed(:com.google.android.gms@262031032@26.20.31 (190800-919905943):15)
06-14 21:42:58.053 E/DGFRR   ( 3506): 	at m1.no.onFailed(:com.google.android.gms.dynamite_cronetdynamite@262031032@26.20.31 (190800-0):3)
06-14 21:42:58.053 E/DGFRR   ( 3506): 	at m1.mk.run(:com.google.android.gms.dynamite_cronetdynamite@262031032@26.20.31 (190800-0):16)
06-14 21:42:58.053 E/DGFRR   ( 3506): 	... 6 more
06-14 21:42:58.053 E/DGFRR   ( 3506): Caused by: m1.mx: Exception in CronetUrlRequest: net::ERR_CERT_AUTHORITY_INVALID, ErrorCode=11, InternalErrorCode=-202, Retryable=false
06-14 21:42:58.053 E/DGFRR   ( 3506): 	at org.chromium.net.impl.CronetUrlRequest.onError(:com.google.android.gms.dynamite_cronetdynamite@262031032@26.20.31 (190800-0):3)
06-14 21:42:58.097 E/oid.setupwizard( 4108): Not starting debugger since process cannot load the jdwp agent.
06-14 21:42:58.559 E/chromium( 3506): [0614/214258.559139:ERROR:net/socket/ssl_client_socket_impl.cc:924] handshake failed; returned -1, SSL error code 1, net_error -202
06-14 21:42:58.981 E/FingerprintHal(  453): Could not load fingerprints from storage at /data/vendor_de/0/fpdata/emufp.bin; it has not yet been created.
06-14 21:42:58.982 E/FingerprintHal(  453): Could not load authenticator id from storage at /data/vendor_de/0/fpdata/emuauthid.bin; it has not yet been created.
06-14 21:42:59.331 E/gle.android.tts( 4163): Not starting debugger since process cannot load the jdwp agent.
06-14 21:42:59.436 E/gfaf    ( 1148): GddFileGroupPopulator: GDD Sync failed for corpus: GDD_ANDROID_AUTOFILL_FIELD_PREDICTIONS, configuration: GddAndroidAutofillFieldPredictions
06-14 21:42:59.436 E/gfaf    ( 1148): gdyk: refresh failed [GDD_FAIL_IN_SYNC_RUNNER_PUBLIC]
06-14 21:42:59.436 E/gfaf    ( 1148): 	at gdyi.a(:com.google.android.gms@262031032@26.20.31 (190800-919905943):30)
06-14 21:42:59.436 E/gfaf    ( 1148): 	at gfgb.a(:com.google.android.gms@262031032@26.20.31 (190800-919905943):29)
06-14 21:42:59.436 E/gfaf    ( 1148): 	at haqd.a(:com.google.android.gms@262031032@26.20.31 (190800-919905943):17)
06-14 21:42:59.436 E/gfaf    ( 1148): 	at hjnh.d(:com.google.android.gms@262031032@26.20.31 (190800-919905943):3)
06-14 21:42:59.436 E/gfaf    ( 1148): 	at hjnj.run(:com.google.android.gms@262031032@26.20.31 (190800-919905943):139)
06-14 21:42:59.436 E/gfaf    ( 1148): 	at bjnt.c(:com.google.android.gms@262031032@26.20.31 (190800-919905943):50)
06-14 21:42:59.436 E/gfaf    ( 1148): 	at bjnt.run(:com.google.android.gms@262031032@26.20.31 (190800-919905943):85)
06-14 21:42:59.436 E/gfaf    ( 1148): 	at java.util.concurrent.ThreadPoolExecutor.runWorker(ThreadPoolExecutor.java:1137)
06-14 21:42:59.436 E/gfaf    ( 1148): 	at java.util.concurrent.ThreadPoolExecutor$Worker.run(ThreadPoolExecutor.java:637)
06-14 21:42:59.436 E/gfaf    ( 1148): 	at bjtk.run(:com.google.android.gms@262031032@26.20.31 (190800-919905943):8)
06-14 21:42:59.436 E/gfaf    ( 1148): 	at java.lang.Thread.run(Thread.java:1012)
06-14 21:42:59.436 E/gfaf    ( 1148): Caused by: gcpf: Geller batch sync rpc call failed: UNAVAILABLE
06-14 21:42:59.436 E/gfaf    ( 1148): 	at gcpe.a(:com.google.android.gms@262031032@26.20.31 (190800-919905943):29)
06-14 21:42:59.436 E/gfaf    ( 1148): 	at gcos.apply(:com.google.android.gms@262031032@26.20.31 (190800-919905943):66)
06-14 21:42:59.436 E/gfaf    ( 1148): 	at haqf.apply(:com.google.android.gms@262031032@26.20.31 (190800-919905943):17)
06-14 21:42:59.436 E/gfaf    ( 1148): 	at hjni.d(:com.google.android.gms@262031032@26.20.31 (190800-919905943):3)
06-14 21:42:59.436 E/gfaf    ( 1148): 	at hjnj.run(:com.google.android.gms@262031032@26.20.31 (190800-919905943):139)
06-14 21:42:59.436 E/gfaf    ( 1148): 	at bjnt.c(:com.google.android.gms@262031032@26.20.31 (190800-919905943):50)
06-14 21:42:59.436 E/gfaf    ( 1148): 	at bjnt.run(:com.google.android.gms@262031032@26.20.31 (190800-919905943):66)
